main.c:162:5:main	24	static
main.c:303:6:SystemClock_Config	88	static
main.c:349:13:MX_TIM1_Init	96	static
main.c:436:13:MX_TIM2_Init	56	static
main.c:485:13:MX_TIM3_Init	32	static
main.c:530:13:MX_TIM5_Init	56	static
main.c:579:13:MX_TIM7_Init	16	static
main.c:617:13:MX_TIM8_Init	96	static
main.c:692:13:MX_TIM12_Init	40	static
main.c:743:13:MX_USART3_UART_Init	8	static
main.c:774:13:MX_DMA_Init	16	static
main.c:792:13:MX_GPIO_Init	48	static
main.c:846:13:MAIN_DIFFDRIVE_Init	48	static
main.c:915:13:MAIN_ULTRASONIC_Init	8	static
main.c:931:13:MAIN_MAF_Init	64	static
main.c:954:13:MAIN_SERVO_Init	8	static
main.c:977:6:StartControlDiffDrive	416	static
main.c:1253:6:StartDistanceSensor	216	static
main.c:1458:6:StartInfraredSensor	24	static
main.c:1493:6:SerialCommnuication	304	static
main.c:1543:6:HAL_TIM_PeriodElapsedCallback	16	static
main.c:1560:6:Error_Handler	4	static,ignoring_inline_asm
