main.c:145:5:main	16	static
main.c:281:6:SystemClock_Config	88	static
main.c:327:13:MX_TIM1_Init	80	static
main.c:404:13:MX_TIM2_Init	56	static
main.c:453:13:MX_TIM3_Init	32	static
main.c:498:13:MX_TIM5_Init	56	static
main.c:547:13:MX_USART3_UART_Init	8	static
main.c:578:13:MX_DMA_Init	16	static
main.c:596:13:MX_GPIO_Init	48	static
main.c:658:13:MAIN_DATASTREAM_Init	32	static
main.c:673:13:MAIN_DIFFDRIVE_Init	48	static
main.c:738:13:MAIN_MAF_Init	56	static
main.c:796:6:MoveDifferentialDrive	56	static
main.c:930:6:TxStream	432	static
main.c:1088:6:RxStream	480	dynamic,ignoring_inline_asm
main.c:1332:6:HAL_TIM_PeriodElapsedCallback	16	static
main.c:1349:6:Error_Handler	4	static,ignoring_inline_asm
