main.c:148:5:main	16	static
main.c:284:6:SystemClock_Config	88	static
main.c:330:13:MX_TIM1_Init	80	static
main.c:407:13:MX_TIM2_Init	56	static
main.c:456:13:MX_TIM3_Init	32	static
main.c:501:13:MX_TIM5_Init	56	static
main.c:550:13:MX_USART3_UART_Init	8	static
main.c:581:13:MX_DMA_Init	16	static
main.c:599:13:MX_GPIO_Init	48	static
main.c:661:13:MAIN_DATASTREAM_Init	32	static
main.c:676:13:MAIN_DIFFDRIVE_Init	48	static
main.c:741:13:MAIN_MAF_Init	56	static
main.c:802:6:MoveDifferentialDrive	56	static
main.c:936:6:TxStream	432	static
main.c:1094:6:RxStream	480	dynamic,ignoring_inline_asm
main.c:1338:6:HAL_TIM_PeriodElapsedCallback	16	static
main.c:1355:6:Error_Handler	4	static,ignoring_inline_asm
