main.c:160:5:main	8	static
main.c:300:6:SystemClock_Config	88	static
main.c:346:13:MX_TIM1_Init	96	static
main.c:433:13:MX_TIM2_Init	56	static
main.c:482:13:MX_TIM3_Init	32	static
main.c:527:13:MX_TIM5_Init	56	static
main.c:576:13:MX_TIM7_Init	16	static
main.c:614:13:MX_TIM8_Init	96	static
main.c:689:13:MX_TIM12_Init	40	static
main.c:740:13:MX_USART3_UART_Init	8	static
main.c:773:13:MX_GPIO_Init	48	static
main.c:827:13:MAIN_DIFFDRIVE_Init	48	static
main.c:896:13:MAIN_ULTRASONIC_Init	8	static
main.c:912:13:MAIN_MAF_Init	64	static
main.c:935:13:MAIN_SERVO_Init	8	static
main.c:958:6:StartControlDiffDrive	416	static
main.c:1234:6:StartDistanceSensor	216	static
main.c:1439:6:StartInfraredSensor	24	static
main.c:1474:6:SerialCommunication	24	static
main.c:1523:6:HAL_TIM_PeriodElapsedCallback	16	static
main.c:1540:6:Error_Handler	4	static,ignoring_inline_asm
