differential_drive.c:25:6:DIFFDRIVE_Init	56	static
differential_drive.c:132:6:DIFFDRIVE_DeInit	24	static
differential_drive.c:156:6:DIFFDRIVE_MOTOR_Stop	16	static
differential_drive.c:164:6:DIFFDRIVE_MOTOR_SetPWMs	40	static
differential_drive.c:221:25:DIFFDRIVE_ENCODER_CaptureMeasure	32	static
differential_drive.c:250:6:DIFFDRIVE_ENCODER_Reset	16	static
differential_drive.c:263:6:DIFFDRIVE_HISTORY_Start	4	static
differential_drive.c:272:6:DIFFDRIVE_HISTORY_Stop	4	static
differential_drive.c:281:6:DIFFDRIVE_HISTORY_Update	112	static
differential_drive.c:355:6:DIFFDRIVE_HISTORY_Get_Init	16	static
differential_drive.c:368:6:DIFFDRIVE_HISTORY_Get_Sample	32	static
differential_drive.c:383:6:DIFFDRIVE_CONTROL_Start	8	static
differential_drive.c:397:6:DIFFDRIVE_CONTROL_Stop	8	static
differential_drive.c:408:6:DIFFDRIVE_CONTROL_Reset	16	static
differential_drive.c:425:6:DIFFDRIVE_TIMING_Start	8	static
differential_drive.c:433:6:DIFFDRIVE_TIMING_Stop	8	static
differential_drive.c:441:6:DIFFDRIVE_TIMING_Wait	4	static,ignoring_inline_asm
differential_drive.c:453:6:DIFFDRIVE_STATE_Update	56	static
differential_drive.c:476:6:DIFFDRIVE_DeltaTrajectory2WheelAngle	32	static
differential_drive.c:490:6:DIFFDRIVE_DeltaWheel2DeltaTrajectory	32	static
differential_drive.c:506:6:DIFFDRIVE_CONTROL_WheelStep	56	static
differential_drive.c:554:6:DIFFDRIVE_TrackingStart	8	static
differential_drive.c:565:6:DIFFDRIVE_TrackingStop	8	static
differential_drive.c:573:6:DIFFDRIVE_TrackingStep	32	static
differential_drive.c:595:6:DIFFDRIVE_TrackingArray	32	static
differential_drive.c:604:6:DIFFDRIVE_InputArray	32	static
differential_drive.c:641:6:DIFFDRIVE_TIMING_Callback	16	static
