main.c:163:5:main	8	static
main.c:273:6:SystemClock_Config	88	static
main.c:319:13:MX_TIM1_Init	96	static
main.c:406:13:MX_TIM2_Init	56	static
main.c:455:13:MX_TIM3_Init	32	static
main.c:500:13:MX_TIM5_Init	56	static
main.c:549:13:MX_TIM8_Init	96	static
main.c:624:13:MX_TIM12_Init	40	static
main.c:675:13:MX_USART3_UART_Init	8	static
main.c:708:13:MX_GPIO_Init	48	static
main.c:762:13:MAIN_DATASTREAM_Init	32	static
main.c:775:13:MAIN_DIFFDRIVE_Init	48	static
main.c:839:13:MAIN_ULTRASONIC_Init	8	static
main.c:855:13:MAIN_MAF_Init	64	static
main.c:878:13:MAIN_SERVO_Init	8	static
main.c:897:6:MoveDiffDrive	40	static
main.c:1010:6:TrajectoryGenerator	224	static
main.c:1230:6:InfraredSensor	24	static
main.c:1258:6:TxStream	432	static
main.c:1385:6:HAL_TIM_PeriodElapsedCallback	16	static
main.c:1402:6:Error_Handler	4	static,ignoring_inline_asm
