main.c:161:5:main	8	static
main.c:271:6:SystemClock_Config	88	static
main.c:317:13:MX_TIM1_Init	96	static
main.c:404:13:MX_TIM2_Init	56	static
main.c:453:13:MX_TIM3_Init	32	static
main.c:498:13:MX_TIM5_Init	56	static
main.c:547:13:MX_TIM8_Init	96	static
main.c:622:13:MX_TIM12_Init	40	static
main.c:673:13:MX_USART3_UART_Init	8	static
main.c:706:13:MX_GPIO_Init	48	static
main.c:760:13:MAIN_DATASTREAM_Init	32	static
main.c:773:13:MAIN_DIFFDRIVE_Init	48	static
main.c:837:13:MAIN_ULTRASONIC_Init	8	static
main.c:853:13:MAIN_MAF_Init	64	static
main.c:876:13:MAIN_SERVO_Init	8	static
main.c:895:6:MoveDiffDrive	40	static
main.c:1008:6:TrajectoryGenerator	224	static
main.c:1228:6:InfraredSensor	24	static
main.c:1257:6:TxStream	432	static
main.c:1384:6:HAL_TIM_PeriodElapsedCallback	16	static
main.c:1401:6:Error_Handler	4	static,ignoring_inline_asm
