main.c:134:6:delay_us	16	static
main.c:140:7:HCSR04_read	16	static
main.c:182:5:main	8	static
main.c:276:6:SystemClock_Config	88	static
main.c:322:13:MX_TIM1_Init	56	static
main.c:372:13:MX_TIM2_Init	64	static
main.c:443:13:MX_TIM3_Init	32	static
main.c:488:13:MX_TIM4_Init	32	static
main.c:533:13:MX_TIM5_Init	32	static
main.c:578:13:MX_TIM8_Init	56	static
main.c:628:13:MX_TIM12_Init	24	static
main.c:666:13:MX_USART2_UART_Init	8	static
main.c:699:13:MX_GPIO_Init	48	static
main.c:735:13:MAIN_DIFFDRIVE_Init	48	static
main.c:786:13:MAIN_MAF_Init	56	static
main.c:811:6:StartControlDiffDrive	160	static
main.c:931:6:StartDistanceSensor	40	static
main.c:1006:6:HAL_TIM_PeriodElapsedCallback	16	static
main.c:1023:6:Error_Handler	4	static,ignoring_inline_asm
