main.c:144:5:main	16	static
main.c:280:6:SystemClock_Config	88	static
main.c:326:13:MX_TIM1_Init	80	static
main.c:403:13:MX_TIM2_Init	56	static
main.c:452:13:MX_TIM3_Init	32	static
main.c:497:13:MX_TIM5_Init	56	static
main.c:546:13:MX_USART3_UART_Init	8	static
main.c:577:13:MX_DMA_Init	16	static
main.c:595:13:MX_GPIO_Init	48	static
main.c:657:13:MAIN_DATASTREAM_Init	32	static
main.c:672:13:MAIN_DIFFDRIVE_Init	48	static
main.c:745:13:MAIN_MAF_Init	56	static
main.c:802:6:MoveDifferentialDrive	56	static
main.c:936:6:TxStream	368	static
main.c:1072:6:RxStream	568	dynamic,ignoring_inline_asm
main.c:1342:6:HAL_TIM_PeriodElapsedCallback	16	static
main.c:1359:6:Error_Handler	4	static,ignoring_inline_asm
