Archive member included to satisfy reference by file (symbol)

/opt/st/stm32cubeide_1.6.0/plugins/com.st.stm32cube.ide.mcu.externaltools.gnu-tools-for-stm32.9-2020-q2-update.linux64_1.5.0.202011040924/tools/bin/../lib/gcc/arm-none-eabi/9.3.1/../../../../arm-none-eabi/lib/thumb/v7e-m+fp/hard/libc_nano.a(lib_a-calloc.o)
                              Core/Src/my_lib/differential_drive.o (calloc)
/opt/st/stm32cubeide_1.6.0/plugins/com.st.stm32cube.ide.mcu.externaltools.gnu-tools-for-stm32.9-2020-q2-update.linux64_1.5.0.202011040924/tools/bin/../lib/gcc/arm-none-eabi/9.3.1/../../../../arm-none-eabi/lib/thumb/v7e-m+fp/hard/libc_nano.a(lib_a-errno.o)
                              Core/Src/sysmem.o (__errno)
/opt/st/stm32cubeide_1.6.0/plugins/com.st.stm32cube.ide.mcu.externaltools.gnu-tools-for-stm32.9-2020-q2-update.linux64_1.5.0.202011040924/tools/bin/../lib/gcc/arm-none-eabi/9.3.1/../../../../arm-none-eabi/lib/thumb/v7e-m+fp/hard/libc_nano.a(lib_a-exit.o)
                              /opt/st/stm32cubeide_1.6.0/plugins/com.st.stm32cube.ide.mcu.externaltools.gnu-tools-for-stm32.9-2020-q2-update.linux64_1.5.0.202011040924/tools/bin/../lib/gcc/arm-none-eabi/9.3.1/../../../../arm-none-eabi/lib/thumb/v7e-m+fp/hard/crt0.o (exit)
/opt/st/stm32cubeide_1.6.0/plugins/com.st.stm32cube.ide.mcu.externaltools.gnu-tools-for-stm32.9-2020-q2-update.linux64_1.5.0.202011040924/tools/bin/../lib/gcc/arm-none-eabi/9.3.1/../../../../arm-none-eabi/lib/thumb/v7e-m+fp/hard/libc_nano.a(lib_a-impure.o)
                              /opt/st/stm32cubeide_1.6.0/plugins/com.st.stm32cube.ide.mcu.externaltools.gnu-tools-for-stm32.9-2020-q2-update.linux64_1.5.0.202011040924/tools/bin/../lib/gcc/arm-none-eabi/9.3.1/../../../../arm-none-eabi/lib/thumb/v7e-m+fp/hard/libc_nano.a(lib_a-exit.o) (_global_impure_ptr)
/opt/st/stm32cubeide_1.6.0/plugins/com.st.stm32cube.ide.mcu.externaltools.gnu-tools-for-stm32.9-2020-q2-update.linux64_1.5.0.202011040924/tools/bin/../lib/gcc/arm-none-eabi/9.3.1/../../../../arm-none-eabi/lib/thumb/v7e-m+fp/hard/libc_nano.a(lib_a-init.o)
                              /opt/st/stm32cubeide_1.6.0/plugins/com.st.stm32cube.ide.mcu.externaltools.gnu-tools-for-stm32.9-2020-q2-update.linux64_1.5.0.202011040924/tools/bin/../lib/gcc/arm-none-eabi/9.3.1/../../../../arm-none-eabi/lib/thumb/v7e-m+fp/hard/crt0.o (__libc_init_array)
/opt/st/stm32cubeide_1.6.0/plugins/com.st.stm32cube.ide.mcu.externaltools.gnu-tools-for-stm32.9-2020-q2-update.linux64_1.5.0.202011040924/tools/bin/../lib/gcc/arm-none-eabi/9.3.1/../../../../arm-none-eabi/lib/thumb/v7e-m+fp/hard/libc_nano.a(lib_a-malloc.o)
                              Core/Src/my_lib/differential_drive.o (free)
/opt/st/stm32cubeide_1.6.0/plugins/com.st.stm32cube.ide.mcu.externaltools.gnu-tools-for-stm32.9-2020-q2-update.linux64_1.5.0.202011040924/tools/bin/../lib/gcc/arm-none-eabi/9.3.1/../../../../arm-none-eabi/lib/thumb/v7e-m+fp/hard/libc_nano.a(lib_a-memcpy-stub.o)
                              Core/Src/main.o (memcpy)
/opt/st/stm32cubeide_1.6.0/plugins/com.st.stm32cube.ide.mcu.externaltools.gnu-tools-for-stm32.9-2020-q2-update.linux64_1.5.0.202011040924/tools/bin/../lib/gcc/arm-none-eabi/9.3.1/../../../../arm-none-eabi/lib/thumb/v7e-m+fp/hard/libc_nano.a(lib_a-memset.o)
                              /opt/st/stm32cubeide_1.6.0/plugins/com.st.stm32cube.ide.mcu.externaltools.gnu-tools-for-stm32.9-2020-q2-update.linux64_1.5.0.202011040924/tools/bin/../lib/gcc/arm-none-eabi/9.3.1/../../../../arm-none-eabi/lib/thumb/v7e-m+fp/hard/crt0.o (memset)
/opt/st/stm32cubeide_1.6.0/plugins/com.st.stm32cube.ide.mcu.externaltools.gnu-tools-for-stm32.9-2020-q2-update.linux64_1.5.0.202011040924/tools/bin/../lib/gcc/arm-none-eabi/9.3.1/../../../../arm-none-eabi/lib/thumb/v7e-m+fp/hard/libc_nano.a(lib_a-nano-callocr.o)
                              /opt/st/stm32cubeide_1.6.0/plugins/com.st.stm32cube.ide.mcu.externaltools.gnu-tools-for-stm32.9-2020-q2-update.linux64_1.5.0.202011040924/tools/bin/../lib/gcc/arm-none-eabi/9.3.1/../../../../arm-none-eabi/lib/thumb/v7e-m+fp/hard/libc_nano.a(lib_a-calloc.o) (_calloc_r)
/opt/st/stm32cubeide_1.6.0/plugins/com.st.stm32cube.ide.mcu.externaltools.gnu-tools-for-stm32.9-2020-q2-update.linux64_1.5.0.202011040924/tools/bin/../lib/gcc/arm-none-eabi/9.3.1/../../../../arm-none-eabi/lib/thumb/v7e-m+fp/hard/libc_nano.a(lib_a-nano-freer.o)
                              /opt/st/stm32cubeide_1.6.0/plugins/com.st.stm32cube.ide.mcu.externaltools.gnu-tools-for-stm32.9-2020-q2-update.linux64_1.5.0.202011040924/tools/bin/../lib/gcc/arm-none-eabi/9.3.1/../../../../arm-none-eabi/lib/thumb/v7e-m+fp/hard/libc_nano.a(lib_a-malloc.o) (_free_r)
/opt/st/stm32cubeide_1.6.0/plugins/com.st.stm32cube.ide.mcu.externaltools.gnu-tools-for-stm32.9-2020-q2-update.linux64_1.5.0.202011040924/tools/bin/../lib/gcc/arm-none-eabi/9.3.1/../../../../arm-none-eabi/lib/thumb/v7e-m+fp/hard/libc_nano.a(lib_a-nano-mallocr.o)
[...]
Memory Configuration

Name             Origin             Length             Attributes
RAM              0x0000000020000000 0x0000000000020000 xrw
FLASH            0x0000000008000000 0x0000000000080000 xr
*default*        0x0000000000000000 0xffffffffffffffff

Linker script and memory map

LOAD /opt/st/stm32cubeide_1.6.0/plugins/com.st.stm32cube.ide.mcu.externaltools.gnu-tools-for-stm32.9-2020-q2-update.linux64_1.5.0.202011040924/tools/bin/../lib/gcc/arm-none-eabi/9.3.1/thumb/v7e-m+fp/hard/crti.o
LOAD /opt/st/stm32cubeide_1.6.0/plugins/com.st.stm32cube.ide.mcu.externaltools.gnu-tools-for-stm32.9-2020-q2-update.linux64_1.5.0.202011040924/tools/bin/../lib/gcc/arm-none-eabi/9.3.1/thumb/v7e-m+fp/hard/crtbegin.o
LOAD /opt/st/stm32cubeide_1.6.0/plugins/com.st.stm32cube.ide.mcu.externaltools.gnu-tools-for-stm32.9-2020-q2-update.linux64_1.5.0.202011040924/tools/bin/../lib/gcc/arm-none-eabi/9.3.1/../../../../arm-none-eabi/lib/thumb/v7e-m+fp/hard/crt0.o
LOAD Core/Src/freertos.o
LOAD Core/Src/main.o
LOAD Core/Src/stm32f4xx_hal_msp.o
LOAD Core/Src/stm32f4xx_hal_timebase_tim.o
LOAD Core/Src/stm32f4xx_it.o
LOAD Core/Src/sysmem.o
LOAD Core/Src/system_stm32f4xx.o
LOAD Core/Src/my_lib/datastream.o
LOAD Core/Src/my_lib/datastream_utils.o
LOAD Core/Src/my_lib/differential_drive.o
LOAD Core/Src/my_lib/digital_filters.o
LOAD Core/Src/my_lib/feedforward_controller.o
LOAD Core/Src/my_lib/pid_controller.o
LOAD Core/Src/my_lib/retarget.o
LOAD Core/Src/my_lib/servo.o
LOAD Core/Src/my_lib/ultrasonic_sensor.o
LOAD Core/Startup/startup_stm32f446retx.o
LOAD Drivers/STM32F4xx_HAL_Driver/Src/stm32f4xx_hal.o
LOAD Drivers/STM32F4xx_HAL_Driver/Src/stm32f4xx_hal_cortex.o
LOAD Drivers/STM32F4xx_HAL_Driver/Src/stm32f4xx_hal_dma.o
LOAD Drivers/STM32F4xx_HAL_Driver/Src/stm32f4xx_hal_dma_ex.o
LOAD Drivers/STM32F4xx_HAL_Driver/Src/stm32f4xx_hal_exti.o
LOAD Drivers/STM32F4xx_HAL_Driver/Src/stm32f4xx_hal_flash.o
LOAD Drivers/STM32F4xx_HAL_Driver/Src/stm32f4xx_hal_flash_ex.o
LOAD Drivers/STM32F4xx_HAL_Driver/Src/stm32f4xx_hal_flash_ramfunc.o
LOAD Drivers/STM32F4xx_HAL_Driver/Src/stm32f4xx_hal_gpio.o
LOAD Drivers/STM32F4xx_HAL_Driver/Src/stm32f4xx_hal_pwr.o
LOAD Drivers/STM32F4xx_HAL_Driver/Src/stm32f4xx_hal_pwr_ex.o
LOAD Drivers/STM32F4xx_HAL_Driver/Src/stm32f4xx_hal_rcc.o
LOAD Drivers/STM32F4xx_HAL_Driver/Src/stm32f4xx_hal_rcc_ex.o
LOAD Drivers/STM32F4xx_HAL_Driver/Src/stm32f4xx_hal_tim.o
LOAD Drivers/STM32F4xx_HAL_Driver/Src/stm32f4xx_hal_tim_ex.o
LOAD Drivers/STM32F4xx_HAL_Driver/Src/stm32f4xx_hal_uart.o
LOAD Middlewares/Third_Party/FreeRTOS/Source/CMSIS_RTOS_V2/cmsis_os2.o
LOAD Middlewares/Third_Party/FreeRTOS/Source/croutine.o
LOAD Middlewares/Third_Party/FreeRTOS/Source/event_groups.o
LOAD Middlewares/Third_Party/FreeRTOS/Source/list.o
LOAD Middlewares/Third_Party/FreeRTOS/Source/queue.o
LOAD Middlewares/Third_Party/FreeRTOS/Source/stream_buffer.o
LOAD Middlewares/Third_Party/FreeRTOS/Source/tasks.o
LOAD Middlewares/Third_Party/FreeRTOS/Source/timers.o
LOAD Middlewares/Third_Party/FreeRTOS/Source/portable/GCC/ARM_CM4F/port.o
LOAD Middlewares/Third_Party/FreeRTOS/Source/portable/MemMang/heap_4.o
START GROUP
LOAD /opt/st/stm32cubeide_1.6.0/plugins/com.st.stm32cube.ide.mcu.externaltools.gnu-tools-for-stm32.9-2020-q2-update.linux64_1.5.0.202011040924/tools/bin/../lib/gcc/arm-none-eabi/9.3.1/../../../../arm-none-eabi/lib/thumb/v7e-m+fp/hard/libc_nano.a
LOAD /opt/st/stm32cubeide_1.6.0/plugins/com.st.stm32cube.ide.mcu.externaltools.gnu-tools-for-stm32.9-2020-q2-update.linux64_1.5.0.202011040924/tools/bin/../lib/gcc/arm-none-eabi/9.3.1/../../../../arm-none-eabi/lib/thumb/v7e-m+fp/hard/libm.a
END GROUP
START GROUP
LOAD /opt/st/stm32cubeide_1.6.0/plugins/com.st.stm32cube.ide.mcu.externaltools.gnu-tools-for-stm32.9-2020-q2-update.linux64_1.5.0.202011040924/tools/bin/../lib/gcc/arm-none-eabi/9.3.1/thumb/v7e-m+fp/hard/libgcc.a
LOAD /opt/st/stm32cubeide_1.6.0/plugins/com.st.stm32cube.ide.mcu.externaltools.gnu-tools-for-stm32.9-2020-q2-update.linux64_1.5.0.202011040924/tools/bin/../lib/gcc/arm-none-eabi/9.3.1/../../../../arm-none-eabi/lib/thumb/v7e-m+fp/hard/libc_nano.a
END GROUP
START GROUP
LOAD /opt/st/stm32cubeide_1.6.0/plugins/com.st.stm32cube.ide.mcu.externaltools.gnu-tools-for-stm32.9-2020-q2-update.linux64_1.5.0.202011040924/tools/bin/../lib/gcc/arm-none-eabi/9.3.1/thumb/v7e-m+fp/hard/libgcc.a
LOAD /opt/st/stm32cubeide_1.6.0/plugins/com.st.stm32cube.ide.mcu.externaltools.gnu-tools-for-stm32.9-2020-q2-update.linux64_1.5.0.202011040924/tools/bin/../lib/gcc/arm-none-eabi/9.3.1/../../../../arm-none-eabi/lib/thumb/v7e-m+fp/hard/libc_nano.a
LOAD /opt/st/stm32cubeide_1.6.0/plugins/com.st.stm32cube.ide.mcu.externaltools.gnu-tools-for-stm32.9-2020-q2-update.linux64_1.5.0.202011040924/tools/bin/../lib/gcc/arm-none-eabi/9.3.1/../../../../arm-none-eabi/lib/thumb/v7e-m+fp/hard/libnosys.a
END GROUP
START GROUP
LOAD /opt/st/stm32cubeide_1.6.0/plugins/com.st.stm32cube.ide.mcu.externaltools.gnu-tools-for-stm32.9-2020-q2-update.linux64_1.5.0.202011040924/tools/bin/../lib/gcc/arm-none-eabi/9.3.1/thumb/v7e-m+fp/hard/libgcc.a
LOAD /opt/st/stm32cubeide_1.6.0/plugins/com.st.stm32cube.ide.mcu.externaltools.gnu-tools-for-stm32.9-2020-q2-update.linux64_1.5.0.202011040924/tools/bin/../lib/gcc/arm-none-eabi/9.3.1/../../../../arm-none-eabi/lib/thumb/v7e-m+fp/hard/libc_nano.a
LOAD /opt/st/stm32cubeide_1.6.0/plugins/com.st.stm32cube.ide.mcu.externaltools.gnu-tools-for-stm32.9-2020-q2-update.linux64_1.5.0.202011040924/tools/bin/../lib/gcc/arm-none-eabi/9.3.1/../../../../arm-none-eabi/lib/thumb/v7e-m+fp/hard/libnosys.a
END GROUP
LOAD /opt/st/stm32cubeide_1.6.0/plugins/com.st.stm32cube.ide.mcu.externaltools.gnu-tools-for-stm32.9-2020-q2-update.linux64_1.5.0.202011040924/tools/bin/../lib/gcc/arm-none-eabi/9.3.1/thumb/v7e-m+fp/hard/crtend.o
LOAD /opt/st/stm32cubeide_1.6.0/plugins/com.st.stm32cube.ide.mcu.externaltools.gnu-tools-for-stm32.9-2020-q2-update.linux64_1.5.0.202011040924/tools/bin/../lib/gcc/arm-none-eabi/9.3.1/thumb/v7e-m+fp/hard/crtn.o
                0x0000000020020000                _estack = (ORIGIN (RAM) + LENGTH (RAM))
                0x0000000000000200                _Min_Heap_Size = 0x200
                0x0000000000000400                _Min_Stack_Size = 0x400

.isr_vector     0x0000000008000000      0x1c4
                0x0000000008000000                . = ALIGN (0x4)
 *(.isr_vector)
 .isr_vector    0x0000000008000000      0x1c4 Core/Startup/startup_stm32f446retx.o
                0x0000000008000000                g_pfnVectors
                0x00000000080001c4                . = ALIGN (0x4)

.text           0x00000000080001d0    0x138a0
                0x00000000080001d0                . = ALIGN (0x4)
 *(.text)
 .text          0x00000000080001d0       0x40 /opt/st/stm32cubeide_1.6.0/plugins/com.st.stm32cube.ide.mcu.externaltools.gnu-tools-for-stm32.9-2020-q2-update.linux64_1.5.0.202011040924/tools/bin/../lib/gcc/arm-none-eabi/9.3.1/thumb/v7e-m+fp/hard/crtbegin.o
 .text          0x0000000008000210       0x10 /opt/st/stm32cubeide_1.6.0/plugins/com.st.stm32cube.ide.mcu.externaltools.gnu-tools-for-stm32.9-2020-q2-update.linux64_1.5.0.202011040924/tools/bin/../lib/gcc/arm-none-eabi/9.3.1/../../../../arm-none-eabi/lib/thumb/v7e-m+fp/hard/libc_nano.a(lib_a-strlen.o)
                0x0000000008000210                strlen
 .text          0x0000000008000220       0xa0 /opt/st/stm32cubeide_1.6.0/plugins/com.st.stm32cube.ide.mcu.externaltools.gnu-tools-for-stm32.9-2020-q2-update.linux64_1.5.0.202011040924/tools/bin/../lib/gcc/arm-none-eabi/9.3.1/../../../../arm-none-eabi/lib/thumb/v7e-m+fp/hard/libc_nano.a(lib_a-memchr.o)
                0x0000000008000220                memchr
 .text          0x00000000080002c0      0x378 /opt/st/stm32cubeide_1.6.0/plugins/com.st.stm32cube.ide.mcu.externaltools.gnu-tools-for-stm32.9-2020-q2-update.linux64_1.5.0.202011040924/tools/bin/../lib/gcc/arm-none-eabi/9.3.1/thumb/v7e-m+fp/hard/libgcc.a(_arm_addsubdf3.o)
                0x00000000080002c0                __aeabi_drsub
                0x00000000080002c8                __aeabi_dsub
                0x00000000080002c8                __subdf3
                0x00000000080002cc                __adddf3
                0x00000000080002cc                __aeabi_dadd
                0x0000000008000544                __aeabi_ui2d
                0x0000000008000544                __floatunsidf
                0x0000000008000564                __floatsidf
                0x0000000008000564                __aeabi_i2d
                0x0000000008000588                __extendsfdf2
                0x0000000008000588                __aeabi_f2d
                0x00000000080005cc                __aeabi_ul2d
                0x00000000080005cc                __floatundidf
                0x00000000080005dc                __floatdidf
                0x00000000080005dc                __aeabi_l2d
 .text          0x0000000008000638      0x424 /opt/st/stm32cubeide_1.6.0/plugins/com.st.stm32cube.ide.mcu.externaltools.gnu-tools-for-stm32.9-2020-q2-update.linux64_1.5.0.202011040924/tools/bin/../lib/gcc/arm-none-eabi/9.3.1/thumb/v7e-m+fp/hard/libgcc.a(_arm_muldivdf3.o)
                0x0000000008000638                __aeabi_dmul
                0x0000000008000638                __muldf3
                0x000000000800088c                __aeabi_ddiv
                0x000000000800088c                __divdf3
 .text          0x0000000008000a5c      0x110 /opt/st/stm32cubeide_1.6.0/plugins/com.st.stm32cube.ide.mcu.externaltools.gnu-tools-for-stm32.9-2020-q2-update.linux64_1.5.0.202011040924/tools/bin/../lib/gcc/arm-none-eabi/9.3.1/thumb/v7e-m+fp/hard/libgcc.a(_arm_cmpdf2.o)
                0x0000000008000a5c                __gtdf2
                0x0000000008000a5c                __gedf2
                0x0000000008000a64                __ltdf2
                0x0000000008000a64                __ledf2
                0x0000000008000a6c                __cmpdf2
                0x0000000008000a6c                __eqdf2
                0x0000000008000a6c                __nedf2
                0x0000000008000ae8                __aeabi_cdrcmple
                0x0000000008000af8                __aeabi_cdcmple
                0x0000000008000af8                __aeabi_cdcmpeq
                0x0000000008000b08                __aeabi_dcmpeq
                0x0000000008000b1c                __aeabi_dcmplt
                0x0000000008000b30                __aeabi_dcmple
                0x0000000008000b44                __aeabi_dcmpge
                0x0000000008000b58                __aeabi_dcmpgt
 .text          0x0000000008000b6c       0x2c /opt/st/stm32cubeide_1.6.0/plugins/com.st.stm32cube.ide.mcu.externaltools.gnu-tools-for-stm32.9-2020-q2-update.linux64_1.5.0.202011040924/tools/bin/../lib/gcc/arm-none-eabi/9.3.1/thumb/v7e-m+fp/hard/libgcc.a(_arm_unorddf2.o)
                0x0000000008000b6c                __aeabi_dcmpun
                0x0000000008000b6c                __unorddf2
 .text          0x0000000008000b98       0x50 /opt/st/stm32cubeide_1.6.0/plugins/com.st.stm32cube.ide.mcu.externaltools.gnu-tools-for-stm32.9-2020-q2-update.linux64_1.5.0.202011040924/tools/bin/../lib/gcc/arm-none-eabi/9.3.1/thumb/v7e-m+fp/hard/libgcc.a(_arm_fixdfsi.o)
                0x0000000008000b98                __fixdfsi
                0x0000000008000b98                __aeabi_d2iz
 .text          0x0000000008000be8       0x40 /opt/st/stm32cubeide_1.6.0/plugins/com.st.stm32cube.ide.mcu.externaltools.gnu-tools-for-stm32.9-2020-q2-update.linux64_1.5.0.202011040924/tools/bin/../lib/gcc/arm-none-eabi/9.3.1/thumb/v7e-m+fp/hard/libgcc.a(_arm_fixunsdfsi.o)
                0x0000000008000be8                __fixunsdfsi
                0x0000000008000be8                __aeabi_d2uiz
 .text          0x0000000008000c28       0xa0 /opt/st/stm32cubeide_1.6.0/plugins/com.st.stm32cube.ide.mcu.externaltools.gnu-tools-for-stm32.9-2020-q2-update.linux64_1.5.0.202011040924/tools/bin/../lib/gcc/arm-none-eabi/9.3.1/thumb/v7e-m+fp/hard/libgcc.a(_arm_truncdfsf2.o)
                0x0000000008000c28                __aeabi_d2f
                0x0000000008000c28                __truncdfsf2
 .text          0x0000000008000cc8       0x30 /opt/st/stm32cubeide_1.6.0/plugins/com.st.stm32cube.ide.mcu.externaltools.gnu-tools-for-stm32.9-2020-q2-update.linux64_1.5.0.202011040924/tools/bin/../lib/gcc/arm-none-eabi/9.3.1/thumb/v7e-m+fp/hard/libgcc.a(_aeabi_uldivmod.o)
                0x0000000008000cc8                __aeabi_uldivmod
 .text          0x0000000008000cf8       0x30 /opt/st/stm32cubeide_1.6.0/plugins/com.st.stm32cube.ide.mcu.externaltools.gnu-tools-for-stm32.9-2020-q2-update.linux64_1.5.0.202011040924/tools/bin/../lib/gcc/arm-none-eabi/9.3.1/thumb/v7e-m+fp/hard/libgcc.a(_fixdfdi.o)
                0x0000000008000cf8                __aeabi_d2lz
                0x0000000008000cf8                __fixdfdi
 .text          0x0000000008000d28       0x3c /opt/st/stm32cubeide_1.6.0/plugins/com.st.stm32cube.ide.mcu.externaltools.gnu-tools-for-stm32.9-2020-q2-update.linux64_1.5.0.202011040924/tools/bin/../lib/gcc/arm-none-eabi/9.3.1/thumb/v7e-m+fp/hard/libgcc.a(_fixunsdfdi.o)
                0x0000000008000d28                __aeabi_d2ulz
                0x0000000008000d28                __fixunsdfdi
 .text          0x0000000008000d64      0x2c4 /opt/st/stm32cubeide_1.6.0/plugins/com.st.stm32cube.ide.mcu.externaltools.gnu-tools-for-stm32.9-2020-q2-update.linux64_1.5.0.202011040924/tools/bin/../lib/gcc/arm-none-eabi/9.3.1/thumb/v7e-m+fp/hard/libgcc.a(_udivmoddi4.o)
                0x0000000008000d64                __udivmoddi4
 .text          0x0000000008001028        0x4 /opt/st/stm32cubeide_1.6.0/plugins/com.st.stm32cube.ide.mcu.externaltools.gnu-tools-for-stm32.9-2020-q2-update.linux64_1.5.0.202011040924/tools/bin/../lib/gcc/arm-none-eabi/9.3.1/thumb/v7e-m+fp/hard/libgcc.a(_dvmd_tls.o)
                0x0000000008001028                __aeabi_ldiv0
                0x0000000008001028                __aeabi_idiv0
 *(.text*)
 .text.main     0x000000000800102c       0xe4 Core/Src/main.o
                0x000000000800102c                main
 .text.SystemClock_Config
                0x0000000008001110       0xdc Core/Src/main.o
                0x0000000008001110                SystemClock_Config
 .text.MX_TIM1_Init
                0x00000000080011ec      0x188 Core/Src/main.o
 .text.MX_TIM2_Init
                0x0000000008001374       0xa8 Core/Src/main.o
 .text.MX_TIM3_Init
                0x000000000800141c       0x9c Core/Src/main.o
 .text.MX_TIM5_Init
                0x00000000080014b8       0xa8 Core/Src/main.o
 .text.MX_TIM7_Init
                0x0000000008001560       0x6c Core/Src/main.o
 .text.MX_TIM8_Init
                0x00000000080015cc      0x140 Core/Src/main.o
 .text.MX_TIM12_Init
                0x000000000800170c       0xb8 Core/Src/main.o
 .text.MX_USART3_UART_Init
                0x00000000080017c4       0x54 Core/Src/main.o
 .text.MX_GPIO_Init
                0x0000000008001818      0x13c Core/Src/main.o
 .text.MAIN_DIFFDRIVE_Init
                0x0000000008001954      0x1a4 Core/Src/main.o
 .text.MAIN_ULTRASONIC_Init
                0x0000000008001af8       0x4c Core/Src/main.o
 .text.MAIN_MAF_Init
                0x0000000008001b44       0xd0 Core/Src/main.o
 .text.MAIN_SERVO_Init
                0x0000000008001c14       0x24 Core/Src/main.o
 .text.StartControlDiffDrive
                0x0000000008001c38      0x794 Core/Src/main.o
                0x0000000008001c38                StartControlDiffDrive
 *fill*         0x00000000080023cc        0x4 
 .text.StartDistanceSensor
                0x00000000080023d0      0x4f4 Core/Src/main.o
                0x00000000080023d0                StartDistanceSensor
 .text.StartInfraredSensor
                0x00000000080028c4       0x40 Core/Src/main.o
                0x00000000080028c4                StartInfraredSensor
 .text.SerialCommunication
                0x0000000008002904       0x18 Core/Src/main.o
                0x0000000008002904                SerialCommunication
 .text.HAL_TIM_PeriodElapsedCallback
                0x000000000800291c       0x24 Core/Src/main.o
                0x000000000800291c                HAL_TIM_PeriodElapsedCallback
 .text.Error_Handler
                0x0000000008002940        0xa Core/Src/main.o
                0x0000000008002940                Error_Handler
 *fill*         0x000000000800294a        0x2 
 .text.HAL_MspInit
                0x000000000800294c       0x58 Core/Src/stm32f4xx_hal_msp.o
                0x000000000800294c                HAL_MspInit
 .text.HAL_TIM_Base_MspInit
                0x00000000080029a4      0x170 Core/Src/stm32f4xx_hal_msp.o
                0x00000000080029a4                HAL_TIM_Base_MspInit
 .text.HAL_TIM_Encoder_MspInit
                0x0000000008002b14       0xf8 Core/Src/stm32f4xx_hal_msp.o
                0x0000000008002b14                HAL_TIM_Encoder_MspInit
 .text.HAL_TIM_MspPostInit
                0x0000000008002c0c       0xc4 Core/Src/stm32f4xx_hal_msp.o
                0x0000000008002c0c                HAL_TIM_MspPostInit
 .text.HAL_UART_MspInit
                0x0000000008002cd0       0xe0 Core/Src/stm32f4xx_hal_msp.o
                0x0000000008002cd0                HAL_UART_MspInit
 .text.HAL_InitTick
                0x0000000008002db0       0xb4 Core/Src/stm32f4xx_hal_timebase_tim.o
                0x0000000008002db0                HAL_InitTick
 .text.NMI_Handler
                0x0000000008002e64        0x6 Core/Src/stm32f4xx_it.o
                0x0000000008002e64                NMI_Handler
 .text.HardFault_Handler
                0x0000000008002e6a        0x6 Core/Src/stm32f4xx_it.o
                0x0000000008002e6a                HardFault_Handler
 .text.MemManage_Handler
                0x0000000008002e70        0x6 Core/Src/stm32f4xx_it.o
                0x0000000008002e70                MemManage_Handler
 .text.BusFault_Handler
                0x0000000008002e76        0x6 Core/Src/stm32f4xx_it.o
                0x0000000008002e76                BusFault_Handler
 .text.UsageFault_Handler
                0x0000000008002e7c        0x6 Core/Src/stm32f4xx_it.o
                0x0000000008002e7c                UsageFault_Handler
 .text.DebugMon_Handler
                0x0000000008002e82        0xe Core/Src/stm32f4xx_it.o
                0x0000000008002e82                DebugMon_Handler
 .text.TIM3_IRQHandler
                0x0000000008002e90       0x14 Core/Src/stm32f4xx_it.o
                0x0000000008002e90                TIM3_IRQHandler
 .text.USART3_IRQHandler
                0x0000000008002ea4       0x14 Core/Src/stm32f4xx_it.o
                0x0000000008002ea4                USART3_IRQHandler
 .text.TIM8_BRK_TIM12_IRQHandler
                0x0000000008002eb8       0x1c Core/Src/stm32f4xx_it.o
                0x0000000008002eb8                TIM8_BRK_TIM12_IRQHandler
 .text.TIM6_DAC_IRQHandler
                0x0000000008002ed4       0x14 Core/Src/stm32f4xx_it.o
                0x0000000008002ed4                TIM6_DAC_IRQHandler
 .text._sbrk    0x0000000008002ee8       0x6c Core/Src/sysmem.o
                0x0000000008002ee8                _sbrk
 .text.SystemInit
                0x0000000008002f54       0x24 Core/Src/system_stm32f4xx.o
                0x0000000008002f54                SystemInit
 .text.UART_TxCpltCallback
                0x0000000008002f78       0x20 Core/Src/my_lib/datastream.o
                0x0000000008002f78                UART_TxCpltCallback
 .text.DATASTREAM_Init
                0x0000000008002f98       0x2c Core/Src/my_lib/datastream.o
                0x0000000008002f98                DATASTREAM_Init
 .text.DATASTREAM_RTOS_SendValue
                0x0000000008002fc4      0x1d4 Core/Src/my_lib/datastream.o
                0x0000000008002fc4                DATASTREAM_RTOS_SendValue
 .text.reverse  0x0000000008003198       0x5e Core/Src/my_lib/datastream_utils.o
                0x0000000008003198                reverse
 *fill*         0x00000000080031f6        0x2 
 .text.itostr   0x00000000080031f8       0xb8 Core/Src/my_lib/datastream_utils.o
                0x00000000080031f8                itostr
 .text.ftoa     0x00000000080032b0      0x140 Core/Src/my_lib/datastream_utils.o
                0x00000000080032b0                ftoa
 .text.DIFFDRIVE_Init
                0x00000000080033f0      0x738 Core/Src/my_lib/differential_drive.o
                0x00000000080033f0                DIFFDRIVE_Init
 .text.DIFFDRIVE_MOTOR_Stop
                0x0000000008003b28       0x22 Core/Src/my_lib/differential_drive.o
                0x0000000008003b28                DIFFDRIVE_MOTOR_Stop
 *fill*         0x0000000008003b4a        0x2 
 .text.DIFFDRIVE_MOTOR_SetPWMs
                0x0000000008003b4c      0x46c Core/Src/my_lib/differential_drive.o
                0x0000000008003b4c                DIFFDRIVE_MOTOR_SetPWMs
 .text.DIFFDRIVE_ENCODER_CaptureMeasure
                0x0000000008003fb8      0x160 Core/Src/my_lib/differential_drive.o
                0x0000000008003fb8                DIFFDRIVE_ENCODER_CaptureMeasure
 .text.DIFFDRIVE_ENCODER_Reset
                0x0000000008004118       0x64 Core/Src/my_lib/differential_drive.o
                0x0000000008004118                DIFFDRIVE_ENCODER_Reset
 .text.DIFFDRIVE_HISTORY_Start
                0x000000000800417c       0x28 Core/Src/my_lib/differential_drive.o
                0x000000000800417c                DIFFDRIVE_HISTORY_Start
 .text.DIFFDRIVE_HISTORY_Update
                0x00000000080041a4      0x56c Core/Src/my_lib/differential_drive.o
                0x00000000080041a4                DIFFDRIVE_HISTORY_Update
 .text.DIFFDRIVE_HISTORY_Get_Init
                0x0000000008004710       0x50 Core/Src/my_lib/differential_drive.o
                0x0000000008004710                DIFFDRIVE_HISTORY_Get_Init
 .text.DIFFDRIVE_HISTORY_Get_Sample
                0x0000000008004760       0x9c Core/Src/my_lib/differential_drive.o
                0x0000000008004760                DIFFDRIVE_HISTORY_Get_Sample
 .text.DIFFDRIVE_CONTROL_Start
                0x00000000080047fc       0x14 Core/Src/my_lib/differential_drive.o
                0x00000000080047fc                DIFFDRIVE_CONTROL_Start
 .text.DIFFDRIVE_CONTROL_Stop
                0x0000000008004810       0x10 Core/Src/my_lib/differential_drive.o
                0x0000000008004810                DIFFDRIVE_CONTROL_Stop
 .text.DIFFDRIVE_CONTROL_Reset
                0x0000000008004820       0xdc Core/Src/my_lib/differential_drive.o
                0x0000000008004820                DIFFDRIVE_CONTROL_Reset
 .text.DIFFDRIVE_TIMING_Start
                0x00000000080048fc       0x1c Core/Src/my_lib/differential_drive.o
                0x00000000080048fc                DIFFDRIVE_TIMING_Start
 .text.DIFFDRIVE_TIMING_Stop
                0x0000000008004918       0x1c Core/Src/my_lib/differential_drive.o
                0x0000000008004918                DIFFDRIVE_TIMING_Stop
 .text.DIFFDRIVE_TIMING_Wait
                0x0000000008004934       0x34 Core/Src/my_lib/differential_drive.o
                0x0000000008004934                DIFFDRIVE_TIMING_Wait
 .text.DIFFDRIVE_STATE_Update
                0x0000000008004968      0x190 Core/Src/my_lib/differential_drive.o
                0x0000000008004968                DIFFDRIVE_STATE_Update
 .text.DIFFDRIVE_DeltaTrajectory2WheelAngle
                0x0000000008004af8       0xa8 Core/Src/my_lib/differential_drive.o
                0x0000000008004af8                DIFFDRIVE_DeltaTrajectory2WheelAngle
 .text.DIFFDRIVE_DeltaWheel2DeltaTrajectory
                0x0000000008004ba0       0x90 Core/Src/my_lib/differential_drive.o
                0x0000000008004ba0                DIFFDRIVE_DeltaWheel2DeltaTrajectory
 .text.DIFFDRIVE_CONTROL_WheelStep
                0x0000000008004c30      0x150 Core/Src/my_lib/differential_drive.o
                0x0000000008004c30                DIFFDRIVE_CONTROL_WheelStep
 .text.DIFFDRIVE_TrackingStart
                0x0000000008004d80       0x1c Core/Src/my_lib/differential_drive.o
                0x0000000008004d80                DIFFDRIVE_TrackingStart
 .text.DIFFDRIVE_TrackingStop
                0x0000000008004d9c        0xc Core/Src/my_lib/differential_drive.o
                0x0000000008004d9c                DIFFDRIVE_TrackingStop
 .text.DIFFDRIVE_TrackingStep
                0x0000000008004da8       0x7c Core/Src/my_lib/differential_drive.o
                0x0000000008004da8                DIFFDRIVE_TrackingStep
 .text.DIFFDRIVE_TIMING_Callback
                0x0000000008004e24       0x24 Core/Src/my_lib/differential_drive.o
                0x0000000008004e24                DIFFDRIVE_TIMING_Callback
 .text.MAF_Create
                0x0000000008004e48       0x4e Core/Src/my_lib/digital_filters.o
                0x0000000008004e48                MAF_Create
 .text.MAF_Reset
                0x0000000008004e96       0x50 Core/Src/my_lib/digital_filters.o
                0x0000000008004e96                MAF_Reset
 .text.MAF_Update
                0x0000000008004ee6      0x116 Core/Src/my_lib/digital_filters.o
                0x0000000008004ee6                MAF_Update
 .text.FEEDFORWARD_Init
                0x0000000008004ffc       0xd8 Core/Src/my_lib/feedforward_controller.o
                0x0000000008004ffc                FEEDFORWARD_Init
 .text.FEEDFORWARD_BufferInit
                0x00000000080050d4      0x126 Core/Src/my_lib/feedforward_controller.o
                0x00000000080050d4                FEEDFORWARD_BufferInit
 .text.FEEDFORWARD_InversionControl
                0x00000000080051fa      0x100 Core/Src/my_lib/feedforward_controller.o
                0x00000000080051fa                FEEDFORWARD_InversionControl
 .text.FEEDFORWARD_BufferUpdate
                0x00000000080052fa       0xc4 Core/Src/my_lib/feedforward_controller.o
                0x00000000080052fa                FEEDFORWARD_BufferUpdate
 .text.PID_Init
                0x00000000080053be       0x5c Core/Src/my_lib/pid_controller.o
                0x00000000080053be                PID_Init
 .text.PID_Reset
                0x000000000800541a       0x3c Core/Src/my_lib/pid_controller.o
                0x000000000800541a                PID_Reset
 .text.PID_Control
                0x0000000008005456       0xc8 Core/Src/my_lib/pid_controller.o
                0x0000000008005456                PID_Control
 .text._isatty  0x000000000800551e       0x2c Core/Src/my_lib/retarget.o
                0x000000000800551e                _isatty
 *fill*         0x000000000800554a        0x2 
 .text._write   0x000000000800554c       0x58 Core/Src/my_lib/retarget.o
                0x000000000800554c                _write
 .text._close   0x00000000080055a4       0x2e Core/Src/my_lib/retarget.o
                0x00000000080055a4                _close
 .text._lseek   0x00000000080055d2       0x22 Core/Src/my_lib/retarget.o
                0x00000000080055d2                _lseek
 .text._read    0x00000000080055f4       0x50 Core/Src/my_lib/retarget.o
                0x00000000080055f4                _read
 .text._fstat   0x0000000008005644       0x36 Core/Src/my_lib/retarget.o
                0x0000000008005644                _fstat
 *fill*         0x000000000800567a        0x6 
 .text.SERVO_Init
                0x0000000008005680      0x214 Core/Src/my_lib/servo.o
                0x0000000008005680                SERVO_Init
 .text.SERVO_SetDegree
                0x0000000008005894       0x5c Core/Src/my_lib/servo.o
                0x0000000008005894                SERVO_SetDegree
 .text.SERVO_SetBeats
                0x00000000080058f0       0x7e Core/Src/my_lib/servo.o
                0x00000000080058f0                SERVO_SetBeats
 *fill*         0x000000000800596e        0x2 
 .text.ULTRASONIC_Init
                0x0000000008005970      0x1a8 Core/Src/my_lib/ultrasonic_sensor.o
                0x0000000008005970                ULTRASONIC_Init
 .text.ULTRASONIC_CaptureMeasure
                0x0000000008005b18      0x1e4 Core/Src/my_lib/ultrasonic_sensor.o
                0x0000000008005b18                ULTRASONIC_CaptureMeasure
 .text.ULTRASONIC_Delay_us
                0x0000000008005cfc       0x36 Core/Src/my_lib/ultrasonic_sensor.o
                0x0000000008005cfc                ULTRASONIC_Delay_us
 *fill*         0x0000000008005d32        0x2 
 .text.ULTRASONIC_IC_Callback
                0x0000000008005d34       0x54 Core/Src/my_lib/ultrasonic_sensor.o
                0x0000000008005d34                ULTRASONIC_IC_Callback
 .text.ULTRASONIC_Timeout_Callback
                0x0000000008005d88       0x54 Core/Src/my_lib/ultrasonic_sensor.o
                0x0000000008005d88                ULTRASONIC_Timeout_Callback
 .text.Reset_Handler
                0x0000000008005ddc       0x50 Core/Startup/startup_stm32f446retx.o
                0x0000000008005ddc                Reset_Handler
 .text.Default_Handler
                0x0000000008005e2c        0x2 Core/Startup/startup_stm32f446retx.o
                0x0000000008005e2c                RTC_Alarm_IRQHandler
                0x0000000008005e2c                EXTI2_IRQHandler
                0x0000000008005e2c                TIM8_CC_IRQHandler
                0x0000000008005e2c                FMPI2C1_EV_IRQHandler
                0x0000000008005e2c                SPI4_IRQHandler
                0x0000000008005e2c                TIM1_CC_IRQHandler
                0x0000000008005e2c                DMA2_Stream5_IRQHandler
                0x0000000008005e2c                DMA1_Stream5_IRQHandler
                0x0000000008005e2c                PVD_IRQHandler
                0x0000000008005e2c                SDIO_IRQHandler
                0x0000000008005e2c                TAMP_STAMP_IRQHandler
                0x0000000008005e2c                CAN2_RX1_IRQHandler
                0x0000000008005e2c                EXTI3_IRQHandler
                0x0000000008005e2c                TIM8_TRG_COM_TIM14_IRQHandler
                0x0000000008005e2c                TIM1_UP_TIM10_IRQHandler
                0x0000000008005e2c                TIM8_UP_TIM13_IRQHandler
                0x0000000008005e2c                I2C3_ER_IRQHandler
                0x0000000008005e2c                EXTI0_IRQHandler
                0x0000000008005e2c                I2C2_EV_IRQHandler
                0x0000000008005e2c                DMA1_Stream2_IRQHandler
                0x0000000008005e2c                CAN1_RX0_IRQHandler
                0x0000000008005e2c                FPU_IRQHandler
                0x0000000008005e2c                OTG_HS_WKUP_IRQHandler
                0x0000000008005e2c                CAN2_SCE_IRQHandler
                0x0000000008005e2c                DMA2_Stream2_IRQHandler
                0x0000000008005e2c                SPI1_IRQHandler
                0x0000000008005e2c                TIM1_BRK_TIM9_IRQHandler
                0x0000000008005e2c                DCMI_IRQHandler
                0x0000000008005e2c                CAN2_RX0_IRQHandler
                0x0000000008005e2c                DMA2_Stream3_IRQHandler
                0x0000000008005e2c                SAI2_IRQHandler
                0x0000000008005e2c                USART6_IRQHandler
                0x0000000008005e2c                CAN1_RX1_IRQHandler
                0x0000000008005e2c                UART5_IRQHandler
                0x0000000008005e2c                DMA2_Stream0_IRQHandler
                0x0000000008005e2c                TIM4_IRQHandler
                0x0000000008005e2c                QUADSPI_IRQHandler
                0x0000000008005e2c                I2C1_EV_IRQHandler
                0x0000000008005e2c                DMA1_Stream6_IRQHandler
                0x0000000008005e2c                DMA1_Stream1_IRQHandler
                0x0000000008005e2c                UART4_IRQHandler
                0x0000000008005e2c                RCC_IRQHandler
                0x0000000008005e2c                Default_Handler
                0x0000000008005e2c                CEC_IRQHandler
                0x0000000008005e2c                EXTI15_10_IRQHandler
                0x0000000008005e2c                ADC_IRQHandler
                0x0000000008005e2c                DMA1_Stream7_IRQHandler
                0x0000000008005e2c                TIM7_IRQHandler
                0x0000000008005e2c                CAN2_TX_IRQHandler
                0x0000000008005e2c                TIM5_IRQHandler
                0x0000000008005e2c                DMA2_Stream7_IRQHandler
                0x0000000008005e2c                I2C3_EV_IRQHandler
                0x0000000008005e2c                EXTI9_5_IRQHandler
                0x0000000008005e2c                RTC_WKUP_IRQHandler
                0x0000000008005e2c                SPDIF_RX_IRQHandler
                0x0000000008005e2c                SPI2_IRQHandler
                0x0000000008005e2c                OTG_HS_EP1_IN_IRQHandler
                0x0000000008005e2c                DMA1_Stream0_IRQHandler
                0x0000000008005e2c                CAN1_TX_IRQHandler
                0x0000000008005e2c                FMPI2C1_ER_IRQHandler
                0x0000000008005e2c                EXTI4_IRQHandler
                0x0000000008005e2c                OTG_HS_EP1_OUT_IRQHandler
                0x0000000008005e2c                WWDG_IRQHandler
                0x0000000008005e2c                TIM2_IRQHandler
                0x0000000008005e2c                OTG_FS_WKUP_IRQHandler
                0x0000000008005e2c                TIM1_TRG_COM_TIM11_IRQHandler
                0x0000000008005e2c                OTG_HS_IRQHandler
                0x0000000008005e2c                EXTI1_IRQHandler
                0x0000000008005e2c                USART2_IRQHandler
                0x0000000008005e2c                I2C2_ER_IRQHandler
                0x0000000008005e2c                DMA2_Stream1_IRQHandler
                0x0000000008005e2c                CAN1_SCE_IRQHandler
                0x0000000008005e2c                FLASH_IRQHandler
                0x0000000008005e2c                DMA2_Stream4_IRQHandler
                0x0000000008005e2c                USART1_IRQHandler
                0x0000000008005e2c                OTG_FS_IRQHandler
                0x0000000008005e2c                SPI3_IRQHandler
                0x0000000008005e2c                DMA1_Stream4_IRQHandler
                0x0000000008005e2c                I2C1_ER_IRQHandler
                0x0000000008005e2c                FMC_IRQHandler
                0x0000000008005e2c                DMA2_Stream6_IRQHandler
                0x0000000008005e2c                SAI1_IRQHandler
                0x0000000008005e2c                DMA1_Stream3_IRQHandler
 *fill*         0x0000000008005e2e        0x2 
 .text.HAL_Init
                0x0000000008005e30       0x44 Drivers/STM32F4xx_HAL_Driver/Src/stm32f4xx_hal.o
                0x0000000008005e30                HAL_Init
 .text.HAL_IncTick
                0x0000000008005e74       0x28 Drivers/STM32F4xx_HAL_Driver/Src/stm32f4xx_hal.o
                0x0000000008005e74                HAL_IncTick
 .text.HAL_GetTick
                0x0000000008005e9c       0x18 Drivers/STM32F4xx_HAL_Driver/Src/stm32f4xx_hal.o
                0x0000000008005e9c                HAL_GetTick
 .text.HAL_Delay
                0x0000000008005eb4       0x48 Drivers/STM32F4xx_HAL_Driver/Src/stm32f4xx_hal.o
                0x0000000008005eb4                HAL_Delay
 .text.__NVIC_SetPriorityGrouping
                0x0000000008005efc       0x48 Drivers/STM32F4xx_HAL_Driver/Src/stm32f4xx_hal_cortex.o
 .text.__NVIC_GetPriorityGrouping
                0x0000000008005f44       0x1c Drivers/STM32F4xx_HAL_Driver/Src/stm32f4xx_hal_cortex.o
 .text.__NVIC_EnableIRQ
                0x0000000008005f60       0x3c Drivers/STM32F4xx_HAL_Driver/Src/stm32f4xx_hal_cortex.o
 .text.__NVIC_SetPriority
                0x0000000008005f9c       0x54 Drivers/STM32F4xx_HAL_Driver/Src/stm32f4xx_hal_cortex.o
 .text.NVIC_EncodePriority
                0x0000000008005ff0       0x66 Drivers/STM32F4xx_HAL_Driver/Src/stm32f4xx_hal_cortex.o
 .text.HAL_NVIC_SetPriorityGrouping
                0x0000000008006056       0x16 Drivers/STM32F4xx_HAL_Driver/Src/stm32f4xx_hal_cortex.o
                0x0000000008006056                HAL_NVIC_SetPriorityGrouping
 .text.HAL_NVIC_SetPriority
                0x000000000800606c       0x38 Drivers/STM32F4xx_HAL_Driver/Src/stm32f4xx_hal_cortex.o
                0x000000000800606c                HAL_NVIC_SetPriority
 .text.HAL_NVIC_EnableIRQ
                0x00000000080060a4       0x1c Drivers/STM32F4xx_HAL_Driver/Src/stm32f4xx_hal_cortex.o
                0x00000000080060a4                HAL_NVIC_EnableIRQ
 .text.HAL_DMA_Start_IT
                0x00000000080060c0       0xb0 Drivers/STM32F4xx_HAL_Driver/Src/stm32f4xx_hal_dma.o
                0x00000000080060c0                HAL_DMA_Start_IT
 .text.HAL_DMA_Abort
                0x0000000008006170       0xe0 Drivers/STM32F4xx_HAL_Driver/Src/stm32f4xx_hal_dma.o
                0x0000000008006170                HAL_DMA_Abort
 .text.HAL_DMA_Abort_IT
                0x0000000008006250       0x44 Drivers/STM32F4xx_HAL_Driver/Src/stm32f4xx_hal_dma.o
                0x0000000008006250                HAL_DMA_Abort_IT
 .text.DMA_SetConfig
                0x0000000008006294       0x5c Drivers/STM32F4xx_HAL_Driver/Src/stm32f4xx_hal_dma.o
 .text.HAL_GPIO_Init
                0x00000000080062f0      0x328 Drivers/STM32F4xx_HAL_Driver/Src/stm32f4xx_hal_gpio.o
                0x00000000080062f0                HAL_GPIO_Init
 .text.HAL_GPIO_ReadPin
                0x0000000008006618       0x30 Drivers/STM32F4xx_HAL_Driver/Src/stm32f4xx_hal_gpio.o
                0x0000000008006618                HAL_GPIO_ReadPin
 .text.HAL_GPIO_WritePin
                0x0000000008006648       0x32 Drivers/STM32F4xx_HAL_Driver/Src/stm32f4xx_hal_gpio.o
                0x0000000008006648                HAL_GPIO_WritePin
 .text.HAL_GPIO_TogglePin
                0x000000000800667a       0x34 Drivers/STM32F4xx_HAL_Driver/Src/stm32f4xx_hal_gpio.o
                0x000000000800667a                HAL_GPIO_TogglePin
 *fill*         0x00000000080066ae        0x2 
 .text.HAL_RCC_ClockConfig
                0x00000000080066b0      0x1cc Drivers/STM32F4xx_HAL_Driver/Src/stm32f4xx_hal_rcc.o
                0x00000000080066b0                HAL_RCC_ClockConfig
 .text.HAL_RCC_GetHCLKFreq
                0x000000000800687c       0x18 Drivers/STM32F4xx_HAL_Driver/Src/stm32f4xx_hal_rcc.o
                0x000000000800687c                HAL_RCC_GetHCLKFreq
 .text.HAL_RCC_GetPCLK1Freq
                0x0000000008006894       0x28 Drivers/STM32F4xx_HAL_Driver/Src/stm32f4xx_hal_rcc.o
                0x0000000008006894                HAL_RCC_GetPCLK1Freq
 .text.HAL_RCC_GetPCLK2Freq
                0x00000000080068bc       0x28 Drivers/STM32F4xx_HAL_Driver/Src/stm32f4xx_hal_rcc.o
                0x00000000080068bc                HAL_RCC_GetPCLK2Freq
 .text.HAL_RCC_GetClockConfig
                0x00000000080068e4       0x64 Drivers/STM32F4xx_HAL_Driver/Src/stm32f4xx_hal_rcc.o
                0x00000000080068e4                HAL_RCC_GetClockConfig
 .text.HAL_RCC_GetSysClockFreq
                0x0000000008006948      0x364 Drivers/STM32F4xx_HAL_Driver/Src/stm32f4xx_hal_rcc_ex.o
                0x0000000008006948                HAL_RCC_GetSysClockFreq
 .text.HAL_RCC_OscConfig
                0x0000000008006cac      0x53c Drivers/STM32F4xx_HAL_Driver/Src/stm32f4xx_hal_rcc_ex.o
                0x0000000008006cac                HAL_RCC_OscConfig
 .text.HAL_TIM_Base_Init
                0x00000000080071e8       0xb8 Drivers/STM32F4xx_HAL_Driver/Src/stm32f4xx_hal_tim.o
                0x00000000080071e8                HAL_TIM_Base_Init
 .text.HAL_TIM_Base_Start
                0x00000000080072a0       0xd0 Drivers/STM32F4xx_HAL_Driver/Src/stm32f4xx_hal_tim.o
                0x00000000080072a0                HAL_TIM_Base_Start
 .text.HAL_TIM_Base_Stop
                0x0000000008007370       0x4e Drivers/STM32F4xx_HAL_Driver/Src/stm32f4xx_hal_tim.o
                0x0000000008007370                HAL_TIM_Base_Stop
 *fill*         0x00000000080073be        0x2 
 .text.HAL_TIM_Base_Start_IT
                0x00000000080073c0       0xe0 Drivers/STM32F4xx_HAL_Driver/Src/stm32f4xx_hal_tim.o
                0x00000000080073c0                HAL_TIM_Base_Start_IT
 .text.HAL_TIM_Base_Stop_IT
                0x00000000080074a0       0x5e Drivers/STM32F4xx_HAL_Driver/Src/stm32f4xx_hal_tim.o
                0x00000000080074a0                HAL_TIM_Base_Stop_IT
 *fill*         0x00000000080074fe        0x2 
 .text.HAL_TIM_PWM_Init
                0x0000000008007500       0xb8 Drivers/STM32F4xx_HAL_Driver/Src/stm32f4xx_hal_tim.o
                0x0000000008007500                HAL_TIM_PWM_Init
 .text.HAL_TIM_PWM_MspInit
                0x00000000080075b8       0x14 Drivers/STM32F4xx_HAL_Driver/Src/stm32f4xx_hal_tim.o
                0x00000000080075b8                HAL_TIM_PWM_MspInit
 .text.HAL_TIM_PWM_Start
                0x00000000080075cc      0x190 Drivers/STM32F4xx_HAL_Driver/Src/stm32f4xx_hal_tim.o
                0x00000000080075cc                HAL_TIM_PWM_Start
 .text.HAL_TIM_IC_Init
                0x000000000800775c       0xb8 Drivers/STM32F4xx_HAL_Driver/Src/stm32f4xx_hal_tim.o
                0x000000000800775c                HAL_TIM_IC_Init
 .text.HAL_TIM_IC_MspInit
                0x0000000008007814       0x14 Drivers/STM32F4xx_HAL_Driver/Src/stm32f4xx_hal_tim.o
                0x0000000008007814                HAL_TIM_IC_MspInit
 .text.HAL_TIM_IC_Start_IT
                0x0000000008007828      0x250 Drivers/STM32F4xx_HAL_Driver/Src/stm32f4xx_hal_tim.o
                0x0000000008007828                HAL_TIM_IC_Start_IT
 .text.HAL_TIM_IC_Stop_IT
                0x0000000008007a78      0x15c Drivers/STM32F4xx_HAL_Driver/Src/stm32f4xx_hal_tim.o
                0x0000000008007a78                HAL_TIM_IC_Stop_IT
 .text.HAL_TIM_Encoder_Init
                0x0000000008007bd4      0x168 Drivers/STM32F4xx_HAL_Driver/Src/stm32f4xx_hal_tim.o
                0x0000000008007bd4                HAL_TIM_Encoder_Init
 .text.HAL_TIM_Encoder_Start
                0x0000000008007d3c      0x11c Drivers/STM32F4xx_HAL_Driver/Src/stm32f4xx_hal_tim.o
                0x0000000008007d3c                HAL_TIM_Encoder_Start
 .text.HAL_TIM_IRQHandler
                0x0000000008007e58      0x250 Drivers/STM32F4xx_HAL_Driver/Src/stm32f4xx_hal_tim.o
                0x0000000008007e58                HAL_TIM_IRQHandler
 .text.HAL_TIM_IC_ConfigChannel
                0x00000000080080a8      0x138 Drivers/STM32F4xx_HAL_Driver/Src/stm32f4xx_hal_tim.o
                0x00000000080080a8                HAL_TIM_IC_ConfigChannel
 .text.HAL_TIM_PWM_ConfigChannel
                0x00000000080081e0      0x184 Drivers/STM32F4xx_HAL_Driver/Src/stm32f4xx_hal_tim.o
                0x00000000080081e0                HAL_TIM_PWM_ConfigChannel
 .text.HAL_TIM_ConfigClockSource
                0x0000000008008364      0x18e Drivers/STM32F4xx_HAL_Driver/Src/stm32f4xx_hal_tim.o
                0x0000000008008364                HAL_TIM_ConfigClockSource
 .text.HAL_TIM_PeriodElapsedHalfCpltCallback
                0x00000000080084f2       0x14 Drivers/STM32F4xx_HAL_Driver/Src/stm32f4xx_hal_tim.o
                0x00000000080084f2                HAL_TIM_PeriodElapsedHalfCpltCallback
 .text.HAL_TIM_OC_DelayElapsedCallback
                0x0000000008008506       0x14 Drivers/STM32F4xx_HAL_Driver/Src/stm32f4xx_hal_tim.o
                0x0000000008008506                HAL_TIM_OC_DelayElapsedCallback
 .text.HAL_TIM_IC_CaptureCallback
                0x000000000800851a       0x14 Drivers/STM32F4xx_HAL_Driver/Src/stm32f4xx_hal_tim.o
                0x000000000800851a                HAL_TIM_IC_CaptureCallback
 .text.HAL_TIM_IC_CaptureHalfCpltCallback
                0x000000000800852e       0x14 Drivers/STM32F4xx_HAL_Driver/Src/stm32f4xx_hal_tim.o
                0x000000000800852e                HAL_TIM_IC_CaptureHalfCpltCallback
 .text.HAL_TIM_PWM_PulseFinishedCallback
                0x0000000008008542       0x14 Drivers/STM32F4xx_HAL_Driver/Src/stm32f4xx_hal_tim.o
                0x0000000008008542                HAL_TIM_PWM_PulseFinishedCallback
 .text.HAL_TIM_PWM_PulseFinishedHalfCpltCallback
                0x0000000008008556       0x14 Drivers/STM32F4xx_HAL_Driver/Src/stm32f4xx_hal_tim.o
                0x0000000008008556                HAL_TIM_PWM_PulseFinishedHalfCpltCallback
 .text.HAL_TIM_TriggerCallback
                0x000000000800856a       0x14 Drivers/STM32F4xx_HAL_Driver/Src/stm32f4xx_hal_tim.o
                0x000000000800856a                HAL_TIM_TriggerCallback
 .text.HAL_TIM_TriggerHalfCpltCallback
                0x000000000800857e       0x14 Drivers/STM32F4xx_HAL_Driver/Src/stm32f4xx_hal_tim.o
                0x000000000800857e                HAL_TIM_TriggerHalfCpltCallback
 .text.HAL_TIM_ErrorCallback
                0x0000000008008592       0x14 Drivers/STM32F4xx_HAL_Driver/Src/stm32f4xx_hal_tim.o
                0x0000000008008592                HAL_TIM_ErrorCallback
 *fill*         0x00000000080085a6        0x2 
 .text.TIM_Base_SetConfig
                0x00000000080085a8      0x140 Drivers/STM32F4xx_HAL_Driver/Src/stm32f4xx_hal_tim.o
                0x00000000080085a8                TIM_Base_SetConfig
 .text.TIM_OC1_SetConfig
                0x00000000080086e8       0xe0 Drivers/STM32F4xx_HAL_Driver/Src/stm32f4xx_hal_tim.o
 .text.TIM_OC2_SetConfig
                0x00000000080087c8       0xec Drivers/STM32F4xx_HAL_Driver/Src/stm32f4xx_hal_tim.o
                0x00000000080087c8                TIM_OC2_SetConfig
 .text.TIM_OC3_SetConfig
                0x00000000080088b4       0xe8 Drivers/STM32F4xx_HAL_Driver/Src/stm32f4xx_hal_tim.o
 .text.TIM_OC4_SetConfig
                0x000000000800899c       0xac Drivers/STM32F4xx_HAL_Driver/Src/stm32f4xx_hal_tim.o
 .text.TIM_TI1_SetConfig
                0x0000000008008a48       0xe8 Drivers/STM32F4xx_HAL_Driver/Src/stm32f4xx_hal_tim.o
                0x0000000008008a48                TIM_TI1_SetConfig
 .text.TIM_TI1_ConfigInputStage
                0x0000000008008b30       0x5e Drivers/STM32F4xx_HAL_Driver/Src/stm32f4xx_hal_tim.o
 .text.TIM_TI2_SetConfig
                0x0000000008008b8e       0x7a Drivers/STM32F4xx_HAL_Driver/Src/stm32f4xx_hal_tim.o
 .text.TIM_TI2_ConfigInputStage
                0x0000000008008c08       0x60 Drivers/STM32F4xx_HAL_Driver/Src/stm32f4xx_hal_tim.o
 .text.TIM_TI3_SetConfig
                0x0000000008008c68       0x78 Drivers/STM32F4xx_HAL_Driver/Src/stm32f4xx_hal_tim.o
 .text.TIM_TI4_SetConfig
                0x0000000008008ce0       0x7a Drivers/STM32F4xx_HAL_Driver/Src/stm32f4xx_hal_tim.o
 .text.TIM_ITRx_SetConfig
                0x0000000008008d5a       0x36 Drivers/STM32F4xx_HAL_Driver/Src/stm32f4xx_hal_tim.o
 .text.TIM_ETR_SetConfig
                0x0000000008008d90       0x40 Drivers/STM32F4xx_HAL_Driver/Src/stm32f4xx_hal_tim.o
                0x0000000008008d90                TIM_ETR_SetConfig
 .text.TIM_CCxChannelCmd
                0x0000000008008dd0       0x4a Drivers/STM32F4xx_HAL_Driver/Src/stm32f4xx_hal_tim.o
                0x0000000008008dd0                TIM_CCxChannelCmd
 *fill*         0x0000000008008e1a        0x2 
 .text.TIM_ResetCallback
                0x0000000008008e1c       0xb0 Drivers/STM32F4xx_HAL_Driver/Src/stm32f4xx_hal_tim.o
                0x0000000008008e1c                TIM_ResetCallback
 .text.HAL_TIMEx_MasterConfigSynchronization
                0x0000000008008ecc       0xf8 Drivers/STM32F4xx_HAL_Driver/Src/stm32f4xx_hal_tim_ex.o
                0x0000000008008ecc                HAL_TIMEx_MasterConfigSynchronization
 .text.HAL_TIMEx_ConfigBreakDeadTime
                0x0000000008008fc4       0xa4 Drivers/STM32F4xx_HAL_Driver/Src/stm32f4xx_hal_tim_ex.o
                0x0000000008008fc4                HAL_TIMEx_ConfigBreakDeadTime
 .text.HAL_TIMEx_CommutCallback
                0x0000000008009068       0x14 Drivers/STM32F4xx_HAL_Driver/Src/stm32f4xx_hal_tim_ex.o
                0x0000000008009068                HAL_TIMEx_CommutCallback
 .text.HAL_TIMEx_CommutHalfCpltCallback
                0x000000000800907c       0x14 Drivers/STM32F4xx_HAL_Driver/Src/stm32f4xx_hal_tim_ex.o
                0x000000000800907c                HAL_TIMEx_CommutHalfCpltCallback
 .text.HAL_TIMEx_BreakCallback
                0x0000000008009090       0x14 Drivers/STM32F4xx_HAL_Driver/Src/stm32f4xx_hal_tim_ex.o
                0x0000000008009090                HAL_TIMEx_BreakCallback
 .text.HAL_UART_Init
                0x00000000080090a4       0xb4 Drivers/STM32F4xx_HAL_Driver/Src/stm32f4xx_hal_uart.o
                0x00000000080090a4                HAL_UART_Init
 .text.HAL_UART_Transmit
                0x0000000008009158      0x124 Drivers/STM32F4xx_HAL_Driver/Src/stm32f4xx_hal_uart.o
                0x0000000008009158                HAL_UART_Transmit
 .text.HAL_UART_Receive
                0x000000000800927c      0x144 Drivers/STM32F4xx_HAL_Driver/Src/stm32f4xx_hal_uart.o
                0x000000000800927c                HAL_UART_Receive
 .text.HAL_UART_Transmit_DMA
                0x00000000080093c0       0xfc Drivers/STM32F4xx_HAL_Driver/Src/stm32f4xx_hal_uart.o
                0x00000000080093c0                HAL_UART_Transmit_DMA
 .text.HAL_UART_IRQHandler
                0x00000000080094bc      0x524 Drivers/STM32F4xx_HAL_Driver/Src/stm32f4xx_hal_uart.o
                0x00000000080094bc                HAL_UART_IRQHandler
 .text.HAL_UART_TxCpltCallback
                0x00000000080099e0       0x14 Drivers/STM32F4xx_HAL_Driver/Src/stm32f4xx_hal_uart.o
                0x00000000080099e0                HAL_UART_TxCpltCallback
 .text.HAL_UART_TxHalfCpltCallback
                0x00000000080099f4       0x14 Drivers/STM32F4xx_HAL_Driver/Src/stm32f4xx_hal_uart.o
                0x00000000080099f4                HAL_UART_TxHalfCpltCallback
 .text.HAL_UART_RxCpltCallback
                0x0000000008009a08       0x14 Drivers/STM32F4xx_HAL_Driver/Src/stm32f4xx_hal_uart.o
                0x0000000008009a08                HAL_UART_RxCpltCallback
 .text.HAL_UART_RxHalfCpltCallback
                0x0000000008009a1c       0x14 Drivers/STM32F4xx_HAL_Driver/Src/stm32f4xx_hal_uart.o
                0x0000000008009a1c                HAL_UART_RxHalfCpltCallback
 .text.HAL_UART_ErrorCallback
                0x0000000008009a30       0x14 Drivers/STM32F4xx_HAL_Driver/Src/stm32f4xx_hal_uart.o
                0x0000000008009a30                HAL_UART_ErrorCallback
 .text.HAL_UART_AbortCpltCallback
                0x0000000008009a44       0x14 Drivers/STM32F4xx_HAL_Driver/Src/stm32f4xx_hal_uart.o
                0x0000000008009a44                HAL_UART_AbortCpltCallback
 .text.HAL_UART_AbortTransmitCpltCallback
                0x0000000008009a58       0x14 Drivers/STM32F4xx_HAL_Driver/Src/stm32f4xx_hal_uart.o
                0x0000000008009a58                HAL_UART_AbortTransmitCpltCallback
 .text.HAL_UART_AbortReceiveCpltCallback
                0x0000000008009a6c       0x14 Drivers/STM32F4xx_HAL_Driver/Src/stm32f4xx_hal_uart.o
                0x0000000008009a6c                HAL_UART_AbortReceiveCpltCallback
 .text.HAL_UARTEx_RxEventCallback
                0x0000000008009a80       0x18 Drivers/STM32F4xx_HAL_Driver/Src/stm32f4xx_hal_uart.o
                0x0000000008009a80                HAL_UARTEx_RxEventCallback
 .text.UART_InitCallbacksToDefault
                0x0000000008009a98       0x70 Drivers/STM32F4xx_HAL_Driver/Src/stm32f4xx_hal_uart.o
                0x0000000008009a98                UART_InitCallbacksToDefault
 .text.UART_DMATransmitCplt
                0x0000000008009b08       0x9c Drivers/STM32F4xx_HAL_Driver/Src/stm32f4xx_hal_uart.o
 .text.UART_DMATxHalfCplt
                0x0000000008009ba4       0x1e Drivers/STM32F4xx_HAL_Driver/Src/stm32f4xx_hal_uart.o
 .text.UART_DMAError
                0x0000000008009bc2       0x96 Drivers/STM32F4xx_HAL_Driver/Src/stm32f4xx_hal_uart.o
 .text.UART_WaitOnFlagUntilTimeout
                0x0000000008009c58       0xdc Drivers/STM32F4xx_HAL_Driver/Src/stm32f4xx_hal_uart.o
 .text.UART_EndTxTransfer
                0x0000000008009d34       0x50 Drivers/STM32F4xx_HAL_Driver/Src/stm32f4xx_hal_uart.o
 .text.UART_EndRxTransfer
                0x0000000008009d84       0xc6 Drivers/STM32F4xx_HAL_Driver/Src/stm32f4xx_hal_uart.o
 .text.UART_DMAAbortOnError
                0x0000000008009e4a       0x2a Drivers/STM32F4xx_HAL_Driver/Src/stm32f4xx_hal_uart.o
 .text.UART_Transmit_IT
                0x0000000008009e74       0xa0 Drivers/STM32F4xx_HAL_Driver/Src/stm32f4xx_hal_uart.o
 .text.UART_EndTransmit_IT
                0x0000000008009f14       0x32 Drivers/STM32F4xx_HAL_Driver/Src/stm32f4xx_hal_uart.o
 .text.UART_Receive_IT
                0x0000000008009f46      0x17a Drivers/STM32F4xx_HAL_Driver/Src/stm32f4xx_hal_uart.o
 .text.UART_SetConfig
                0x000000000800a0c0      0x390 Drivers/STM32F4xx_HAL_Driver/Src/stm32f4xx_hal_uart.o
 .text.__NVIC_SetPriority
                0x000000000800a450       0x54 Middlewares/Third_Party/FreeRTOS/Source/CMSIS_RTOS_V2/cmsis_os2.o
 .text.SysTick_Handler
                0x000000000800a4a4       0x20 Middlewares/Third_Party/FreeRTOS/Source/CMSIS_RTOS_V2/cmsis_os2.o
                0x000000000800a4a4                SysTick_Handler
 .text.SVC_Setup
                0x000000000800a4c4       0x12 Middlewares/Third_Party/FreeRTOS/Source/CMSIS_RTOS_V2/cmsis_os2.o
 *fill*         0x000000000800a4d6        0x2 
 .text.osKernelInitialize
                0x000000000800a4d8       0x48 Middlewares/Third_Party/FreeRTOS/Source/CMSIS_RTOS_V2/cmsis_os2.o
                0x000000000800a4d8                osKernelInitialize
 .text.osKernelStart
                0x000000000800a520       0x4c Middlewares/Third_Party/FreeRTOS/Source/CMSIS_RTOS_V2/cmsis_os2.o
                0x000000000800a520                osKernelStart
 .text.osThreadNew
                0x000000000800a56c      0x124 Middlewares/Third_Party/FreeRTOS/Source/CMSIS_RTOS_V2/cmsis_os2.o
                0x000000000800a56c                osThreadNew
 .text.osThreadSuspend
                0x000000000800a690       0x42 Middlewares/Third_Party/FreeRTOS/Source/CMSIS_RTOS_V2/cmsis_os2.o
                0x000000000800a690                osThreadSuspend
 .text.osThreadResume
                0x000000000800a6d2       0x42 Middlewares/Third_Party/FreeRTOS/Source/CMSIS_RTOS_V2/cmsis_os2.o
                0x000000000800a6d2                osThreadResume
 .text.osDelay  0x000000000800a714       0x36 Middlewares/Third_Party/FreeRTOS/Source/CMSIS_RTOS_V2/cmsis_os2.o
                0x000000000800a714                osDelay
 *fill*         0x000000000800a74a        0x2 
 .text.vApplicationGetIdleTaskMemory
                0x000000000800a74c       0x34 Middlewares/Third_Party/FreeRTOS/Source/CMSIS_RTOS_V2/cmsis_os2.o
                0x000000000800a74c                vApplicationGetIdleTaskMemory
 .text.vApplicationGetTimerTaskMemory
                0x000000000800a780       0x34 Middlewares/Third_Party/FreeRTOS/Source/CMSIS_RTOS_V2/cmsis_os2.o
                0x000000000800a780                vApplicationGetTimerTaskMemory
 .text.vListInitialise
                0x000000000800a7b4       0x40 Middlewares/Third_Party/FreeRTOS/Source/list.o
                0x000000000800a7b4                vListInitialise
 .text.vListInitialiseItem
                0x000000000800a7f4       0x1a Middlewares/Third_Party/FreeRTOS/Source/list.o
                0x000000000800a7f4                vListInitialiseItem
 .text.vListInsertEnd
                0x000000000800a80e       0x48 Middlewares/Third_Party/FreeRTOS/Source/list.o
                0x000000000800a80e                vListInsertEnd
 .text.vListInsert
                0x000000000800a856       0x72 Middlewares/Third_Party/FreeRTOS/Source/list.o
                0x000000000800a856                vListInsert
 .text.uxListRemove
                0x000000000800a8c8       0x54 Middlewares/Third_Party/FreeRTOS/Source/list.o
                0x000000000800a8c8                uxListRemove
 .text.xQueueGenericReset
                0x000000000800a91c       0xd0 Middlewares/Third_Party/FreeRTOS/Source/queue.o
                0x000000000800a91c                xQueueGenericReset
 .text.xQueueGenericCreateStatic
                0x000000000800a9ec       0xf0 Middlewares/Third_Party/FreeRTOS/Source/queue.o
                0x000000000800a9ec                xQueueGenericCreateStatic
 .text.prvInitialiseNewQueue
                0x000000000800aadc       0x46 Middlewares/Third_Party/FreeRTOS/Source/queue.o
 *fill*         0x000000000800ab22        0x2 
 .text.xQueueGenericSend
                0x000000000800ab24      0x1fc Middlewares/Third_Party/FreeRTOS/Source/queue.o
                0x000000000800ab24                xQueueGenericSend
 .text.xQueueGenericSendFromISR
                0x000000000800ad20      0x136 Middlewares/Third_Party/FreeRTOS/Source/queue.o
                0x000000000800ad20                xQueueGenericSendFromISR
 *fill*         0x000000000800ae56        0x2 
 .text.xQueueReceive
                0x000000000800ae58      0x1c0 Middlewares/Third_Party/FreeRTOS/Source/queue.o
                0x000000000800ae58                xQueueReceive
 .text.prvCopyDataToQueue
                0x000000000800b018       0xd4 Middlewares/Third_Party/FreeRTOS/Source/queue.o
 .text.prvCopyDataFromQueue
                0x000000000800b0ec       0x4c Middlewares/Third_Party/FreeRTOS/Source/queue.o
 .text.prvUnlockQueue
                0x000000000800b138       0xa4 Middlewares/Third_Party/FreeRTOS/Source/queue.o
 .text.prvIsQueueEmpty
                0x000000000800b1dc       0x2c Middlewares/Third_Party/FreeRTOS/Source/queue.o
 .text.prvIsQueueFull
                0x000000000800b208       0x30 Middlewares/Third_Party/FreeRTOS/Source/queue.o
 .text.vQueueAddToRegistry
                0x000000000800b238       0x54 Middlewares/Third_Party/FreeRTOS/Source/queue.o
                0x000000000800b238                vQueueAddToRegistry
 .text.vQueueWaitForMessageRestricted
                0x000000000800b28c       0x68 Middlewares/Third_Party/FreeRTOS/Source/queue.o
                0x000000000800b28c                vQueueWaitForMessageRestricted
 .text.xTaskCreateStatic
                0x000000000800b2f4       0xba Middlewares/Third_Party/FreeRTOS/Source/tasks.o
                0x000000000800b2f4                xTaskCreateStatic
 .text.xTaskCreate
                0x000000000800b3ae       0x8a Middlewares/Third_Party/FreeRTOS/Source/tasks.o
                0x000000000800b3ae                xTaskCreate
 .text.prvInitialiseNewTask
                0x000000000800b438      0x11e Middlewares/Third_Party/FreeRTOS/Source/tasks.o
 *fill*         0x000000000800b556        0x2 
 .text.prvAddNewTaskToReadyList
                0x000000000800b558       0xe0 Middlewares/Third_Party/FreeRTOS/Source/tasks.o
 .text.vTaskDelay
                0x000000000800b638       0x68 Middlewares/Third_Party/FreeRTOS/Source/tasks.o
                0x000000000800b638                vTaskDelay
 .text.vTaskSuspend
                0x000000000800b6a0       0xec Middlewares/Third_Party/FreeRTOS/Source/tasks.o
                0x000000000800b6a0                vTaskSuspend
 .text.prvTaskIsTaskSuspended
                0x000000000800b78c       0x64 Middlewares/Third_Party/FreeRTOS/Source/tasks.o
 .text.vTaskResume
                0x000000000800b7f0       0xbc Middlewares/Third_Party/FreeRTOS/Source/tasks.o
                0x000000000800b7f0                vTaskResume
 .text.vTaskStartScheduler
                0x000000000800b8ac       0xcc Middlewares/Third_Party/FreeRTOS/Source/tasks.o
                0x000000000800b8ac                vTaskStartScheduler
 .text.vTaskSuspendAll
                0x000000000800b978       0x1c Middlewares/Third_Party/FreeRTOS/Source/tasks.o
                0x000000000800b978                vTaskSuspendAll
 .text.xTaskResumeAll
                0x000000000800b994      0x13c Middlewares/Third_Party/FreeRTOS/Source/tasks.o
                0x000000000800b994                xTaskResumeAll
 .text.xTaskGetTickCount
                0x000000000800bad0       0x20 Middlewares/Third_Party/FreeRTOS/Source/tasks.o
                0x000000000800bad0                xTaskGetTickCount
 .text.xTaskIncrementTick
                0x000000000800baf0      0x174 Middlewares/Third_Party/FreeRTOS/Source/tasks.o
                0x000000000800baf0                xTaskIncrementTick
 .text.vTaskSwitchContext
                0x000000000800bc64       0xbc Middlewares/Third_Party/FreeRTOS/Source/tasks.o
                0x000000000800bc64                vTaskSwitchContext
 .text.vTaskPlaceOnEventList
                0x000000000800bd20       0x48 Middlewares/Third_Party/FreeRTOS/Source/tasks.o
                0x000000000800bd20                vTaskPlaceOnEventList
 .text.vTaskPlaceOnEventListRestricted
                0x000000000800bd68       0x58 Middlewares/Third_Party/FreeRTOS/Source/tasks.o
                0x000000000800bd68                vTaskPlaceOnEventListRestricted
 .text.xTaskRemoveFromEventList
                0x000000000800bdc0       0xc8 Middlewares/Third_Party/FreeRTOS/Source/tasks.o
                0x000000000800bdc0                xTaskRemoveFromEventList
 .text.vTaskInternalSetTimeOutState
                0x000000000800be88       0x2c Middlewares/Third_Party/FreeRTOS/Source/tasks.o
                0x000000000800be88                vTaskInternalSetTimeOutState
 .text.xTaskCheckForTimeOut
                0x000000000800beb4       0xc4 Middlewares/Third_Party/FreeRTOS/Source/tasks.o
                0x000000000800beb4                xTaskCheckForTimeOut
 .text.vTaskMissedYield
                0x000000000800bf78       0x18 Middlewares/Third_Party/FreeRTOS/Source/tasks.o
                0x000000000800bf78                vTaskMissedYield
 .text.prvIdleTask
                0x000000000800bf90       0x30 Middlewares/Third_Party/FreeRTOS/Source/tasks.o
 .text.prvInitialiseTaskLists
                0x000000000800bfc0       0x80 Middlewares/Third_Party/FreeRTOS/Source/tasks.o
 .text.prvCheckTasksWaitingTermination
                0x000000000800c040       0x5c Middlewares/Third_Party/FreeRTOS/Source/tasks.o
 .text.prvDeleteTCB
                0x000000000800c09c       0x5e Middlewares/Third_Party/FreeRTOS/Source/tasks.o
 *fill*         0x000000000800c0fa        0x2 
 .text.prvResetNextTaskUnblockTime
                0x000000000800c0fc       0x40 Middlewares/Third_Party/FreeRTOS/Source/tasks.o
 .text.xTaskGetSchedulerState
                0x000000000800c13c       0x3c Middlewares/Third_Party/FreeRTOS/Source/tasks.o
                0x000000000800c13c                xTaskGetSchedulerState
 .text.xTaskPriorityDisinherit
                0x000000000800c178       0xdc Middlewares/Third_Party/FreeRTOS/Source/tasks.o
                0x000000000800c178                xTaskPriorityDisinherit
 .text.prvAddCurrentTaskToDelayedList
                0x000000000800c254       0xa8 Middlewares/Third_Party/FreeRTOS/Source/tasks.o
 .text.xTimerCreateTimerTask
                0x000000000800c2fc       0x90 Middlewares/Third_Party/FreeRTOS/Source/timers.o
                0x000000000800c2fc                xTimerCreateTimerTask
 .text.xTimerGenericCommand
                0x000000000800c38c       0x9c Middlewares/Third_Party/FreeRTOS/Source/timers.o
                0x000000000800c38c                xTimerGenericCommand
 .text.prvProcessExpiredTimer
                0x000000000800c428       0x98 Middlewares/Third_Party/FreeRTOS/Source/timers.o
 .text.prvTimerTask
                0x000000000800c4c0       0x24 Middlewares/Third_Party/FreeRTOS/Source/timers.o
 .text.prvProcessTimerOrBlockTask
                0x000000000800c4e4       0x9c Middlewares/Third_Party/FreeRTOS/Source/timers.o
 .text.prvGetNextExpireTime
                0x000000000800c580       0x48 Middlewares/Third_Party/FreeRTOS/Source/timers.o
 .text.prvSampleTimeNow
                0x000000000800c5c8       0x40 Middlewares/Third_Party/FreeRTOS/Source/timers.o
 .text.prvInsertTimerInActiveList
                0x000000000800c608       0x84 Middlewares/Third_Party/FreeRTOS/Source/timers.o
 .text.prvProcessReceivedCommands
                0x000000000800c68c      0x1c4 Middlewares/Third_Party/FreeRTOS/Source/timers.o
 .text.prvSwitchTimerLists
                0x000000000800c850       0xc8 Middlewares/Third_Party/FreeRTOS/Source/timers.o
 .text.prvCheckForValidListAndQueue
                0x000000000800c918       0x80 Middlewares/Third_Party/FreeRTOS/Source/timers.o
 .text.pxPortInitialiseStack
                0x000000000800c998       0x68 Middlewares/Third_Party/FreeRTOS/Source/portable/GCC/ARM_CM4F/port.o
                0x000000000800c998                pxPortInitialiseStack
 .text.prvTaskExitError
                0x000000000800ca00       0x58 Middlewares/Third_Party/FreeRTOS/Source/portable/GCC/ARM_CM4F/port.o
 *fill*         0x000000000800ca58        0x8 
 .text.SVC_Handler
                0x000000000800ca60       0x28 Middlewares/Third_Party/FreeRTOS/Source/portable/GCC/ARM_CM4F/port.o
                0x000000000800ca60                SVC_Handler
 .text.prvPortStartFirstTask
                0x000000000800ca88       0x28 Middlewares/Third_Party/FreeRTOS/Source/portable/GCC/ARM_CM4F/port.o
 .text.xPortStartScheduler
                0x000000000800cab0      0x144 Middlewares/Third_Party/FreeRTOS/Source/portable/GCC/ARM_CM4F/port.o
                0x000000000800cab0                xPortStartScheduler
 .text.vPortEnterCritical
                0x000000000800cbf4       0x60 Middlewares/Third_Party/FreeRTOS/Source/portable/GCC/ARM_CM4F/port.o
                0x000000000800cbf4                vPortEnterCritical
 .text.vPortExitCritical
                0x000000000800cc54       0x54 Middlewares/Third_Party/FreeRTOS/Source/portable/GCC/ARM_CM4F/port.o
                0x000000000800cc54                vPortExitCritical
 *fill*         0x000000000800cca8        0x8 
 .text.PendSV_Handler
                0x000000000800ccb0       0x68 Middlewares/Third_Party/FreeRTOS/Source/portable/GCC/ARM_CM4F/port.o
                0x000000000800ccb0                PendSV_Handler
 .text.xPortSysTickHandler
                0x000000000800cd18       0x44 Middlewares/Third_Party/FreeRTOS/Source/portable/GCC/ARM_CM4F/port.o
                0x000000000800cd18                xPortSysTickHandler
 .text.vPortSetupTimerInterrupt
                0x000000000800cd5c       0x48 Middlewares/Third_Party/FreeRTOS/Source/portable/GCC/ARM_CM4F/port.o
                0x000000000800cd5c                vPortSetupTimerInterrupt
 .text.vPortEnableVFP
                0x000000000800cda4       0x14 Middlewares/Third_Party/FreeRTOS/Source/portable/GCC/ARM_CM4F/port.o
 .text.vPortValidateInterruptPriority
                0x000000000800cdb8       0x80 Middlewares/Third_Party/FreeRTOS/Source/portable/GCC/ARM_CM4F/port.o
                0x000000000800cdb8                vPortValidateInterruptPriority
 .text.pvPortMalloc
                0x000000000800ce38      0x198 Middlewares/Third_Party/FreeRTOS/Source/portable/MemMang/heap_4.o
                0x000000000800ce38                pvPortMalloc
 .text.vPortFree
                0x000000000800cfd0       0xc4 Middlewares/Third_Party/FreeRTOS/Source/portable/MemMang/heap_4.o
                0x000000000800cfd0                vPortFree
 .text.prvHeapInit
                0x000000000800d094       0xc4 Middlewares/Third_Party/FreeRTOS/Source/portable/MemMang/heap_4.o
 .text.prvInsertBlockIntoFreeList
                0x000000000800d158       0xb4 Middlewares/Third_Party/FreeRTOS/Source/portable/MemMang/heap_4.o
 .text.calloc   0x000000000800d20c       0x10 /opt/st/stm32cubeide_1.6.0/plugins/com.st.stm32cube.ide.mcu.externaltools.gnu-tools-for-stm32.9-2020-q2-update.linux64_1.5.0.202011040924/tools/bin/../lib/gcc/arm-none-eabi/9.3.1/../../../../arm-none-eabi/lib/thumb/v7e-m+fp/hard/libc_nano.a(lib_a-calloc.o)
                0x000000000800d20c                calloc
 .text.__errno  0x000000000800d21c        0xc /opt/st/stm32cubeide_1.6.0/plugins/com.st.stm32cube.ide.mcu.externaltools.gnu-tools-for-stm32.9-2020-q2-update.linux64_1.5.0.202011040924/tools/bin/../lib/gcc/arm-none-eabi/9.3.1/../../../../arm-none-eabi/lib/thumb/v7e-m+fp/hard/libc_nano.a(lib_a-errno.o)
                0x000000000800d21c                __errno
 .text.__libc_init_array
                0x000000000800d228       0x48 /opt/st/stm32cubeide_1.6.0/plugins/com.st.stm32cube.ide.mcu.externaltools.gnu-tools-for-stm32.9-2020-q2-update.linux64_1.5.0.202011040924/tools/bin/../lib/gcc/arm-none-eabi/9.3.1/../../../../arm-none-eabi/lib/thumb/v7e-m+fp/hard/libc_nano.a(lib_a-init.o)
                0x000000000800d228                __libc_init_array
 .text.malloc   0x000000000800d270       0x10 /opt/st/stm32cubeide_1.6.0/plugins/com.st.stm32cube.ide.mcu.externaltools.gnu-tools-for-stm32.9-2020-q2-update.linux64_1.5.0.202011040924/tools/bin/../lib/gcc/arm-none-eabi/9.3.1/../../../../arm-none-eabi/lib/thumb/v7e-m+fp/hard/libc_nano.a(lib_a-malloc.o)
                0x000000000800d270                malloc
 .text.memcpy   0x000000000800d280       0x1c /opt/st/stm32cubeide_1.6.0/plugins/com.st.stm32cube.ide.mcu.externaltools.gnu-tools-for-stm32.9-2020-q2-update.linux64_1.5.0.202011040924/tools/bin/../lib/gcc/arm-none-eabi/9.3.1/../../../../arm-none-eabi/lib/thumb/v7e-m+fp/hard/libc_nano.a(lib_a-memcpy-stub.o)
                0x000000000800d280                memcpy
 .text.memset   0x000000000800d29c       0x10 /opt/st/stm32cubeide_1.6.0/plugins/com.st.stm32cube.ide.mcu.externaltools.gnu-tools-for-stm32.9-2020-q2-update.linux64_1.5.0.202011040924/tools/bin/../lib/gcc/arm-none-eabi/9.3.1/../../../../arm-none-eabi/lib/thumb/v7e-m+fp/hard/libc_nano.a(lib_a-memset.o)
                0x000000000800d29c                memset
 .text._calloc_r
                0x000000000800d2ac       0x1e /opt/st/stm32cubeide_1.6.0/plugins/com.st.stm32cube.ide.mcu.externaltools.gnu-tools-for-stm32.9-2020-q2-update.linux64_1.5.0.202011040924/tools/bin/../lib/gcc/arm-none-eabi/9.3.1/../../../../arm-none-eabi/lib/thumb/v7e-m+fp/hard/libc_nano.a(lib_a-nano-callocr.o)
                0x000000000800d2ac                _calloc_r
 *fill*         0x000000000800d2ca        0x2 
 .text._free_r  0x000000000800d2cc       0xa0 /opt/st/stm32cubeide_1.6.0/plugins/com.st.stm32cube.ide.mcu.externaltools.gnu-tools-for-stm32.9-2020-q2-update.linux64_1.5.0.202011040924/tools/bin/../lib/gcc/arm-none-eabi/9.3.1/../../../../arm-none-eabi/lib/thumb/v7e-m+fp/hard/libc_nano.a(lib_a-nano-freer.o)
                0x000000000800d2cc                _free_r
 .text._malloc_r
                0x000000000800d36c       0xb4 /opt/st/stm32cubeide_1.6.0/plugins/com.st.stm32cube.ide.mcu.externaltools.gnu-tools-for-stm32.9-2020-q2-update.linux64_1.5.0.202011040924/tools/bin/../lib/gcc/arm-none-eabi/9.3.1/../../../../arm-none-eabi/lib/thumb/v7e-m+fp/hard/libc_nano.a(lib_a-nano-mallocr.o)
                0x000000000800d36c                _malloc_r
 .text.__cvt    0x000000000800d420       0xc4 /opt/st/stm32cubeide_1.6.0/plugins/com.st.stm32cube.ide.mcu.externaltools.gnu-tools-for-stm32.9-2020-q2-update.linux64_1.5.0.202011040924/tools/bin/../lib/gcc/arm-none-eabi/9.3.1/../../../../arm-none-eabi/lib/thumb/v7e-m+fp/hard/libc_nano.a(lib_a-nano-vfprintf_float.o)
                0x000000000800d420                __cvt
 .text.__exponent
                0x000000000800d4e4       0x7c /opt/st/stm32cubeide_1.6.0/plugins/com.st.stm32cube.ide.mcu.externaltools.gnu-tools-for-stm32.9-2020-q2-update.linux64_1.5.0.202011040924/tools/bin/../lib/gcc/arm-none-eabi/9.3.1/../../../../arm-none-eabi/lib/thumb/v7e-m+fp/hard/libc_nano.a(lib_a-nano-vfprintf_float.o)
                0x000000000800d4e4                __exponent
 .text._printf_float
                0x000000000800d560      0x46c /opt/st/stm32cubeide_1.6.0/plugins/com.st.stm32cube.ide.mcu.externaltools.gnu-tools-for-stm32.9-2020-q2-update.linux64_1.5.0.202011040924/tools/bin/../lib/gcc/arm-none-eabi/9.3.1/../../../../arm-none-eabi/lib/thumb/v7e-m+fp/hard/libc_nano.a(lib_a-nano-vfprintf_float.o)
                0x000000000800d560                _printf_float
 .text._printf_common
                0x000000000800d9cc       0xda /opt/st/stm32cubeide_1.6.0/plugins/com.st.stm32cube.ide.mcu.externaltools.gnu-tools-for-stm32.9-2020-q2-update.linux64_1.5.0.202011040924/tools/bin/../lib/gcc/arm-none-eabi/9.3.1/../../../../arm-none-eabi/lib/thumb/v7e-m+fp/hard/libc_nano.a(lib_a-nano-vfprintf_i.o)
                0x000000000800d9cc                _printf_common
 *fill*         0x000000000800daa6        0x2 
 .text._printf_i
                0x000000000800daa8      0x24c /opt/st/stm32cubeide_1.6.0/plugins/com.st.stm32cube.ide.mcu.externaltools.gnu-tools-for-stm32.9-2020-q2-update.linux64_1.5.0.202011040924/tools/bin/../lib/gcc/arm-none-eabi/9.3.1/../../../../arm-none-eabi/lib/thumb/v7e-m+fp/hard/libc_nano.a(lib_a-nano-vfprintf_i.o)
                0x000000000800daa8                _printf_i
 .text._scanf_float
                0x000000000800dcf4      0x420 /opt/st/stm32cubeide_1.6.0/plugins/com.st.stm32cube.ide.mcu.externaltools.gnu-tools-for-stm32.9-2020-q2-update.linux64_1.5.0.202011040924/tools/bin/../lib/gcc/arm-none-eabi/9.3.1/../../../../arm-none-eabi/lib/thumb/v7e-m+fp/hard/libc_nano.a(lib_a-nano-vfscanf_float.o)
                0x000000000800dcf4                _scanf_float
 .text._sbrk_r  0x000000000800e114       0x20 /opt/st/stm32cubeide_1.6.0/plugins/com.st.stm32cube.ide.mcu.externaltools.gnu-tools-for-stm32.9-2020-q2-update.linux64_1.5.0.202011040924/tools/bin/../lib/gcc/arm-none-eabi/9.3.1/../../../../arm-none-eabi/lib/thumb/v7e-m+fp/hard/libc_nano.a(lib_a-sbrkr.o)
                0x000000000800e114                _sbrk_r
 .text.nanf     0x000000000800e134        0xc /opt/st/stm32cubeide_1.6.0/plugins/com.st.stm32cube.ide.mcu.externaltools.gnu-tools-for-stm32.9-2020-q2-update.linux64_1.5.0.202011040924/tools/bin/../lib/gcc/arm-none-eabi/9.3.1/../../../../arm-none-eabi/lib/thumb/v7e-m+fp/hard/libc_nano.a(lib_a-sf_nan.o)
                0x000000000800e134                nanf
 .text.sprintf  0x000000000800e140       0x40 /opt/st/stm32cubeide_1.6.0/plugins/com.st.stm32cube.ide.mcu.externaltools.gnu-tools-for-stm32.9-2020-q2-update.linux64_1.5.0.202011040924/tools/bin/../lib/gcc/arm-none-eabi/9.3.1/../../../../arm-none-eabi/lib/thumb/v7e-m+fp/hard/libc_nano.a(lib_a-sprintf.o)
                0x000000000800e140                sprintf
                0x000000000800e140                siprintf
 .text.strcat   0x000000000800e180       0x1e /opt/st/stm32cubeide_1.6.0/plugins/com.st.stm32cube.ide.mcu.externaltools.gnu-tools-for-stm32.9-2020-q2-update.linux64_1.5.0.202011040924/tools/bin/../lib/gcc/arm-none-eabi/9.3.1/../../../../arm-none-eabi/lib/thumb/v7e-m+fp/hard/libc_nano.a(lib_a-strcat.o)
                0x000000000800e180                strcat
 .text.sulp     0x000000000800e19e       0x38 /opt/st/stm32cubeide_1.6.0/plugins/com.st.stm32cube.ide.mcu.externaltools.gnu-tools-for-stm32.9-2020-q2-update.linux64_1.5.0.202011040924/tools/bin/../lib/gcc/arm-none-eabi/9.3.1/../../../../arm-none-eabi/lib/thumb/v7e-m+fp/hard/libc_nano.a(lib_a-strtod.o)
 *fill*         0x000000000800e1d6        0x2 
 .text._strtod_l
                0x000000000800e1d8      0xc14 /opt/st/stm32cubeide_1.6.0/plugins/com.st.stm32cube.ide.mcu.externaltools.gnu-tools-for-stm32.9-2020-q2-update.linux64_1.5.0.202011040924/tools/bin/../lib/gcc/arm-none-eabi/9.3.1/../../../../arm-none-eabi/lib/thumb/v7e-m+fp/hard/libc_nano.a(lib_a-strtod.o)
                0x000000000800e1d8                _strtod_l
 .text._strtod_r
                0x000000000800edec        0xc /opt/st/stm32cubeide_1.6.0/plugins/com.st.stm32cube.ide.mcu.externaltools.gnu-tools-for-stm32.9-2020-q2-update.linux64_1.5.0.202011040924/tools/bin/../lib/gcc/arm-none-eabi/9.3.1/../../../../arm-none-eabi/lib/thumb/v7e-m+fp/hard/libc_nano.a(lib_a-strtod.o)
                0x000000000800edec                _strtod_r
 .text._strtol_l.isra.0
                0x000000000800edf8      0x108 /opt/st/stm32cubeide_1.6.0/plugins/com.st.stm32cube.ide.mcu.externaltools.gnu-tools-for-stm32.9-2020-q2-update.linux64_1.5.0.202011040924/tools/bin/../lib/gcc/arm-none-eabi/9.3.1/../../../../arm-none-eabi/lib/thumb/v7e-m+fp/hard/libc_nano.a(lib_a-strtol.o)
 .text._strtol_r
                0x000000000800ef00        0x4 /opt/st/stm32cubeide_1.6.0/plugins/com.st.stm32cube.ide.mcu.externaltools.gnu-tools-for-stm32.9-2020-q2-update.linux64_1.5.0.202011040924/tools/bin/../lib/gcc/arm-none-eabi/9.3.1/../../../../arm-none-eabi/lib/thumb/v7e-m+fp/hard/libc_nano.a(lib_a-strtol.o)
                0x000000000800ef00                _strtol_r
 .text.__swbuf_r
                0x000000000800ef04       0xa4 /opt/st/stm32cubeide_1.6.0/plugins/com.st.stm32cube.ide.mcu.externaltools.gnu-tools-for-stm32.9-2020-q2-update.linux64_1.5.0.202011040924/tools/bin/../lib/gcc/arm-none-eabi/9.3.1/../../../../arm-none-eabi/lib/thumb/v7e-m+fp/hard/libc_nano.a(lib_a-wbuf.o)
                0x000000000800ef04                __swbuf_r
 .text.__swsetup_r
                0x000000000800efa8       0xdc /opt/st/stm32cubeide_1.6.0/plugins/com.st.stm32cube.ide.mcu.externaltools.gnu-tools-for-stm32.9-2020-q2-update.linux64_1.5.0.202011040924/tools/bin/../lib/gcc/arm-none-eabi/9.3.1/../../../../arm-none-eabi/lib/thumb/v7e-m+fp/hard/libc_nano.a(lib_a-wsetup.o)
                0x000000000800efa8                __swsetup_r
 .text.quorem   0x000000000800f084      0x116 /opt/st/stm32cubeide_1.6.0/plugins/com.st.stm32cube.ide.mcu.externaltools.gnu-tools-for-stm32.9-2020-q2-update.linux64_1.5.0.202011040924/tools/bin/../lib/gcc/arm-none-eabi/9.3.1/../../../../arm-none-eabi/lib/thumb/v7e-m+fp/hard/libc_nano.a(lib_a-dtoa.o)
 *fill*         0x000000000800f19a        0x6 
 .text._dtoa_r  0x000000000800f1a0      0xbd8 /opt/st/stm32cubeide_1.6.0/plugins/com.st.stm32cube.ide.mcu.externaltools.gnu-tools-for-stm32.9-2020-q2-update.linux64_1.5.0.202011040924/tools/bin/../lib/gcc/arm-none-eabi/9.3.1/../../../../arm-none-eabi/lib/thumb/v7e-m+fp/hard/libc_nano.a(lib_a-dtoa.o)
                0x000000000800f1a0                _dtoa_r
 .text.__sflush_r
                0x000000000800fd78      0x10c /opt/st/stm32cubeide_1.6.0/plugins/com.st.stm32cube.ide.mcu.externaltools.gnu-tools-for-stm32.9-2020-q2-update.linux64_1.5.0.202011040924/tools/bin/../lib/gcc/arm-none-eabi/9.3.1/../../../../arm-none-eabi/lib/thumb/v7e-m+fp/hard/libc_nano.a(lib_a-fflush.o)
                0x000000000800fd78                __sflush_r
 .text._fflush_r
                0x000000000800fe84       0x78 /opt/st/stm32cubeide_1.6.0/plugins/com.st.stm32cube.ide.mcu.externaltools.gnu-tools-for-stm32.9-2020-q2-update.linux64_1.5.0.202011040924/tools/bin/../lib/gcc/arm-none-eabi/9.3.1/../../../../arm-none-eabi/lib/thumb/v7e-m+fp/hard/libc_nano.a(lib_a-fflush.o)
                0x000000000800fe84                _fflush_r
 .text.std      0x000000000800fefc       0x48 /opt/st/stm32cubeide_1.6.0/plugins/com.st.stm32cube.ide.mcu.externaltools.gnu-tools-for-stm32.9-2020-q2-update.linux64_1.5.0.202011040924/tools/bin/../lib/gcc/arm-none-eabi/9.3.1/../../../../arm-none-eabi/lib/thumb/v7e-m+fp/hard/libc_nano.a(lib_a-findfp.o)
 .text._cleanup_r
                0x000000000800ff44        0xc /opt/st/stm32cubeide_1.6.0/plugins/com.st.stm32cube.ide.mcu.externaltools.gnu-tools-for-stm32.9-2020-q2-update.linux64_1.5.0.202011040924/tools/bin/../lib/gcc/arm-none-eabi/9.3.1/../../../../arm-none-eabi/lib/thumb/v7e-m+fp/hard/libc_nano.a(lib_a-findfp.o)
                0x000000000800ff44                _cleanup_r
 .text.__sfmoreglue
                0x000000000800ff50       0x2c /opt/st/stm32cubeide_1.6.0/plugins/com.st.stm32cube.ide.mcu.externaltools.gnu-tools-for-stm32.9-2020-q2-update.linux64_1.5.0.202011040924/tools/bin/../lib/gcc/arm-none-eabi/9.3.1/../../../../arm-none-eabi/lib/thumb/v7e-m+fp/hard/libc_nano.a(lib_a-findfp.o)
                0x000000000800ff50                __sfmoreglue
 .text.__sfp_lock_acquire
                0x000000000800ff7c        0xc /opt/st/stm32cubeide_1.6.0/plugins/com.st.stm32cube.ide.mcu.externaltools.gnu-tools-for-stm32.9-2020-q2-update.linux64_1.5.0.202011040924/tools/bin/../lib/gcc/arm-none-eabi/9.3.1/../../../../arm-none-eabi/lib/thumb/v7e-m+fp/hard/libc_nano.a(lib_a-findfp.o)
                0x000000000800ff7c                __sfp_lock_acquire
 .text.__sfp_lock_release
                0x000000000800ff88        0xc /opt/st/stm32cubeide_1.6.0/plugins/com.st.stm32cube.ide.mcu.externaltools.gnu-tools-for-stm32.9-2020-q2-update.linux64_1.5.0.202011040924/tools/bin/../lib/gcc/arm-none-eabi/9.3.1/../../../../arm-none-eabi/lib/thumb/v7e-m+fp/hard/libc_nano.a(lib_a-findfp.o)
                0x000000000800ff88                __sfp_lock_release
 .text.__sinit_lock_acquire
                0x000000000800ff94        0xc /opt/st/stm32cubeide_1.6.0/plugins/com.st.stm32cube.ide.mcu.externaltools.gnu-tools-for-stm32.9-2020-q2-update.linux64_1.5.0.202011040924/tools/bin/../lib/gcc/arm-none-eabi/9.3.1/../../../../arm-none-eabi/lib/thumb/v7e-m+fp/hard/libc_nano.a(lib_a-findfp.o)
                0x000000000800ff94                __sinit_lock_acquire
 .text.__sinit_lock_release
                0x000000000800ffa0        0xc /opt/st/stm32cubeide_1.6.0/plugins/com.st.stm32cube.ide.mcu.externaltools.gnu-tools-for-stm32.9-2020-q2-update.linux64_1.5.0.202011040924/tools/bin/../lib/gcc/arm-none-eabi/9.3.1/../../../../arm-none-eabi/lib/thumb/v7e-m+fp/hard/libc_nano.a(lib_a-findfp.o)
                0x000000000800ffa0                __sinit_lock_release
 .text.__sinit  0x000000000800ffac       0x70 /opt/st/stm32cubeide_1.6.0/plugins/com.st.stm32cube.ide.mcu.externaltools.gnu-tools-for-stm32.9-2020-q2-update.linux64_1.5.0.202011040924/tools/bin/../lib/gcc/arm-none-eabi/9.3.1/../../../../arm-none-eabi/lib/thumb/v7e-m+fp/hard/libc_nano.a(lib_a-findfp.o)
                0x000000000800ffac                __sinit
 .text.__sfp    0x000000000801001c       0x8c /opt/st/stm32cubeide_1.6.0/plugins/com.st.stm32cube.ide.mcu.externaltools.gnu-tools-for-stm32.9-2020-q2-update.linux64_1.5.0.202011040924/tools/bin/../lib/gcc/arm-none-eabi/9.3.1/../../../../arm-none-eabi/lib/thumb/v7e-m+fp/hard/libc_nano.a(lib_a-findfp.o)
                0x000000000801001c                __sfp
 .text._fwalk_reent
                0x00000000080100a8       0x3e /opt/st/stm32cubeide_1.6.0/plugins/com.st.stm32cube.ide.mcu.externaltools.gnu-tools-for-stm32.9-2020-q2-update.linux64_1.5.0.202011040924/tools/bin/../lib/gcc/arm-none-eabi/9.3.1/../../../../arm-none-eabi/lib/thumb/v7e-m+fp/hard/libc_nano.a(lib_a-fwalk.o)
                0x00000000080100a8                _fwalk_reent
 .text.rshift   0x00000000080100e6       0xa4 /opt/st/stm32cubeide_1.6.0/plugins/com.st.stm32cube.ide.mcu.externaltools.gnu-tools-for-stm32.9-2020-q2-update.linux64_1.5.0.202011040924/tools/bin/../lib/gcc/arm-none-eabi/9.3.1/../../../../arm-none-eabi/lib/thumb/v7e-m+fp/hard/libc_nano.a(lib_a-gdtoa-gethex.o)
 .text.__hexdig_fun
                0x000000000801018a       0x2a /opt/st/stm32cubeide_1.6.0/plugins/com.st.stm32cube.ide.mcu.externaltools.gnu-tools-for-stm32.9-2020-q2-update.linux64_1.5.0.202011040924/tools/bin/../lib/gcc/arm-none-eabi/9.3.1/../../../../arm-none-eabi/lib/thumb/v7e-m+fp/hard/libc_nano.a(lib_a-gdtoa-gethex.o)
                0x000000000801018a                __hexdig_fun
 .text.__gethex
                0x00000000080101b4      0x48c /opt/st/stm32cubeide_1.6.0/plugins/com.st.stm32cube.ide.mcu.externaltools.gnu-tools-for-stm32.9-2020-q2-update.linux64_1.5.0.202011040924/tools/bin/../lib/gcc/arm-none-eabi/9.3.1/../../../../arm-none-eabi/lib/thumb/v7e-m+fp/hard/libc_nano.a(lib_a-gdtoa-gethex.o)
                0x00000000080101b4                __gethex
 .text.L_shift  0x0000000008010640       0x24 /opt/st/stm32cubeide_1.6.0/plugins/com.st.stm32cube.ide.mcu.externaltools.gnu-tools-for-stm32.9-2020-q2-update.linux64_1.5.0.202011040924/tools/bin/../lib/gcc/arm-none-eabi/9.3.1/../../../../arm-none-eabi/lib/thumb/v7e-m+fp/hard/libc_nano.a(lib_a-gdtoa-hexnan.o)
 .text.__match  0x0000000008010664       0x28 /opt/st/stm32cubeide_1.6.0/plugins/com.st.stm32cube.ide.mcu.externaltools.gnu-tools-for-stm32.9-2020-q2-update.linux64_1.5.0.202011040924/tools/bin/../lib/gcc/arm-none-eabi/9.3.1/../../../../arm-none-eabi/lib/thumb/v7e-m+fp/hard/libc_nano.a(lib_a-gdtoa-hexnan.o)
                0x0000000008010664                __match
 .text.__hexnan
                0x000000000801068c      0x138 /opt/st/stm32cubeide_1.6.0/plugins/com.st.stm32cube.ide.mcu.externaltools.gnu-tools-for-stm32.9-2020-q2-update.linux64_1.5.0.202011040924/tools/bin/../lib/gcc/arm-none-eabi/9.3.1/../../../../arm-none-eabi/lib/thumb/v7e-m+fp/hard/libc_nano.a(lib_a-gdtoa-hexnan.o)
                0x000000000801068c                __hexnan
 .text._localeconv_r
                0x00000000080107c4        0x8 /opt/st/stm32cubeide_1.6.0/plugins/com.st.stm32cube.ide.mcu.externaltools.gnu-tools-for-stm32.9-2020-q2-update.linux64_1.5.0.202011040924/tools/bin/../lib/gcc/arm-none-eabi/9.3.1/../../../../arm-none-eabi/lib/thumb/v7e-m+fp/hard/libc_nano.a(lib_a-localeconv.o)
                0x00000000080107c4                _localeconv_r
 .text.__retarget_lock_init_recursive
                0x00000000080107cc        0x2 /opt/st/stm32cubeide_1.6.0/plugins/com.st.stm32cube.ide.mcu.externaltools.gnu-tools-for-stm32.9-2020-q2-update.linux64_1.5.0.202011040924/tools/bin/../lib/gcc/arm-none-eabi/9.3.1/../../../../arm-none-eabi/lib/thumb/v7e-m+fp/hard/libc_nano.a(lib_a-lock.o)
                0x00000000080107cc                __retarget_lock_init_recursive
 .text.__retarget_lock_acquire_recursive
                0x00000000080107ce        0x2 /opt/st/stm32cubeide_1.6.0/plugins/com.st.stm32cube.ide.mcu.externaltools.gnu-tools-for-stm32.9-2020-q2-update.linux64_1.5.0.202011040924/tools/bin/../lib/gcc/arm-none-eabi/9.3.1/../../../../arm-none-eabi/lib/thumb/v7e-m+fp/hard/libc_nano.a(lib_a-lock.o)
                0x00000000080107ce                __retarget_lock_acquire_recursive
 .text.__retarget_lock_release_recursive
                0x00000000080107d0        0x2 /opt/st/stm32cubeide_1.6.0/plugins/com.st.stm32cube.ide.mcu.externaltools.gnu-tools-for-stm32.9-2020-q2-update.linux64_1.5.0.202011040924/tools/bin/../lib/gcc/arm-none-eabi/9.3.1/../../../../arm-none-eabi/lib/thumb/v7e-m+fp/hard/libc_nano.a(lib_a-lock.o)
                0x00000000080107d0                __retarget_lock_release_recursive
 .text.__swhatbuf_r
                0x00000000080107d2       0x48 /opt/st/stm32cubeide_1.6.0/plugins/com.st.stm32cube.ide.mcu.externaltools.gnu-tools-for-stm32.9-2020-q2-update.linux64_1.5.0.202011040924/tools/bin/../lib/gcc/arm-none-eabi/9.3.1/../../../../arm-none-eabi/lib/thumb/v7e-m+fp/hard/libc_nano.a(lib_a-makebuf.o)
                0x00000000080107d2                __swhatbuf_r
 *fill*         0x000000000801081a        0x2 
 .text.__smakebuf_r
                0x000000000801081c       0x80 /opt/st/stm32cubeide_1.6.0/plugins/com.st.stm32cube.ide.mcu.externaltools.gnu-tools-for-stm32.9-2020-q2-update.linux64_1.5.0.202011040924/tools/bin/../lib/gcc/arm-none-eabi/9.3.1/../../../../arm-none-eabi/lib/thumb/v7e-m+fp/hard/libc_nano.a(lib_a-makebuf.o)
                0x000000000801081c                __smakebuf_r
 .text.__ascii_mbtowc
                0x000000000801089c       0x24 /opt/st/stm32cubeide_1.6.0/plugins/com.st.stm32cube.ide.mcu.externaltools.gnu-tools-for-stm32.9-2020-q2-update.linux64_1.5.0.202011040924/tools/bin/../lib/gcc/arm-none-eabi/9.3.1/../../../../arm-none-eabi/lib/thumb/v7e-m+fp/hard/libc_nano.a(lib_a-mbtowc_r.o)
                0x000000000801089c                __ascii_mbtowc
 .text.__malloc_lock
                0x00000000080108c0        0xc /opt/st/stm32cubeide_1.6.0/plugins/com.st.stm32cube.ide.mcu.externaltools.gnu-tools-for-stm32.9-2020-q2-update.linux64_1.5.0.202011040924/tools/bin/../lib/gcc/arm-none-eabi/9.3.1/../../../../arm-none-eabi/lib/thumb/v7e-m+fp/hard/libc_nano.a(lib_a-mlock.o)
                0x00000000080108c0                __malloc_lock
 .text.__malloc_unlock
                0x00000000080108cc        0xc /opt/st/stm32cubeide_1.6.0/plugins/com.st.stm32cube.ide.mcu.externaltools.gnu-tools-for-stm32.9-2020-q2-update.linux64_1.5.0.202011040924/tools/bin/../lib/gcc/arm-none-eabi/9.3.1/../../../../arm-none-eabi/lib/thumb/v7e-m+fp/hard/libc_nano.a(lib_a-mlock.o)
                0x00000000080108cc                __malloc_unlock
 .text._Balloc  0x00000000080108d8       0x80 /opt/st/stm32cubeide_1.6.0/plugins/com.st.stm32cube.ide.mcu.externaltools.gnu-tools-for-stm32.9-2020-q2-update.linux64_1.5.0.202011040924/tools/bin/../lib/gcc/arm-none-eabi/9.3.1/../../../../arm-none-eabi/lib/thumb/v7e-m+fp/hard/libc_nano.a(lib_a-mprec.o)
                0x00000000080108d8                _Balloc
 .text._Bfree   0x0000000008010958       0x44 /opt/st/stm32cubeide_1.6.0/plugins/com.st.stm32cube.ide.mcu.externaltools.gnu-tools-for-stm32.9-2020-q2-update.linux64_1.5.0.202011040924/tools/bin/../lib/gcc/arm-none-eabi/9.3.1/../../../../arm-none-eabi/lib/thumb/v7e-m+fp/hard/libc_nano.a(lib_a-mprec.o)
                0x0000000008010958                _Bfree
 .text.__multadd
                0x000000000801099c       0x94 /opt/st/stm32cubeide_1.6.0/plugins/com.st.stm32cube.ide.mcu.externaltools.gnu-tools-for-stm32.9-2020-q2-update.linux64_1.5.0.202011040924/tools/bin/../lib/gcc/arm-none-eabi/9.3.1/../../../../arm-none-eabi/lib/thumb/v7e-m+fp/hard/libc_nano.a(lib_a-mprec.o)
                0x000000000801099c                __multadd
 .text.__s2b    0x0000000008010a30       0x94 /opt/st/stm32cubeide_1.6.0/plugins/com.st.stm32cube.ide.mcu.externaltools.gnu-tools-for-stm32.9-2020-q2-update.linux64_1.5.0.202011040924/tools/bin/../lib/gcc/arm-none-eabi/9.3.1/../../../../arm-none-eabi/lib/thumb/v7e-m+fp/hard/libc_nano.a(lib_a-mprec.o)
                0x0000000008010a30                __s2b
 .text.__hi0bits
                0x0000000008010ac4       0x40 /opt/st/stm32cubeide_1.6.0/plugins/com.st.stm32cube.ide.mcu.externaltools.gnu-tools-for-stm32.9-2020-q2-update.linux64_1.5.0.202011040924/tools/bin/../lib/gcc/arm-none-eabi/9.3.1/../../../../arm-none-eabi/lib/thumb/v7e-m+fp/hard/libc_nano.a(lib_a-mprec.o)
                0x0000000008010ac4                __hi0bits
 .text.__lo0bits
                0x0000000008010b04       0x60 /opt/st/stm32cubeide_1.6.0/plugins/com.st.stm32cube.ide.mcu.externaltools.gnu-tools-for-stm32.9-2020-q2-update.linux64_1.5.0.202011040924/tools/bin/../lib/gcc/arm-none-eabi/9.3.1/../../../../arm-none-eabi/lib/thumb/v7e-m+fp/hard/libc_nano.a(lib_a-mprec.o)
                0x0000000008010b04                __lo0bits
 .text.__i2b    0x0000000008010b64       0x2c /opt/st/stm32cubeide_1.6.0/plugins/com.st.stm32cube.ide.mcu.externaltools.gnu-tools-for-stm32.9-2020-q2-update.linux64_1.5.0.202011040924/tools/bin/../lib/gcc/arm-none-eabi/9.3.1/../../../../arm-none-eabi/lib/thumb/v7e-m+fp/hard/libc_nano.a(lib_a-mprec.o)
                0x0000000008010b64                __i2b
 .text.__multiply
                0x0000000008010b90      0x14c /opt/st/stm32cubeide_1.6.0/plugins/com.st.stm32cube.ide.mcu.externaltools.gnu-tools-for-stm32.9-2020-q2-update.linux64_1.5.0.202011040924/tools/bin/../lib/gcc/arm-none-eabi/9.3.1/../../../../arm-none-eabi/lib/thumb/v7e-m+fp/hard/libc_nano.a(lib_a-mprec.o)
                0x0000000008010b90                __multiply
 .text.__pow5mult
                0x0000000008010cdc       0xb4 /opt/st/stm32cubeide_1.6.0/plugins/com.st.stm32cube.ide.mcu.externaltools.gnu-tools-for-stm32.9-2020-q2-update.linux64_1.5.0.202011040924/tools/bin/../lib/gcc/arm-none-eabi/9.3.1/../../../../arm-none-eabi/lib/thumb/v7e-m+fp/hard/libc_nano.a(lib_a-mprec.o)
                0x0000000008010cdc                __pow5mult
 .text.__lshift
                0x0000000008010d90       0xd8 /opt/st/stm32cubeide_1.6.0/plugins/com.st.stm32cube.ide.mcu.externaltools.gnu-tools-for-stm32.9-2020-q2-update.linux64_1.5.0.202011040924/tools/bin/../lib/gcc/arm-none-eabi/9.3.1/../../../../arm-none-eabi/lib/thumb/v7e-m+fp/hard/libc_nano.a(lib_a-mprec.o)
                0x0000000008010d90                __lshift
 .text.__mcmp   0x0000000008010e68       0x38 /opt/st/stm32cubeide_1.6.0/plugins/com.st.stm32cube.ide.mcu.externaltools.gnu-tools-for-stm32.9-2020-q2-update.linux64_1.5.0.202011040924/tools/bin/../lib/gcc/arm-none-eabi/9.3.1/../../../../arm-none-eabi/lib/thumb/v7e-m+fp/hard/libc_nano.a(lib_a-mprec.o)
                0x0000000008010e68                __mcmp
 .text.__mdiff  0x0000000008010ea0      0x110 /opt/st/stm32cubeide_1.6.0/plugins/com.st.stm32cube.ide.mcu.externaltools.gnu-tools-for-stm32.9-2020-q2-update.linux64_1.5.0.202011040924/tools/bin/../lib/gcc/arm-none-eabi/9.3.1/../../../../arm-none-eabi/lib/thumb/v7e-m+fp/hard/libc_nano.a(lib_a-mprec.o)
                0x0000000008010ea0                __mdiff
 .text.__ulp    0x0000000008010fb0       0x58 /opt/st/stm32cubeide_1.6.0/plugins/com.st.stm32cube.ide.mcu.externaltools.gnu-tools-for-stm32.9-2020-q2-update.linux64_1.5.0.202011040924/tools/bin/../lib/gcc/arm-none-eabi/9.3.1/../../../../arm-none-eabi/lib/thumb/v7e-m+fp/hard/libc_nano.a(lib_a-mprec.o)
                0x0000000008010fb0                __ulp
 .text.__b2d    0x0000000008011008       0xa0 /opt/st/stm32cubeide_1.6.0/plugins/com.st.stm32cube.ide.mcu.externaltools.gnu-tools-for-stm32.9-2020-q2-update.linux64_1.5.0.202011040924/tools/bin/../lib/gcc/arm-none-eabi/9.3.1/../../../../arm-none-eabi/lib/thumb/v7e-m+fp/hard/libc_nano.a(lib_a-mprec.o)
                0x0000000008011008                __b2d
 .text.__d2b    0x00000000080110a8       0xb8 /opt/st/stm32cubeide_1.6.0/plugins/com.st.stm32cube.ide.mcu.externaltools.gnu-tools-for-stm32.9-2020-q2-update.linux64_1.5.0.202011040924/tools/bin/../lib/gcc/arm-none-eabi/9.3.1/../../../../arm-none-eabi/lib/thumb/v7e-m+fp/hard/libc_nano.a(lib_a-mprec.o)
                0x00000000080110a8                __d2b
 .text.__ratio  0x0000000008011160       0x66 /opt/st/stm32cubeide_1.6.0/plugins/com.st.stm32cube.ide.mcu.externaltools.gnu-tools-for-stm32.9-2020-q2-update.linux64_1.5.0.202011040924/tools/bin/../lib/gcc/arm-none-eabi/9.3.1/../../../../arm-none-eabi/lib/thumb/v7e-m+fp/hard/libc_nano.a(lib_a-mprec.o)
                0x0000000008011160                __ratio
 .text.__copybits