main.c:141:5:main	16	static
main.c:274:6:SystemClock_Config	88	static
main.c:320:13:MX_TIM1_Init	80	static
main.c:397:13:MX_TIM2_Init	56	static
main.c:446:13:MX_TIM3_Init	32	static
main.c:491:13:MX_TIM5_Init	56	static
main.c:540:13:MX_USART3_UART_Init	8	static
main.c:571:13:MX_DMA_Init	16	static
main.c:589:13:MX_GPIO_Init	48	static
main.c:651:13:MAIN_DATASTREAM_Init	32	static
main.c:666:13:MAIN_DIFFDRIVE_Init	48	static
main.c:730:13:MAIN_MAF_Init	56	static
main.c:764:6:MoveDifferentialDrive	64	static
main.c:891:6:InfraredSensor	24	static
main.c:920:6:TxStream	432	static,ignoring_inline_asm
main.c:1059:6:RxStream	560	static,ignoring_inline_asm
main.c:1301:6:HAL_TIM_PeriodElapsedCallback	16	static
main.c:1318:6:Error_Handler	4	static,ignoring_inline_asm
