main.c:126:5:main	16	static
main.c:256:6:SystemClock_Config	88	static
main.c:302:13:MX_TIM1_Init	80	static
main.c:379:13:MX_TIM2_Init	56	static
main.c:428:13:MX_TIM3_Init	32	static
main.c:473:13:MX_TIM5_Init	56	static
main.c:522:13:MX_USART3_UART_Init	8	static
main.c:553:13:MX_DMA_Init	16	static
main.c:574:13:MX_GPIO_Init	48	static
main.c:636:13:MAIN_DIFFDRIVE_Init	48	static
main.c:699:13:MAIN_MAF_Init	56	static
main.c:724:6:MoveDifferentialDrive	56	static
main.c:794:6:UART_RxCpltCallback	16	static
main.c:804:6:SerialCommunication	80	static,ignoring_inline_asm
main.c:941:6:InfraredSensor	24	static
main.c:968:6:HAL_TIM_PeriodElapsedCallback	16	static
main.c:985:6:Error_Handler	4	static,ignoring_inline_asm
