19:32:06 **** Incremental Build of configuration Debug for project Autonomous ****
make -j8 all 
arm-none-eabi-gcc -o "Autonomous.elf" @"objects.list"   -mcpu=cortex-m4 -T"/home/peppe/Desktop/Progetto_Programmazione_Sistemi_Embedded_Automazione/STM32cubeIDE_Workspace/Autonomous/STM32F446RETX_FLASH.ld" --specs=nosys.specs -Wl,-Map="Autonomous.map" -Wl,--gc-sections -static --specs=nano.specs -mfpu=fpv4-sp-d16 -mfloat-abi=hard -mthumb -u _printf_float -u _scanf_float -Wl,--start-group -lc -lm -Wl,--end-group
Finished building target: Autonomous.elf
 
arm-none-eabi-size   Autonomous.elf 
arm-none-eabi-objdump -h -S  Autonomous.elf  > "Autonomous.list"
arm-none-eabi-objcopy  -O binary  Autonomous.elf  "Autonomous.bin"
   text	   data	    bss	    dec	    hex	filename
  81808	    500	  23228	 105536	  19c40	Autonomous.elf
Finished building: default.size.stdout
 
Finished building: Autonomous.bin
 
Finished building: Autonomous.list
 

19:32:07 Build Finished. 0 errors, 0 warnings. (took 978ms)

