18:46:34 **** Build of configuration Debug for project Remote_Controller ****
make -j8 all 
arm-none-eabi-gcc "../Core/Src/main.c" -mcpu=cortex-m4 -std=gnu11 -g3 -DDEBUG -DDIFFDRIVE_RTOS_V_ -DUSE_HAL_DRIVER -DSTM32F446xx -c -I../Core/Inc -I../Drivers/STM32F4xx_HAL_Driver/Inc -I../Drivers/STM32F4xx_HAL_Driver/Inc/Legacy -I../Middlewares/Third_Party/FreeRTOS/Source/include -I../Middlewares/Third_Party/FreeRTOS/Source/CMSIS_RTOS_V2 -I../Middlewares/Third_Party/FreeRTOS/Source/portable/GCC/ARM_CM4F -I../Drivers/CMSIS/Device/ST/STM32F4xx/Include -I../Drivers/CMSIS/Include -O0 -ffunction-sections -fdata-sections -Wall -fstack-usage -MMD -MP -MF"Core/Src/main.d" -MT"Core/Src/main.o" --specs=nano.specs -mfpu=fpv4-sp-d16 -mfloat-abi=hard -mthumb -o "Core/Src/main.o"
arm-none-eabi-gcc -o "Remote_Controller.elf" @"objects.list"   -mcpu=cortex-m4 -T"/home/peppe/Desktop/Progetto_Programmazione_Sistemi_Embedded_Automazione/STM32cubeIDE_Workspace/Remote_Controller/STM32F446RETX_FLASH.ld" --specs=nosys.specs -Wl,-Map="Remote_Controller.map" -Wl,--gc-sections -static --specs=nano.specs -mfpu=fpv4-sp-d16 -mfloat-abi=hard -mthumb -Wl,--start-group -lc -lm -Wl,--end-group
Finished building target: Remote_Controller.elf
 
arm-none-eabi-size   Remote_Controller.elf 
arm-none-eabi-objdump -h -S  Remote_Controller.elf  > "Remote_Controller.list"
arm-none-eabi-objcopy  -O binary  Remote_Controller.elf  "Remote_Controller.bin"
   text	   data	    bss	    dec	    hex	filename
  72952	    500	  22820	  96272	  17810	Remote_Controller.elf
Finished building: default.size.stdout
 
Finished building: Remote_Controller.bin
 
Finished building: Remote_Controller.list
 

18:46:36 Build Finished. 0 errors, 0 warnings. (took 2s.678ms)

