main.c:93:6:UART_RxCpltCallback	16	static
main.c:104:5:main	32	static,ignoring_inline_asm
main.c:255:6:SystemClock_Config	88	static
main.c:301:13:MX_TIM1_Init	80	static
main.c:378:13:MX_TIM2_Init	56	static
main.c:427:13:MX_TIM3_Init	32	static
main.c:472:13:MX_TIM5_Init	56	static
main.c:521:13:MX_USART3_UART_Init	8	static
main.c:552:13:MX_DMA_Init	16	static
main.c:570:13:MX_GPIO_Init	48	static
main.c:616:13:MAIN_DIFFDRIVE_Init	48	static
main.c:679:13:MAIN_MAF_Init	56	static
main.c:699:6:Error_Handler	4	static,ignoring_inline_asm
