Archive member included to satisfy reference by file (symbol)

/opt/st/stm32cubeide_1.6.0/plugins/com.st.stm32cube.ide.mcu.externaltools.gnu-tools-for-stm32.9-2020-q2-update.linux64_1.5.0.202011040924/tools/bin/../lib/gcc/arm-none-eabi/9.3.1/../../../../arm-none-eabi/lib/thumb/v7e-m+fp/hard/libc_nano.a(lib_a-calloc.o)
                              Core/Src/my_lib/differential_drive.o (calloc)
/opt/st/stm32cubeide_1.6.0/plugins/com.st.stm32cube.ide.mcu.externaltools.gnu-tools-for-stm32.9-2020-q2-update.linux64_1.5.0.202011040924/tools/bin/../lib/gcc/arm-none-eabi/9.3.1/../../../../arm-none-eabi/lib/thumb/v7e-m+fp/hard/libc_nano.a(lib_a-errno.o)
                              Core/Src/sysmem.o (__errno)
/opt/st/stm32cubeide_1.6.0/plugins/com.st.stm32cube.ide.mcu.externaltools.gnu-tools-for-stm32.9-2020-q2-update.linux64_1.5.0.202011040924/tools/bin/../lib/gcc/arm-none-eabi/9.3.1/../../../../arm-none-eabi/lib/thumb/v7e-m+fp/hard/libc_nano.a(lib_a-exit.o)
                              /opt/st/stm32cubeide_1.6.0/plugins/com.st.stm32cube.ide.mcu.externaltools.gnu-tools-for-stm32.9-2020-q2-update.linux64_1.5.0.202011040924/tools/bin/../lib/gcc/arm-none-eabi/9.3.1/../../../../arm-none-eabi/lib/thumb/v7e-m+fp/hard/crt0.o (exit)
/opt/st/stm32cubeide_1.6.0/plugins/com.st.stm32cube.ide.mcu.externaltools.gnu-tools-for-stm32.9-2020-q2-update.linux64_1.5.0.202011040924/tools/bin/../lib/gcc/arm-none-eabi/9.3.1/../../../../arm-none-eabi/lib/thumb/v7e-m+fp/hard/libc_nano.a(lib_a-impure.o)
                              /opt/st/stm32cubeide_1.6.0/plugins/com.st.stm32cube.ide.mcu.externaltools.gnu-tools-for-stm32.9-2020-q2-update.linux64_1.5.0.202011040924/tools/bin/../lib/gcc/arm-none-eabi/9.3.1/../../../../arm-none-eabi/lib/thumb/v7e-m+fp/hard/libc_nano.a(lib_a-exit.o) (_global_impure_ptr)
/opt/st/stm32cubeide_1.6.0/plugins/com.st.stm32cube.ide.mcu.externaltools.gnu-tools-for-stm32.9-2020-q2-update.linux64_1.5.0.202011040924/tools/bin/../lib/gcc/arm-none-eabi/9.3.1/../../../../arm-none-eabi/lib/thumb/v7e-m+fp/hard/libc_nano.a(lib_a-init.o)
                              /opt/st/stm32cubeide_1.6.0/plugins/com.st.stm32cube.ide.mcu.externaltools.gnu-tools-for-stm32.9-2020-q2-update.linux64_1.5.0.202011040924/tools/bin/../lib/gcc/arm-none-eabi/9.3.1/../../../../arm-none-eabi/lib/thumb/v7e-m+fp/hard/crt0.o (__libc_init_array)
/opt/st/stm32cubeide_1.6.0/plugins/com.st.stm32cube.ide.mcu.externaltools.gnu-tools-for-stm32.9-2020-q2-update.linux64_1.5.0.202011040924/tools/bin/../lib/gcc/arm-none-eabi/9.3.1/../../../../arm-none-eabi/lib/thumb/v7e-m+fp/hard/libc_nano.a(lib_a-malloc.o)
                              Core/Src/my_lib/differential_drive.o (free)
/opt/st/stm32cubeide_1.6.0/plugins/com.st.stm32cube.ide.mcu.externaltools.gnu-tools-for-stm32.9-2020-q2-update.linux64_1.5.0.202011040924/tools/bin/../lib/gcc/arm-none-eabi/9.3.1/../../../../arm-none-eabi/lib/thumb/v7e-m+fp/hard/libc_nano.a(lib_a-memcpy-stub.o)
                              Core/Src/main.o (memcpy)
/opt/st/stm32cubeide_1.6.0/plugins/com.st.stm32cube.ide.mcu.externaltools.gnu-tools-for-stm32.9-2020-q2-update.linux64_1.5.0.202011040924/tools/bin/../lib/gcc/arm-none-eabi/9.3.1/../../../../arm-none-eabi/lib/thumb/v7e-m+fp/hard/libc_nano.a(lib_a-memset.o)
                              /opt/st/stm32cubeide_1.6.0/plugins/com.st.stm32cube.ide.mcu.externaltools.gnu-tools-for-stm32.9-2020-q2-update.linux64_1.5.0.202011040924/tools/bin/../lib/gcc/arm-none-eabi/9.3.1/../../../../arm-none-eabi/lib/thumb/v7e-m+fp/hard/crt0.o (memset)
/opt/st/stm32cubeide_1.6.0/plugins/com.st.stm32cube.ide.mcu.externaltools.gnu-tools-for-stm32.9-2020-q2-update.linux64_1.5.0.202011040924/tools/bin/../lib/gcc/arm-none-eabi/9.3.1/../../../../arm-none-eabi/lib/thumb/v7e-m+fp/hard/libc_nano.a(lib_a-nano-callocr.o)
                              /opt/st/stm32cubeide_1.6.0/plugins/com.st.stm32cube.ide.mcu.externaltools.gnu-tools-for-stm32.9-2020-q2-update.linux64_1.5.0.202011040924/tools/bin/../lib/gcc/arm-none-eabi/9.3.1/../../../../arm-none-eabi/lib/thumb/v7e-m+fp/hard/libc_nano.a(lib_a-calloc.o) (_calloc_r)
/opt/st/stm32cubeide_1.6.0/plugins/com.st.stm32cube.ide.mcu.externaltools.gnu-tools-for-stm32.9-2020-q2-update.linux64_1.5.0.202011040924/tools/bin/../lib/gcc/arm-none-eabi/9.3.1/../../../../arm-none-eabi/lib/thumb/v7e-m+fp/hard/libc_nano.a(lib_a-nano-freer.o)
                              /opt/st/stm32cubeide_1.6.0/plugins/com.st.stm32cube.ide.mcu.externaltools.gnu-tools-for-stm32.9-2020-q2-update.linux64_1.5.0.202011040924/tools/bin/../lib/gcc/arm-none-eabi/9.3.1/../../../../arm-none-eabi/lib/thumb/v7e-m+fp/hard/libc_nano.a(lib_a-malloc.o) (_free_r)
/opt/st/stm32cubeide_1.6.0/plugins/com.st.stm32cube.ide.mcu.externaltools.gnu-tools-for-stm32.9-2020-q2-update.linux64_1.5.0.202011040924/tools/bin/../lib/gcc/arm-none-eabi/9.3.1/../../../../arm-none-eabi/lib/thumb/v7e-m+fp/hard/libc_nano.a(lib_a-nano-mallocr.o)
[...]
Memory Configuration

Name             Origin             Length             Attributes
RAM              0x0000000020000000 0x0000000000020000 xrw
FLASH            0x0000000008000000 0x0000000000080000 xr
*default*        0x0000000000000000 0xffffffffffffffff

Linker script and memory map

LOAD /opt/st/stm32cubeide_1.6.0/plugins/com.st.stm32cube.ide.mcu.externaltools.gnu-tools-for-stm32.9-2020-q2-update.linux64_1.5.0.202011040924/tools/bin/../lib/gcc/arm-none-eabi/9.3.1/thumb/v7e-m+fp/hard/crti.o
LOAD /opt/st/stm32cubeide_1.6.0/plugins/com.st.stm32cube.ide.mcu.externaltools.gnu-tools-for-stm32.9-2020-q2-update.linux64_1.5.0.202011040924/tools/bin/../lib/gcc/arm-none-eabi/9.3.1/thumb/v7e-m+fp/hard/crtbegin.o
LOAD /opt/st/stm32cubeide_1.6.0/plugins/com.st.stm32cube.ide.mcu.externaltools.gnu-tools-for-stm32.9-2020-q2-update.linux64_1.5.0.202011040924/tools/bin/../lib/gcc/arm-none-eabi/9.3.1/../../../../arm-none-eabi/lib/thumb/v7e-m+fp/hard/crt0.o
LOAD Core/Src/freertos.o
LOAD Core/Src/main.o
LOAD Core/Src/stm32f4xx_hal_msp.o
LOAD Core/Src/stm32f4xx_hal_timebase_tim.o
LOAD Core/Src/stm32f4xx_it.o
LOAD Core/Src/sysmem.o
LOAD Core/Src/system_stm32f4xx.o
LOAD Core/Src/my_lib/datastream.o
LOAD Core/Src/my_lib/datastream_utils.o
LOAD Core/Src/my_lib/differential_drive.o
LOAD Core/Src/my_lib/digital_filters.o
LOAD Core/Src/my_lib/feedforward_controller.o
LOAD Core/Src/my_lib/pid_controller.o
LOAD Core/Src/my_lib/retarget.o
LOAD Core/Src/my_lib/servo.o
LOAD Core/Src/my_lib/ultrasonic_sensor.o
LOAD Core/Startup/startup_stm32f446retx.o
LOAD Drivers/STM32F4xx_HAL_Driver/Src/stm32f4xx_hal.o
LOAD Drivers/STM32F4xx_HAL_Driver/Src/stm32f4xx_hal_cortex.o
LOAD Drivers/STM32F4xx_HAL_Driver/Src/stm32f4xx_hal_dma.o
LOAD Drivers/STM32F4xx_HAL_Driver/Src/stm32f4xx_hal_dma_ex.o
LOAD Drivers/STM32F4xx_HAL_Driver/Src/stm32f4xx_hal_exti.o
LOAD Drivers/STM32F4xx_HAL_Driver/Src/stm32f4xx_hal_flash.o
LOAD Drivers/STM32F4xx_HAL_Driver/Src/stm32f4xx_hal_flash_ex.o
LOAD Drivers/STM32F4xx_HAL_Driver/Src/stm32f4xx_hal_flash_ramfunc.o
LOAD Drivers/STM32F4xx_HAL_Driver/Src/stm32f4xx_hal_gpio.o
LOAD Drivers/STM32F4xx_HAL_Driver/Src/stm32f4xx_hal_pwr.o
LOAD Drivers/STM32F4xx_HAL_Driver/Src/stm32f4xx_hal_pwr_ex.o
LOAD Drivers/STM32F4xx_HAL_Driver/Src/stm32f4xx_hal_rcc.o
LOAD Drivers/STM32F4xx_HAL_Driver/Src/stm32f4xx_hal_rcc_ex.o
LOAD Drivers/STM32F4xx_HAL_Driver/Src/stm32f4xx_hal_tim.o
LOAD Drivers/STM32F4xx_HAL_Driver/Src/stm32f4xx_hal_tim_ex.o
LOAD Drivers/STM32F4xx_HAL_Driver/Src/stm32f4xx_hal_uart.o
LOAD Middlewares/Third_Party/FreeRTOS/Source/CMSIS_RTOS_V2/cmsis_os2.o
LOAD Middlewares/Third_Party/FreeRTOS/Source/croutine.o
LOAD Middlewares/Third_Party/FreeRTOS/Source/event_groups.o
LOAD Middlewares/Third_Party/FreeRTOS/Source/list.o
LOAD Middlewares/Third_Party/FreeRTOS/Source/queue.o
LOAD Middlewares/Third_Party/FreeRTOS/Source/stream_buffer.o
LOAD Middlewares/Third_Party/FreeRTOS/Source/tasks.o
LOAD Middlewares/Third_Party/FreeRTOS/Source/timers.o
LOAD Middlewares/Third_Party/FreeRTOS/Source/portable/GCC/ARM_CM4F/port.o
LOAD Middlewares/Third_Party/FreeRTOS/Source/portable/MemMang/heap_4.o
START GROUP
LOAD /opt/st/stm32cubeide_1.6.0/plugins/com.st.stm32cube.ide.mcu.externaltools.gnu-tools-for-stm32.9-2020-q2-update.linux64_1.5.0.202011040924/tools/bin/../lib/gcc/arm-none-eabi/9.3.1/../../../../arm-none-eabi/lib/thumb/v7e-m+fp/hard/libc_nano.a
LOAD /opt/st/stm32cubeide_1.6.0/plugins/com.st.stm32cube.ide.mcu.externaltools.gnu-tools-for-stm32.9-2020-q2-update.linux64_1.5.0.202011040924/tools/bin/../lib/gcc/arm-none-eabi/9.3.1/../../../../arm-none-eabi/lib/thumb/v7e-m+fp/hard/libm.a
END GROUP
START GROUP
LOAD /opt/st/stm32cubeide_1.6.0/plugins/com.st.stm32cube.ide.mcu.externaltools.gnu-tools-for-stm32.9-2020-q2-update.linux64_1.5.0.202011040924/tools/bin/../lib/gcc/arm-none-eabi/9.3.1/thumb/v7e-m+fp/hard/libgcc.a
LOAD /opt/st/stm32cubeide_1.6.0/plugins/com.st.stm32cube.ide.mcu.externaltools.gnu-tools-for-stm32.9-2020-q2-update.linux64_1.5.0.202011040924/tools/bin/../lib/gcc/arm-none-eabi/9.3.1/../../../../arm-none-eabi/lib/thumb/v7e-m+fp/hard/libc_nano.a
END GROUP
START GROUP
LOAD /opt/st/stm32cubeide_1.6.0/plugins/com.st.stm32cube.ide.mcu.externaltools.gnu-tools-for-stm32.9-2020-q2-update.linux64_1.5.0.202011040924/tools/bin/../lib/gcc/arm-none-eabi/9.3.1/thumb/v7e-m+fp/hard/libgcc.a
LOAD /opt/st/stm32cubeide_1.6.0/plugins/com.st.stm32cube.ide.mcu.externaltools.gnu-tools-for-stm32.9-2020-q2-update.linux64_1.5.0.202011040924/tools/bin/../lib/gcc/arm-none-eabi/9.3.1/../../../../arm-none-eabi/lib/thumb/v7e-m+fp/hard/libc_nano.a
LOAD /opt/st/stm32cubeide_1.6.0/plugins/com.st.stm32cube.ide.mcu.externaltools.gnu-tools-for-stm32.9-2020-q2-update.linux64_1.5.0.202011040924/tools/bin/../lib/gcc/arm-none-eabi/9.3.1/../../../../arm-none-eabi/lib/thumb/v7e-m+fp/hard/libnosys.a
END GROUP
START GROUP
LOAD /opt/st/stm32cubeide_1.6.0/plugins/com.st.stm32cube.ide.mcu.externaltools.gnu-tools-for-stm32.9-2020-q2-update.linux64_1.5.0.202011040924/tools/bin/../lib/gcc/arm-none-eabi/9.3.1/thumb/v7e-m+fp/hard/libgcc.a
LOAD /opt/st/stm32cubeide_1.6.0/plugins/com.st.stm32cube.ide.mcu.externaltools.gnu-tools-for-stm32.9-2020-q2-update.linux64_1.5.0.202011040924/tools/bin/../lib/gcc/arm-none-eabi/9.3.1/../../../../arm-none-eabi/lib/thumb/v7e-m+fp/hard/libc_nano.a
LOAD /opt/st/stm32cubeide_1.6.0/plugins/com.st.stm32cube.ide.mcu.externaltools.gnu-tools-for-stm32.9-2020-q2-update.linux64_1.5.0.202011040924/tools/bin/../lib/gcc/arm-none-eabi/9.3.1/../../../../arm-none-eabi/lib/thumb/v7e-m+fp/hard/libnosys.a
END GROUP
LOAD /opt/st/stm32cubeide_1.6.0/plugins/com.st.stm32cube.ide.mcu.externaltools.gnu-tools-for-stm32.9-2020-q2-update.linux64_1.5.0.202011040924/tools/bin/../lib/gcc/arm-none-eabi/9.3.1/thumb/v7e-m+fp/hard/crtend.o
LOAD /opt/st/stm32cubeide_1.6.0/plugins/com.st.stm32cube.ide.mcu.externaltools.gnu-tools-for-stm32.9-2020-q2-update.linux64_1.5.0.202011040924/tools/bin/../lib/gcc/arm-none-eabi/9.3.1/thumb/v7e-m+fp/hard/crtn.o
                0x0000000020020000                _estack = (ORIGIN (RAM) + LENGTH (RAM))
                0x0000000000000200                _Min_Heap_Size = 0x200
                0x0000000000000400                _Min_Stack_Size = 0x400

.isr_vector     0x0000000008000000      0x1c4
                0x0000000008000000                . = ALIGN (0x4)
 *(.isr_vector)
 .isr_vector    0x0000000008000000      0x1c4 Core/Startup/startup_stm32f446retx.o
                0x0000000008000000                g_pfnVectors
                0x00000000080001c4                . = ALIGN (0x4)

.text           0x00000000080001d0    0x13910
                0x00000000080001d0                . = ALIGN (0x4)
 *(.text)
 .text          0x00000000080001d0       0x40 /opt/st/stm32cubeide_1.6.0/plugins/com.st.stm32cube.ide.mcu.externaltools.gnu-tools-for-stm32.9-2020-q2-update.linux64_1.5.0.202011040924/tools/bin/../lib/gcc/arm-none-eabi/9.3.1/thumb/v7e-m+fp/hard/crtbegin.o
 .text          0x0000000008000210       0x10 /opt/st/stm32cubeide_1.6.0/plugins/com.st.stm32cube.ide.mcu.externaltools.gnu-tools-for-stm32.9-2020-q2-update.linux64_1.5.0.202011040924/tools/bin/../lib/gcc/arm-none-eabi/9.3.1/../../../../arm-none-eabi/lib/thumb/v7e-m+fp/hard/libc_nano.a(lib_a-strlen.o)
                0x0000000008000210                strlen
 .text          0x0000000008000220       0xa0 /opt/st/stm32cubeide_1.6.0/plugins/com.st.stm32cube.ide.mcu.externaltools.gnu-tools-for-stm32.9-2020-q2-update.linux64_1.5.0.202011040924/tools/bin/../lib/gcc/arm-none-eabi/9.3.1/../../../../arm-none-eabi/lib/thumb/v7e-m+fp/hard/libc_nano.a(lib_a-memchr.o)
                0x0000000008000220                memchr
 .text          0x00000000080002c0      0x378 /opt/st/stm32cubeide_1.6.0/plugins/com.st.stm32cube.ide.mcu.externaltools.gnu-tools-for-stm32.9-2020-q2-update.linux64_1.5.0.202011040924/tools/bin/../lib/gcc/arm-none-eabi/9.3.1/thumb/v7e-m+fp/hard/libgcc.a(_arm_addsubdf3.o)
                0x00000000080002c0                __aeabi_drsub
                0x00000000080002c8                __aeabi_dsub
                0x00000000080002c8                __subdf3
                0x00000000080002cc                __adddf3
                0x00000000080002cc                __aeabi_dadd
                0x0000000008000544                __aeabi_ui2d
                0x0000000008000544                __floatunsidf
                0x0000000008000564                __floatsidf
                0x0000000008000564                __aeabi_i2d
                0x0000000008000588                __extendsfdf2
                0x0000000008000588                __aeabi_f2d
                0x00000000080005cc                __aeabi_ul2d
                0x00000000080005cc                __floatundidf
                0x00000000080005dc                __floatdidf
                0x00000000080005dc                __aeabi_l2d
 .text          0x0000000008000638      0x424 /opt/st/stm32cubeide_1.6.0/plugins/com.st.stm32cube.ide.mcu.externaltools.gnu-tools-for-stm32.9-2020-q2-update.linux64_1.5.0.202011040924/tools/bin/../lib/gcc/arm-none-eabi/9.3.1/thumb/v7e-m+fp/hard/libgcc.a(_arm_muldivdf3.o)
                0x0000000008000638                __aeabi_dmul
                0x0000000008000638                __muldf3
                0x000000000800088c                __aeabi_ddiv
                0x000000000800088c                __divdf3
 .text          0x0000000008000a5c      0x110 /opt/st/stm32cubeide_1.6.0/plugins/com.st.stm32cube.ide.mcu.externaltools.gnu-tools-for-stm32.9-2020-q2-update.linux64_1.5.0.202011040924/tools/bin/../lib/gcc/arm-none-eabi/9.3.1/thumb/v7e-m+fp/hard/libgcc.a(_arm_cmpdf2.o)
                0x0000000008000a5c                __gtdf2
                0x0000000008000a5c                __gedf2
                0x0000000008000a64                __ltdf2
                0x0000000008000a64                __ledf2
                0x0000000008000a6c                __cmpdf2
                0x0000000008000a6c                __eqdf2
                0x0000000008000a6c                __nedf2
                0x0000000008000ae8                __aeabi_cdrcmple
                0x0000000008000af8                __aeabi_cdcmple
                0x0000000008000af8                __aeabi_cdcmpeq
                0x0000000008000b08                __aeabi_dcmpeq
                0x0000000008000b1c                __aeabi_dcmplt
                0x0000000008000b30                __aeabi_dcmple
                0x0000000008000b44                __aeabi_dcmpge
                0x0000000008000b58                __aeabi_dcmpgt
 .text          0x0000000008000b6c       0x2c /opt/st/stm32cubeide_1.6.0/plugins/com.st.stm32cube.ide.mcu.externaltools.gnu-tools-for-stm32.9-2020-q2-update.linux64_1.5.0.202011040924/tools/bin/../lib/gcc/arm-none-eabi/9.3.1/thumb/v7e-m+fp/hard/libgcc.a(_arm_unorddf2.o)
                0x0000000008000b6c                __aeabi_dcmpun
                0x0000000008000b6c                __unorddf2
 .text          0x0000000008000b98       0x50 /opt/st/stm32cubeide_1.6.0/plugins/com.st.stm32cube.ide.mcu.externaltools.gnu-tools-for-stm32.9-2020-q2-update.linux64_1.5.0.202011040924/tools/bin/../lib/gcc/arm-none-eabi/9.3.1/thumb/v7e-m+fp/hard/libgcc.a(_arm_fixdfsi.o)
                0x0000000008000b98                __fixdfsi
                0x0000000008000b98                __aeabi_d2iz
 .text          0x0000000008000be8       0x40 /opt/st/stm32cubeide_1.6.0/plugins/com.st.stm32cube.ide.mcu.externaltools.gnu-tools-for-stm32.9-2020-q2-update.linux64_1.5.0.202011040924/tools/bin/../lib/gcc/arm-none-eabi/9.3.1/thumb/v7e-m+fp/hard/libgcc.a(_arm_fixunsdfsi.o)
                0x0000000008000be8                __fixunsdfsi
                0x0000000008000be8                __aeabi_d2uiz
 .text          0x0000000008000c28       0xa0 /opt/st/stm32cubeide_1.6.0/plugins/com.st.stm32cube.ide.mcu.externaltools.gnu-tools-for-stm32.9-2020-q2-update.linux64_1.5.0.202011040924/tools/bin/../lib/gcc/arm-none-eabi/9.3.1/thumb/v7e-m+fp/hard/libgcc.a(_arm_truncdfsf2.o)
                0x0000000008000c28                __aeabi_d2f
                0x0000000008000c28                __truncdfsf2
 .text          0x0000000008000cc8       0x30 /opt/st/stm32cubeide_1.6.0/plugins/com.st.stm32cube.ide.mcu.externaltools.gnu-tools-for-stm32.9-2020-q2-update.linux64_1.5.0.202011040924/tools/bin/../lib/gcc/arm-none-eabi/9.3.1/thumb/v7e-m+fp/hard/libgcc.a(_aeabi_uldivmod.o)
                0x0000000008000cc8                __aeabi_uldivmod
 .text          0x0000000008000cf8       0x30 /opt/st/stm32cubeide_1.6.0/plugins/com.st.stm32cube.ide.mcu.externaltools.gnu-tools-for-stm32.9-2020-q2-update.linux64_1.5.0.202011040924/tools/bin/../lib/gcc/arm-none-eabi/9.3.1/thumb/v7e-m+fp/hard/libgcc.a(_fixdfdi.o)
                0x0000000008000cf8                __aeabi_d2lz
                0x0000000008000cf8                __fixdfdi
 .text          0x0000000008000d28       0x3c /opt/st/stm32cubeide_1.6.0/plugins/com.st.stm32cube.ide.mcu.externaltools.gnu-tools-for-stm32.9-2020-q2-update.linux64_1.5.0.202011040924/tools/bin/../lib/gcc/arm-none-eabi/9.3.1/thumb/v7e-m+fp/hard/libgcc.a(_fixunsdfdi.o)
                0x0000000008000d28                __aeabi_d2ulz
                0x0000000008000d28                __fixunsdfdi
 .text          0x0000000008000d64      0x2c4 /opt/st/stm32cubeide_1.6.0/plugins/com.st.stm32cube.ide.mcu.externaltools.gnu-tools-for-stm32.9-2020-q2-update.linux64_1.5.0.202011040924/tools/bin/../lib/gcc/arm-none-eabi/9.3.1/thumb/v7e-m+fp/hard/libgcc.a(_udivmoddi4.o)
                0x0000000008000d64                __udivmoddi4
 .text          0x0000000008001028        0x4 /opt/st/stm32cubeide_1.6.0/plugins/com.st.stm32cube.ide.mcu.externaltools.gnu-tools-for-stm32.9-2020-q2-update.linux64_1.5.0.202011040924/tools/bin/../lib/gcc/arm-none-eabi/9.3.1/thumb/v7e-m+fp/hard/libgcc.a(_dvmd_tls.o)
                0x0000000008001028                __aeabi_ldiv0
                0x0000000008001028                __aeabi_idiv0
 *(.text*)
 .text.main     0x000000000800102c      0x15c Core/Src/main.o
                0x000000000800102c                main
 .text.SystemClock_Config
                0x0000000008001188       0xdc Core/Src/main.o
                0x0000000008001188                SystemClock_Config
 .text.MX_TIM1_Init
                0x0000000008001264      0x188 Core/Src/main.o
 .text.MX_TIM2_Init
                0x00000000080013ec       0xa8 Core/Src/main.o
 .text.MX_TIM3_Init
                0x0000000008001494       0x9c Core/Src/main.o
 .text.MX_TIM5_Init
                0x0000000008001530       0xa8 Core/Src/main.o
 .text.MX_TIM7_Init
                0x00000000080015d8       0x6c Core/Src/main.o
 .text.MX_TIM8_Init
                0x0000000008001644      0x140 Core/Src/main.o
 .text.MX_TIM12_Init
                0x0000000008001784       0xb8 Core/Src/main.o
 .text.MX_USART3_UART_Init
                0x000000000800183c       0x54 Core/Src/main.o
 .text.MX_DMA_Init
                0x0000000008001890       0x40 Core/Src/main.o
 .text.MX_GPIO_Init
                0x00000000080018d0      0x13c Core/Src/main.o
 .text.MAIN_DIFFDRIVE_Init
                0x0000000008001a0c      0x1a4 Core/Src/main.o
 .text.MAIN_ULTRASONIC_Init
                0x0000000008001bb0       0x4c Core/Src/main.o
 .text.MAIN_MAF_Init
                0x0000000008001bfc       0xd0 Core/Src/main.o
 .text.MAIN_SERVO_Init
                0x0000000008001ccc       0x24 Core/Src/main.o
 .text.StartControlDiffDrive
                0x0000000008001cf0      0x794 Core/Src/main.o
                0x0000000008001cf0                StartControlDiffDrive
 *fill*         0x0000000008002484        0x4 
 .text.StartDistanceSensor
                0x0000000008002488      0x4f4 Core/Src/main.o
                0x0000000008002488                StartDistanceSensor
 .text.StartInfraredSensor
                0x000000000800297c       0x40 Core/Src/main.o
                0x000000000800297c                StartInfraredSensor
 .text.SerialCommnuication
                0x00000000080029bc      0x16c Core/Src/main.o
                0x00000000080029bc                SerialCommnuication
 .text.HAL_TIM_PeriodElapsedCallback
                0x0000000008002b28       0x24 Core/Src/main.o
                0x0000000008002b28                HAL_TIM_PeriodElapsedCallback
 .text.Error_Handler
                0x0000000008002b4c        0xa Core/Src/main.o
                0x0000000008002b4c                Error_Handler
 *fill*         0x0000000008002b56        0x2 
 .text.HAL_MspInit
                0x0000000008002b58       0x58 Core/Src/stm32f4xx_hal_msp.o
                0x0000000008002b58                HAL_MspInit
 .text.HAL_TIM_Base_MspInit
                0x0000000008002bb0      0x170 Core/Src/stm32f4xx_hal_msp.o
                0x0000000008002bb0                HAL_TIM_Base_MspInit
 .text.HAL_TIM_Encoder_MspInit
                0x0000000008002d20       0xf8 Core/Src/stm32f4xx_hal_msp.o
                0x0000000008002d20                HAL_TIM_Encoder_MspInit
 .text.HAL_TIM_MspPostInit
                0x0000000008002e18       0xc4 Core/Src/stm32f4xx_hal_msp.o
                0x0000000008002e18                HAL_TIM_MspPostInit
 .text.HAL_UART_MspInit
                0x0000000008002edc      0x138 Core/Src/stm32f4xx_hal_msp.o
                0x0000000008002edc                HAL_UART_MspInit
 .text.HAL_InitTick
                0x0000000008003014       0xb4 Core/Src/stm32f4xx_hal_timebase_tim.o
                0x0000000008003014                HAL_InitTick
 .text.NMI_Handler
                0x00000000080030c8        0x6 Core/Src/stm32f4xx_it.o
                0x00000000080030c8                NMI_Handler
 .text.HardFault_Handler
                0x00000000080030ce        0x6 Core/Src/stm32f4xx_it.o
                0x00000000080030ce                HardFault_Handler
 .text.MemManage_Handler
                0x00000000080030d4        0x6 Core/Src/stm32f4xx_it.o
                0x00000000080030d4                MemManage_Handler
 .text.BusFault_Handler
                0x00000000080030da        0x6 Core/Src/stm32f4xx_it.o
                0x00000000080030da                BusFault_Handler
 .text.UsageFault_Handler
                0x00000000080030e0        0x6 Core/Src/stm32f4xx_it.o
                0x00000000080030e0                UsageFault_Handler
 .text.DebugMon_Handler
                0x00000000080030e6        0xe Core/Src/stm32f4xx_it.o
                0x00000000080030e6                DebugMon_Handler
 .text.DMA1_Stream3_IRQHandler
                0x00000000080030f4       0x14 Core/Src/stm32f4xx_it.o
                0x00000000080030f4                DMA1_Stream3_IRQHandler
 .text.TIM3_IRQHandler
                0x0000000008003108       0x14 Core/Src/stm32f4xx_it.o
                0x0000000008003108                TIM3_IRQHandler
 .text.TIM8_BRK_TIM12_IRQHandler
                0x000000000800311c       0x1c Core/Src/stm32f4xx_it.o
                0x000000000800311c                TIM8_BRK_TIM12_IRQHandler
 .text.TIM6_DAC_IRQHandler
                0x0000000008003138       0x14 Core/Src/stm32f4xx_it.o
                0x0000000008003138                TIM6_DAC_IRQHandler
 .text._sbrk    0x000000000800314c       0x6c Core/Src/sysmem.o
                0x000000000800314c                _sbrk
 .text.SystemInit
                0x00000000080031b8       0x24 Core/Src/system_stm32f4xx.o
                0x00000000080031b8                SystemInit
 .text.UART_TxCpltCallback
                0x00000000080031dc       0x20 Core/Src/my_lib/datastream.o
                0x00000000080031dc                UART_TxCpltCallback
 .text.DATASTREAM_Init
                0x00000000080031fc       0x2c Core/Src/my_lib/datastream.o
                0x00000000080031fc                DATASTREAM_Init
 .text.DATASTREAM_RTOS_SendValue
                0x0000000008003228      0x110 Core/Src/my_lib/datastream.o
                0x0000000008003228                DATASTREAM_RTOS_SendValue
 .text.reverse  0x0000000008003338       0x5e Core/Src/my_lib/datastream_utils.o
                0x0000000008003338                reverse
 *fill*         0x0000000008003396        0x2 
 .text.itostr   0x0000000008003398       0xb8 Core/Src/my_lib/datastream_utils.o
                0x0000000008003398                itostr
 .text.ftoa     0x0000000008003450      0x140 Core/Src/my_lib/datastream_utils.o
                0x0000000008003450                ftoa
 .text.DIFFDRIVE_Init
                0x0000000008003590      0x738 Core/Src/my_lib/differential_drive.o
                0x0000000008003590                DIFFDRIVE_Init
 .text.DIFFDRIVE_MOTOR_Stop
                0x0000000008003cc8       0x22 Core/Src/my_lib/differential_drive.o
                0x0000000008003cc8                DIFFDRIVE_MOTOR_Stop
 *fill*         0x0000000008003cea        0x2 
 .text.DIFFDRIVE_MOTOR_SetPWMs
                0x0000000008003cec      0x46c Core/Src/my_lib/differential_drive.o
                0x0000000008003cec                DIFFDRIVE_MOTOR_SetPWMs
 .text.DIFFDRIVE_ENCODER_CaptureMeasure
                0x0000000008004158      0x160 Core/Src/my_lib/differential_drive.o
                0x0000000008004158                DIFFDRIVE_ENCODER_CaptureMeasure
 .text.DIFFDRIVE_ENCODER_Reset
                0x00000000080042b8       0x64 Core/Src/my_lib/differential_drive.o
                0x00000000080042b8                DIFFDRIVE_ENCODER_Reset
 .text.DIFFDRIVE_HISTORY_Start
                0x000000000800431c       0x28 Core/Src/my_lib/differential_drive.o
                0x000000000800431c                DIFFDRIVE_HISTORY_Start
 .text.DIFFDRIVE_HISTORY_Update
                0x0000000008004344      0x56c Core/Src/my_lib/differential_drive.o
                0x0000000008004344                DIFFDRIVE_HISTORY_Update
 .text.DIFFDRIVE_HISTORY_Get_Init
                0x00000000080048b0       0x50 Core/Src/my_lib/differential_drive.o
                0x00000000080048b0                DIFFDRIVE_HISTORY_Get_Init
 .text.DIFFDRIVE_HISTORY_Get_Sample
                0x0000000008004900       0x9c Core/Src/my_lib/differential_drive.o
                0x0000000008004900                DIFFDRIVE_HISTORY_Get_Sample
 .text.DIFFDRIVE_CONTROL_Start
                0x000000000800499c       0x14 Core/Src/my_lib/differential_drive.o
                0x000000000800499c                DIFFDRIVE_CONTROL_Start
 .text.DIFFDRIVE_CONTROL_Stop
                0x00000000080049b0       0x10 Core/Src/my_lib/differential_drive.o
                0x00000000080049b0                DIFFDRIVE_CONTROL_Stop
 .text.DIFFDRIVE_CONTROL_Reset
                0x00000000080049c0       0xdc Core/Src/my_lib/differential_drive.o
                0x00000000080049c0                DIFFDRIVE_CONTROL_Reset
 .text.DIFFDRIVE_TIMING_Start
                0x0000000008004a9c       0x1c Core/Src/my_lib/differential_drive.o
                0x0000000008004a9c                DIFFDRIVE_TIMING_Start
 .text.DIFFDRIVE_TIMING_Stop
                0x0000000008004ab8       0x1c Core/Src/my_lib/differential_drive.o
                0x0000000008004ab8                DIFFDRIVE_TIMING_Stop
 .text.DIFFDRIVE_TIMING_Wait
                0x0000000008004ad4       0x34 Core/Src/my_lib/differential_drive.o
                0x0000000008004ad4                DIFFDRIVE_TIMING_Wait
 .text.DIFFDRIVE_STATE_Update
                0x0000000008004b08      0x190 Core/Src/my_lib/differential_drive.o
                0x0000000008004b08                DIFFDRIVE_STATE_Update
 .text.DIFFDRIVE_DeltaTrajectory2WheelAngle
                0x0000000008004c98       0xa8 Core/Src/my_lib/differential_drive.o
                0x0000000008004c98                DIFFDRIVE_DeltaTrajectory2WheelAngle
 .text.DIFFDRIVE_DeltaWheel2DeltaTrajectory
                0x0000000008004d40       0x90 Core/Src/my_lib/differential_drive.o
                0x0000000008004d40                DIFFDRIVE_DeltaWheel2DeltaTrajectory
 .text.DIFFDRIVE_CONTROL_WheelStep
                0x0000000008004dd0      0x150 Core/Src/my_lib/differential_drive.o
                0x0000000008004dd0                DIFFDRIVE_CONTROL_WheelStep
 .text.DIFFDRIVE_TrackingStart
                0x0000000008004f20       0x1c Core/Src/my_lib/differential_drive.o
                0x0000000008004f20                DIFFDRIVE_TrackingStart
 .text.DIFFDRIVE_TrackingStop
                0x0000000008004f3c        0xc Core/Src/my_lib/differential_drive.o
                0x0000000008004f3c                DIFFDRIVE_TrackingStop
 .text.DIFFDRIVE_TrackingStep
                0x0000000008004f48       0x7c Core/Src/my_lib/differential_drive.o
                0x0000000008004f48                DIFFDRIVE_TrackingStep
 .text.DIFFDRIVE_TIMING_Callback
                0x0000000008004fc4       0x24 Core/Src/my_lib/differential_drive.o
                0x0000000008004fc4                DIFFDRIVE_TIMING_Callback
 .text.MAF_Create
                0x0000000008004fe8       0x4e Core/Src/my_lib/digital_filters.o
                0x0000000008004fe8                MAF_Create
 .text.MAF_Reset
                0x0000000008005036       0x50 Core/Src/my_lib/digital_filters.o
                0x0000000008005036                MAF_Reset
 .text.MAF_Update
                0x0000000008005086      0x116 Core/Src/my_lib/digital_filters.o
                0x0000000008005086                MAF_Update
 .text.FEEDFORWARD_Init
                0x000000000800519c       0xd8 Core/Src/my_lib/feedforward_controller.o
                0x000000000800519c                FEEDFORWARD_Init
 .text.FEEDFORWARD_BufferInit
                0x0000000008005274      0x126 Core/Src/my_lib/feedforward_controller.o
                0x0000000008005274                FEEDFORWARD_BufferInit
 .text.FEEDFORWARD_InversionControl
                0x000000000800539a      0x100 Core/Src/my_lib/feedforward_controller.o
                0x000000000800539a                FEEDFORWARD_InversionControl
 .text.FEEDFORWARD_BufferUpdate
                0x000000000800549a       0xc4 Core/Src/my_lib/feedforward_controller.o
                0x000000000800549a                FEEDFORWARD_BufferUpdate
 .text.PID_Init
                0x000000000800555e       0x5c Core/Src/my_lib/pid_controller.o
                0x000000000800555e                PID_Init
 .text.PID_Reset
                0x00000000080055ba       0x3c Core/Src/my_lib/pid_controller.o
                0x00000000080055ba                PID_Reset
 .text.PID_Control
                0x00000000080055f6       0xc8 Core/Src/my_lib/pid_controller.o
                0x00000000080055f6                PID_Control
 *fill*         0x00000000080056be        0x2 
 .text.RetargetInit
                0x00000000080056c0       0x30 Core/Src/my_lib/retarget.o
                0x00000000080056c0                RetargetInit
 .text._isatty  0x00000000080056f0       0x2c Core/Src/my_lib/retarget.o
                0x00000000080056f0                _isatty
 .text._write   0x000000000800571c       0x58 Core/Src/my_lib/retarget.o
                0x000000000800571c                _write
 .text._close   0x0000000008005774       0x2e Core/Src/my_lib/retarget.o
                0x0000000008005774                _close
 .text._lseek   0x00000000080057a2       0x22 Core/Src/my_lib/retarget.o
                0x00000000080057a2                _lseek
 .text._read    0x00000000080057c4       0x50 Core/Src/my_lib/retarget.o
                0x00000000080057c4                _read
 .text._fstat   0x0000000008005814       0x36 Core/Src/my_lib/retarget.o
                0x0000000008005814                _fstat
 *fill*         0x000000000800584a        0x6 
 .text.SERVO_Init
                0x0000000008005850      0x214 Core/Src/my_lib/servo.o
                0x0000000008005850                SERVO_Init
 .text.SERVO_SetDegree
                0x0000000008005a64       0x5c Core/Src/my_lib/servo.o
                0x0000000008005a64                SERVO_SetDegree
 .text.SERVO_SetBeats
                0x0000000008005ac0       0x7e Core/Src/my_lib/servo.o
                0x0000000008005ac0                SERVO_SetBeats
 *fill*         0x0000000008005b3e        0x2 
 .text.ULTRASONIC_Init
                0x0000000008005b40      0x1a8 Core/Src/my_lib/ultrasonic_sensor.o
                0x0000000008005b40                ULTRASONIC_Init
 .text.ULTRASONIC_CaptureMeasure
                0x0000000008005ce8      0x1e4 Core/Src/my_lib/ultrasonic_sensor.o
                0x0000000008005ce8                ULTRASONIC_CaptureMeasure
 .text.ULTRASONIC_Delay_us
                0x0000000008005ecc       0x36 Core/Src/my_lib/ultrasonic_sensor.o
                0x0000000008005ecc                ULTRASONIC_Delay_us
 *fill*         0x0000000008005f02        0x2 
 .text.ULTRASONIC_IC_Callback
                0x0000000008005f04       0x54 Core/Src/my_lib/ultrasonic_sensor.o
                0x0000000008005f04                ULTRASONIC_IC_Callback
 .text.ULTRASONIC_Timeout_Callback
                0x0000000008005f58       0x54 Core/Src/my_lib/ultrasonic_sensor.o
                0x0000000008005f58                ULTRASONIC_Timeout_Callback
 .text.Reset_Handler
                0x0000000008005fac       0x50 Core/Startup/startup_stm32f446retx.o
                0x0000000008005fac                Reset_Handler
 .text.Default_Handler
                0x0000000008005ffc        0x2 Core/Startup/startup_stm32f446retx.o
                0x0000000008005ffc                RTC_Alarm_IRQHandler
                0x0000000008005ffc                EXTI2_IRQHandler
                0x0000000008005ffc                TIM8_CC_IRQHandler
                0x0000000008005ffc                FMPI2C1_EV_IRQHandler
                0x0000000008005ffc                SPI4_IRQHandler
                0x0000000008005ffc                TIM1_CC_IRQHandler
                0x0000000008005ffc                DMA2_Stream5_IRQHandler
                0x0000000008005ffc                DMA1_Stream5_IRQHandler
                0x0000000008005ffc                PVD_IRQHandler
                0x0000000008005ffc                SDIO_IRQHandler
                0x0000000008005ffc                TAMP_STAMP_IRQHandler
                0x0000000008005ffc                CAN2_RX1_IRQHandler
                0x0000000008005ffc                EXTI3_IRQHandler
                0x0000000008005ffc                TIM8_TRG_COM_TIM14_IRQHandler
                0x0000000008005ffc                TIM1_UP_TIM10_IRQHandler
                0x0000000008005ffc                TIM8_UP_TIM13_IRQHandler
                0x0000000008005ffc                I2C3_ER_IRQHandler
                0x0000000008005ffc                EXTI0_IRQHandler
                0x0000000008005ffc                I2C2_EV_IRQHandler
                0x0000000008005ffc                DMA1_Stream2_IRQHandler
                0x0000000008005ffc                CAN1_RX0_IRQHandler
                0x0000000008005ffc                FPU_IRQHandler
                0x0000000008005ffc                OTG_HS_WKUP_IRQHandler
                0x0000000008005ffc                CAN2_SCE_IRQHandler
                0x0000000008005ffc                DMA2_Stream2_IRQHandler
                0x0000000008005ffc                SPI1_IRQHandler
                0x0000000008005ffc                TIM1_BRK_TIM9_IRQHandler
                0x0000000008005ffc                DCMI_IRQHandler
                0x0000000008005ffc                CAN2_RX0_IRQHandler
                0x0000000008005ffc                DMA2_Stream3_IRQHandler
                0x0000000008005ffc                SAI2_IRQHandler
                0x0000000008005ffc                USART6_IRQHandler
                0x0000000008005ffc                USART3_IRQHandler
                0x0000000008005ffc                CAN1_RX1_IRQHandler
                0x0000000008005ffc                UART5_IRQHandler
                0x0000000008005ffc                DMA2_Stream0_IRQHandler
                0x0000000008005ffc                TIM4_IRQHandler
                0x0000000008005ffc                QUADSPI_IRQHandler
                0x0000000008005ffc                I2C1_EV_IRQHandler
                0x0000000008005ffc                DMA1_Stream6_IRQHandler
                0x0000000008005ffc                DMA1_Stream1_IRQHandler
                0x0000000008005ffc                UART4_IRQHandler
                0x0000000008005ffc                RCC_IRQHandler
                0x0000000008005ffc                Default_Handler
                0x0000000008005ffc                CEC_IRQHandler
                0x0000000008005ffc                EXTI15_10_IRQHandler
                0x0000000008005ffc                ADC_IRQHandler
                0x0000000008005ffc                DMA1_Stream7_IRQHandler
                0x0000000008005ffc                TIM7_IRQHandler
                0x0000000008005ffc                CAN2_TX_IRQHandler
                0x0000000008005ffc                TIM5_IRQHandler
                0x0000000008005ffc                DMA2_Stream7_IRQHandler
                0x0000000008005ffc                I2C3_EV_IRQHandler
                0x0000000008005ffc                EXTI9_5_IRQHandler
                0x0000000008005ffc                RTC_WKUP_IRQHandler
                0x0000000008005ffc                SPDIF_RX_IRQHandler
                0x0000000008005ffc                SPI2_IRQHandler
                0x0000000008005ffc                OTG_HS_EP1_IN_IRQHandler
                0x0000000008005ffc                DMA1_Stream0_IRQHandler
                0x0000000008005ffc                CAN1_TX_IRQHandler
                0x0000000008005ffc                FMPI2C1_ER_IRQHandler
                0x0000000008005ffc                EXTI4_IRQHandler
                0x0000000008005ffc                OTG_HS_EP1_OUT_IRQHandler
                0x0000000008005ffc                WWDG_IRQHandler
                0x0000000008005ffc                TIM2_IRQHandler
                0x0000000008005ffc                OTG_FS_WKUP_IRQHandler
                0x0000000008005ffc                TIM1_TRG_COM_TIM11_IRQHandler
                0x0000000008005ffc                OTG_HS_IRQHandler
                0x0000000008005ffc                EXTI1_IRQHandler
                0x0000000008005ffc                USART2_IRQHandler
                0x0000000008005ffc                I2C2_ER_IRQHandler
                0x0000000008005ffc                DMA2_Stream1_IRQHandler
                0x0000000008005ffc                CAN1_SCE_IRQHandler
                0x0000000008005ffc                FLASH_IRQHandler
                0x0000000008005ffc                DMA2_Stream4_IRQHandler
                0x0000000008005ffc                USART1_IRQHandler
                0x0000000008005ffc                OTG_FS_IRQHandler
                0x0000000008005ffc                SPI3_IRQHandler
                0x0000000008005ffc                DMA1_Stream4_IRQHandler
                0x0000000008005ffc                I2C1_ER_IRQHandler
                0x0000000008005ffc                FMC_IRQHandler
                0x0000000008005ffc                DMA2_Stream6_IRQHandler
                0x0000000008005ffc                SAI1_IRQHandler
 *fill*         0x0000000008005ffe        0x2 
 .text.HAL_Init
                0x0000000008006000       0x44 Drivers/STM32F4xx_HAL_Driver/Src/stm32f4xx_hal.o
                0x0000000008006000                HAL_Init
 .text.HAL_IncTick
                0x0000000008006044       0x28 Drivers/STM32F4xx_HAL_Driver/Src/stm32f4xx_hal.o
                0x0000000008006044                HAL_IncTick
 .text.HAL_GetTick
                0x000000000800606c       0x18 Drivers/STM32F4xx_HAL_Driver/Src/stm32f4xx_hal.o
                0x000000000800606c                HAL_GetTick
 .text.HAL_Delay
                0x0000000008006084       0x48 Drivers/STM32F4xx_HAL_Driver/Src/stm32f4xx_hal.o
                0x0000000008006084                HAL_Delay
 .text.__NVIC_SetPriorityGrouping
                0x00000000080060cc       0x48 Drivers/STM32F4xx_HAL_Driver/Src/stm32f4xx_hal_cortex.o
 .text.__NVIC_GetPriorityGrouping
                0x0000000008006114       0x1c Drivers/STM32F4xx_HAL_Driver/Src/stm32f4xx_hal_cortex.o
 .text.__NVIC_EnableIRQ
                0x0000000008006130       0x3c Drivers/STM32F4xx_HAL_Driver/Src/stm32f4xx_hal_cortex.o
 .text.__NVIC_SetPriority
                0x000000000800616c       0x54 Drivers/STM32F4xx_HAL_Driver/Src/stm32f4xx_hal_cortex.o
 .text.NVIC_EncodePriority
                0x00000000080061c0       0x66 Drivers/STM32F4xx_HAL_Driver/Src/stm32f4xx_hal_cortex.o
 .text.HAL_NVIC_SetPriorityGrouping
                0x0000000008006226       0x16 Drivers/STM32F4xx_HAL_Driver/Src/stm32f4xx_hal_cortex.o
                0x0000000008006226                HAL_NVIC_SetPriorityGrouping
 .text.HAL_NVIC_SetPriority
                0x000000000800623c       0x38 Drivers/STM32F4xx_HAL_Driver/Src/stm32f4xx_hal_cortex.o
                0x000000000800623c                HAL_NVIC_SetPriority
 .text.HAL_NVIC_EnableIRQ
                0x0000000008006274       0x1c Drivers/STM32F4xx_HAL_Driver/Src/stm32f4xx_hal_cortex.o
                0x0000000008006274                HAL_NVIC_EnableIRQ
 .text.HAL_DMA_Init
                0x0000000008006290      0x15c Drivers/STM32F4xx_HAL_Driver/Src/stm32f4xx_hal_dma.o
                0x0000000008006290                HAL_DMA_Init
 .text.HAL_DMA_Start_IT
                0x00000000080063ec       0xb0 Drivers/STM32F4xx_HAL_Driver/Src/stm32f4xx_hal_dma.o
                0x00000000080063ec                HAL_DMA_Start_IT
 .text.HAL_DMA_IRQHandler
                0x000000000800649c      0x314 Drivers/STM32F4xx_HAL_Driver/Src/stm32f4xx_hal_dma.o
                0x000000000800649c                HAL_DMA_IRQHandler
 .text.DMA_SetConfig
                0x00000000080067b0       0x5c Drivers/STM32F4xx_HAL_Driver/Src/stm32f4xx_hal_dma.o
 .text.DMA_CalcBaseAndBitshift
                0x000000000800680c       0x6c Drivers/STM32F4xx_HAL_Driver/Src/stm32f4xx_hal_dma.o
 .text.DMA_CheckFifoParam
                0x0000000008006878       0xf8 Drivers/STM32F4xx_HAL_Driver/Src/stm32f4xx_hal_dma.o
 .text.HAL_GPIO_Init
                0x0000000008006970      0x328 Drivers/STM32F4xx_HAL_Driver/Src/stm32f4xx_hal_gpio.o
                0x0000000008006970                HAL_GPIO_Init
 .text.HAL_GPIO_ReadPin
                0x0000000008006c98       0x30 Drivers/STM32F4xx_HAL_Driver/Src/stm32f4xx_hal_gpio.o
                0x0000000008006c98                HAL_GPIO_ReadPin
 .text.HAL_GPIO_WritePin
                0x0000000008006cc8       0x32 Drivers/STM32F4xx_HAL_Driver/Src/stm32f4xx_hal_gpio.o
                0x0000000008006cc8                HAL_GPIO_WritePin
 .text.HAL_GPIO_TogglePin
                0x0000000008006cfa       0x34 Drivers/STM32F4xx_HAL_Driver/Src/stm32f4xx_hal_gpio.o
                0x0000000008006cfa                HAL_GPIO_TogglePin
 *fill*         0x0000000008006d2e        0x2 
 .text.HAL_RCC_ClockConfig
                0x0000000008006d30      0x1cc Drivers/STM32F4xx_HAL_Driver/Src/stm32f4xx_hal_rcc.o
                0x0000000008006d30                HAL_RCC_ClockConfig
 .text.HAL_RCC_GetHCLKFreq
                0x0000000008006efc       0x18 Drivers/STM32F4xx_HAL_Driver/Src/stm32f4xx_hal_rcc.o
                0x0000000008006efc                HAL_RCC_GetHCLKFreq
 .text.HAL_RCC_GetPCLK1Freq
                0x0000000008006f14       0x28 Drivers/STM32F4xx_HAL_Driver/Src/stm32f4xx_hal_rcc.o
                0x0000000008006f14                HAL_RCC_GetPCLK1Freq
 .text.HAL_RCC_GetPCLK2Freq
                0x0000000008006f3c       0x28 Drivers/STM32F4xx_HAL_Driver/Src/stm32f4xx_hal_rcc.o
                0x0000000008006f3c                HAL_RCC_GetPCLK2Freq
 .text.HAL_RCC_GetClockConfig
                0x0000000008006f64       0x64 Drivers/STM32F4xx_HAL_Driver/Src/stm32f4xx_hal_rcc.o
                0x0000000008006f64                HAL_RCC_GetClockConfig
 .text.HAL_RCC_GetSysClockFreq
                0x0000000008006fc8      0x364 Drivers/STM32F4xx_HAL_Driver/Src/stm32f4xx_hal_rcc_ex.o
                0x0000000008006fc8                HAL_RCC_GetSysClockFreq
 .text.HAL_RCC_OscConfig
                0x000000000800732c      0x53c Drivers/STM32F4xx_HAL_Driver/Src/stm32f4xx_hal_rcc_ex.o
                0x000000000800732c                HAL_RCC_OscConfig
 .text.HAL_TIM_Base_Init
                0x0000000008007868       0xb8 Drivers/STM32F4xx_HAL_Driver/Src/stm32f4xx_hal_tim.o
                0x0000000008007868                HAL_TIM_Base_Init
 .text.HAL_TIM_Base_Start
                0x0000000008007920       0xd0 Drivers/STM32F4xx_HAL_Driver/Src/stm32f4xx_hal_tim.o
                0x0000000008007920                HAL_TIM_Base_Start
 .text.HAL_TIM_Base_Stop
                0x00000000080079f0       0x4e Drivers/STM32F4xx_HAL_Driver/Src/stm32f4xx_hal_tim.o
                0x00000000080079f0                HAL_TIM_Base_Stop
 *fill*         0x0000000008007a3e        0x2 
 .text.HAL_TIM_Base_Start_IT
                0x0000000008007a40       0xe0 Drivers/STM32F4xx_HAL_Driver/Src/stm32f4xx_hal_tim.o
                0x0000000008007a40                HAL_TIM_Base_Start_IT
 .text.HAL_TIM_Base_Stop_IT
                0x0000000008007b20       0x5e Drivers/STM32F4xx_HAL_Driver/Src/stm32f4xx_hal_tim.o
                0x0000000008007b20                HAL_TIM_Base_Stop_IT
 *fill*         0x0000000008007b7e        0x2 
 .text.HAL_TIM_PWM_Init
                0x0000000008007b80       0xb8 Drivers/STM32F4xx_HAL_Driver/Src/stm32f4xx_hal_tim.o
                0x0000000008007b80                HAL_TIM_PWM_Init
 .text.HAL_TIM_PWM_MspInit
                0x0000000008007c38       0x14 Drivers/STM32F4xx_HAL_Driver/Src/stm32f4xx_hal_tim.o
                0x0000000008007c38                HAL_TIM_PWM_MspInit
 .text.HAL_TIM_PWM_Start
                0x0000000008007c4c      0x190 Drivers/STM32F4xx_HAL_Driver/Src/stm32f4xx_hal_tim.o
                0x0000000008007c4c                HAL_TIM_PWM_Start
 .text.HAL_TIM_IC_Init
                0x0000000008007ddc       0xb8 Drivers/STM32F4xx_HAL_Driver/Src/stm32f4xx_hal_tim.o
                0x0000000008007ddc                HAL_TIM_IC_Init
 .text.HAL_TIM_IC_MspInit
                0x0000000008007e94       0x14 Drivers/STM32F4xx_HAL_Driver/Src/stm32f4xx_hal_tim.o
                0x0000000008007e94                HAL_TIM_IC_MspInit
 .text.HAL_TIM_IC_Start_IT
                0x0000000008007ea8      0x250 Drivers/STM32F4xx_HAL_Driver/Src/stm32f4xx_hal_tim.o
                0x0000000008007ea8                HAL_TIM_IC_Start_IT
 .text.HAL_TIM_IC_Stop_IT
                0x00000000080080f8      0x15c Drivers/STM32F4xx_HAL_Driver/Src/stm32f4xx_hal_tim.o
                0x00000000080080f8                HAL_TIM_IC_Stop_IT
 .text.HAL_TIM_Encoder_Init
                0x0000000008008254      0x168 Drivers/STM32F4xx_HAL_Driver/Src/stm32f4xx_hal_tim.o
                0x0000000008008254                HAL_TIM_Encoder_Init
 .text.HAL_TIM_Encoder_Start
                0x00000000080083bc      0x11c Drivers/STM32F4xx_HAL_Driver/Src/stm32f4xx_hal_tim.o
                0x00000000080083bc                HAL_TIM_Encoder_Start
 .text.HAL_TIM_IRQHandler
                0x00000000080084d8      0x250 Drivers/STM32F4xx_HAL_Driver/Src/stm32f4xx_hal_tim.o
                0x00000000080084d8                HAL_TIM_IRQHandler
 .text.HAL_TIM_IC_ConfigChannel
                0x0000000008008728      0x138 Drivers/STM32F4xx_HAL_Driver/Src/stm32f4xx_hal_tim.o
                0x0000000008008728                HAL_TIM_IC_ConfigChannel
 .text.HAL_TIM_PWM_ConfigChannel
                0x0000000008008860      0x184 Drivers/STM32F4xx_HAL_Driver/Src/stm32f4xx_hal_tim.o
                0x0000000008008860                HAL_TIM_PWM_ConfigChannel
 .text.HAL_TIM_ConfigClockSource
                0x00000000080089e4      0x18e Drivers/STM32F4xx_HAL_Driver/Src/stm32f4xx_hal_tim.o
                0x00000000080089e4                HAL_TIM_ConfigClockSource
 .text.HAL_TIM_PeriodElapsedHalfCpltCallback
                0x0000000008008b72       0x14 Drivers/STM32F4xx_HAL_Driver/Src/stm32f4xx_hal_tim.o
                0x0000000008008b72                HAL_TIM_PeriodElapsedHalfCpltCallback
 .text.HAL_TIM_OC_DelayElapsedCallback
                0x0000000008008b86       0x14 Drivers/STM32F4xx_HAL_Driver/Src/stm32f4xx_hal_tim.o
                0x0000000008008b86                HAL_TIM_OC_DelayElapsedCallback
 .text.HAL_TIM_IC_CaptureCallback
                0x0000000008008b9a       0x14 Drivers/STM32F4xx_HAL_Driver/Src/stm32f4xx_hal_tim.o
                0x0000000008008b9a                HAL_TIM_IC_CaptureCallback
 .text.HAL_TIM_IC_CaptureHalfCpltCallback
                0x0000000008008bae       0x14 Drivers/STM32F4xx_HAL_Driver/Src/stm32f4xx_hal_tim.o
                0x0000000008008bae                HAL_TIM_IC_CaptureHalfCpltCallback
 .text.HAL_TIM_PWM_PulseFinishedCallback
                0x0000000008008bc2       0x14 Drivers/STM32F4xx_HAL_Driver/Src/stm32f4xx_hal_tim.o
                0x0000000008008bc2                HAL_TIM_PWM_PulseFinishedCallback
 .text.HAL_TIM_PWM_PulseFinishedHalfCpltCallback
                0x0000000008008bd6       0x14 Drivers/STM32F4xx_HAL_Driver/Src/stm32f4xx_hal_tim.o
                0x0000000008008bd6                HAL_TIM_PWM_PulseFinishedHalfCpltCallback
 .text.HAL_TIM_TriggerCallback
                0x0000000008008bea       0x14 Drivers/STM32F4xx_HAL_Driver/Src/stm32f4xx_hal_tim.o
                0x0000000008008bea                HAL_TIM_TriggerCallback
 .text.HAL_TIM_TriggerHalfCpltCallback
                0x0000000008008bfe       0x14 Drivers/STM32F4xx_HAL_Driver/Src/stm32f4xx_hal_tim.o
                0x0000000008008bfe                HAL_TIM_TriggerHalfCpltCallback
 .text.HAL_TIM_ErrorCallback
                0x0000000008008c12       0x14 Drivers/STM32F4xx_HAL_Driver/Src/stm32f4xx_hal_tim.o
                0x0000000008008c12                HAL_TIM_ErrorCallback
 *fill*         0x0000000008008c26        0x2 
 .text.TIM_Base_SetConfig
                0x0000000008008c28      0x140 Drivers/STM32F4xx_HAL_Driver/Src/stm32f4xx_hal_tim.o
                0x0000000008008c28                TIM_Base_SetConfig
 .text.TIM_OC1_SetConfig
                0x0000000008008d68       0xe0 Drivers/STM32F4xx_HAL_Driver/Src/stm32f4xx_hal_tim.o
 .text.TIM_OC2_SetConfig
                0x0000000008008e48       0xec Drivers/STM32F4xx_HAL_Driver/Src/stm32f4xx_hal_tim.o
                0x0000000008008e48                TIM_OC2_SetConfig
 .text.TIM_OC3_SetConfig
                0x0000000008008f34       0xe8 Drivers/STM32F4xx_HAL_Driver/Src/stm32f4xx_hal_tim.o
 .text.TIM_OC4_SetConfig
                0x000000000800901c       0xac Drivers/STM32F4xx_HAL_Driver/Src/stm32f4xx_hal_tim.o
 .text.TIM_TI1_SetConfig
                0x00000000080090c8       0xe8 Drivers/STM32F4xx_HAL_Driver/Src/stm32f4xx_hal_tim.o
                0x00000000080090c8                TIM_TI1_SetConfig
 .text.TIM_TI1_ConfigInputStage
                0x00000000080091b0       0x5e Drivers/STM32F4xx_HAL_Driver/Src/stm32f4xx_hal_tim.o
 .text.TIM_TI2_SetConfig
                0x000000000800920e       0x7a Drivers/STM32F4xx_HAL_Driver/Src/stm32f4xx_hal_tim.o
 .text.TIM_TI2_ConfigInputStage
                0x0000000008009288       0x60 Drivers/STM32F4xx_HAL_Driver/Src/stm32f4xx_hal_tim.o
 .text.TIM_TI3_SetConfig
                0x00000000080092e8       0x78 Drivers/STM32F4xx_HAL_Driver/Src/stm32f4xx_hal_tim.o
 .text.TIM_TI4_SetConfig
                0x0000000008009360       0x7a Drivers/STM32F4xx_HAL_Driver/Src/stm32f4xx_hal_tim.o
 .text.TIM_ITRx_SetConfig
                0x00000000080093da       0x36 Drivers/STM32F4xx_HAL_Driver/Src/stm32f4xx_hal_tim.o
 .text.TIM_ETR_SetConfig
                0x0000000008009410       0x40 Drivers/STM32F4xx_HAL_Driver/Src/stm32f4xx_hal_tim.o
                0x0000000008009410                TIM_ETR_SetConfig
 .text.TIM_CCxChannelCmd
                0x0000000008009450       0x4a Drivers/STM32F4xx_HAL_Driver/Src/stm32f4xx_hal_tim.o
                0x0000000008009450                TIM_CCxChannelCmd
 *fill*         0x000000000800949a        0x2 
 .text.TIM_ResetCallback
                0x000000000800949c       0xb0 Drivers/STM32F4xx_HAL_Driver/Src/stm32f4xx_hal_tim.o
                0x000000000800949c                TIM_ResetCallback
 .text.HAL_TIMEx_MasterConfigSynchronization
                0x000000000800954c       0xf8 Drivers/STM32F4xx_HAL_Driver/Src/stm32f4xx_hal_tim_ex.o
                0x000000000800954c                HAL_TIMEx_MasterConfigSynchronization
 .text.HAL_TIMEx_ConfigBreakDeadTime
                0x0000000008009644       0xa4 Drivers/STM32F4xx_HAL_Driver/Src/stm32f4xx_hal_tim_ex.o
                0x0000000008009644                HAL_TIMEx_ConfigBreakDeadTime
 .text.HAL_TIMEx_CommutCallback
                0x00000000080096e8       0x14 Drivers/STM32F4xx_HAL_Driver/Src/stm32f4xx_hal_tim_ex.o
                0x00000000080096e8                HAL_TIMEx_CommutCallback
 .text.HAL_TIMEx_CommutHalfCpltCallback
                0x00000000080096fc       0x14 Drivers/STM32F4xx_HAL_Driver/Src/stm32f4xx_hal_tim_ex.o
                0x00000000080096fc                HAL_TIMEx_CommutHalfCpltCallback
 .text.HAL_TIMEx_BreakCallback
                0x0000000008009710       0x14 Drivers/STM32F4xx_HAL_Driver/Src/stm32f4xx_hal_tim_ex.o
                0x0000000008009710                HAL_TIMEx_BreakCallback
 .text.HAL_UART_Init
                0x0000000008009724       0xb4 Drivers/STM32F4xx_HAL_Driver/Src/stm32f4xx_hal_uart.o
                0x0000000008009724                HAL_UART_Init
 .text.HAL_UART_Transmit
                0x00000000080097d8      0x124 Drivers/STM32F4xx_HAL_Driver/Src/stm32f4xx_hal_uart.o
                0x00000000080097d8                HAL_UART_Transmit
 .text.HAL_UART_Receive
                0x00000000080098fc      0x144 Drivers/STM32F4xx_HAL_Driver/Src/stm32f4xx_hal_uart.o
                0x00000000080098fc                HAL_UART_Receive
 .text.HAL_UART_Transmit_DMA
                0x0000000008009a40       0xfc Drivers/STM32F4xx_HAL_Driver/Src/stm32f4xx_hal_uart.o
                0x0000000008009a40                HAL_UART_Transmit_DMA
 .text.HAL_UART_TxCpltCallback
                0x0000000008009b3c       0x14 Drivers/STM32F4xx_HAL_Driver/Src/stm32f4xx_hal_uart.o
                0x0000000008009b3c                HAL_UART_TxCpltCallback
 .text.HAL_UART_TxHalfCpltCallback
                0x0000000008009b50       0x14 Drivers/STM32F4xx_HAL_Driver/Src/stm32f4xx_hal_uart.o
                0x0000000008009b50                HAL_UART_TxHalfCpltCallback
 .text.HAL_UART_RxCpltCallback
                0x0000000008009b64       0x14 Drivers/STM32F4xx_HAL_Driver/Src/stm32f4xx_hal_uart.o
                0x0000000008009b64                HAL_UART_RxCpltCallback
 .text.HAL_UART_RxHalfCpltCallback
                0x0000000008009b78       0x14 Drivers/STM32F4xx_HAL_Driver/Src/stm32f4xx_hal_uart.o
                0x0000000008009b78                HAL_UART_RxHalfCpltCallback
 .text.HAL_UART_ErrorCallback
                0x0000000008009b8c       0x14 Drivers/STM32F4xx_HAL_Driver/Src/stm32f4xx_hal_uart.o
                0x0000000008009b8c                HAL_UART_ErrorCallback
 .text.HAL_UART_AbortCpltCallback
                0x0000000008009ba0       0x14 Drivers/STM32F4xx_HAL_Driver/Src/stm32f4xx_hal_uart.o
                0x0000000008009ba0                HAL_UART_AbortCpltCallback
 .text.HAL_UART_AbortTransmitCpltCallback
                0x0000000008009bb4       0x14 Drivers/STM32F4xx_HAL_Driver/Src/stm32f4xx_hal_uart.o
                0x0000000008009bb4                HAL_UART_AbortTransmitCpltCallback
 .text.HAL_UART_AbortReceiveCpltCallback
                0x0000000008009bc8       0x14 Drivers/STM32F4xx_HAL_Driver/Src/stm32f4xx_hal_uart.o
                0x0000000008009bc8                HAL_UART_AbortReceiveCpltCallback
 .text.HAL_UARTEx_RxEventCallback
                0x0000000008009bdc       0x18 Drivers/STM32F4xx_HAL_Driver/Src/stm32f4xx_hal_uart.o
                0x0000000008009bdc                HAL_UARTEx_RxEventCallback
 .text.UART_InitCallbacksToDefault
                0x0000000008009bf4       0x70 Drivers/STM32F4xx_HAL_Driver/Src/stm32f4xx_hal_uart.o
                0x0000000008009bf4                UART_InitCallbacksToDefault
 .text.UART_DMATransmitCplt
                0x0000000008009c64       0x9c Drivers/STM32F4xx_HAL_Driver/Src/stm32f4xx_hal_uart.o
 .text.UART_DMATxHalfCplt
                0x0000000008009d00       0x1e Drivers/STM32F4xx_HAL_Driver/Src/stm32f4xx_hal_uart.o
 .text.UART_DMAError
                0x0000000008009d1e       0x96 Drivers/STM32F4xx_HAL_Driver/Src/stm32f4xx_hal_uart.o
 .text.UART_WaitOnFlagUntilTimeout
                0x0000000008009db4       0xdc Drivers/STM32F4xx_HAL_Driver/Src/stm32f4xx_hal_uart.o
 .text.UART_EndTxTransfer
                0x0000000008009e90       0x50 Drivers/STM32F4xx_HAL_Driver/Src/stm32f4xx_hal_uart.o
 .text.UART_EndRxTransfer
                0x0000000008009ee0       0xc6 Drivers/STM32F4xx_HAL_Driver/Src/stm32f4xx_hal_uart.o
 *fill*         0x0000000008009fa6        0x2 
 .text.UART_SetConfig
                0x0000000008009fa8      0x390 Drivers/STM32F4xx_HAL_Driver/Src/stm32f4xx_hal_uart.o
 .text.__NVIC_SetPriority
                0x000000000800a338       0x54 Middlewares/Third_Party/FreeRTOS/Source/CMSIS_RTOS_V2/cmsis_os2.o
 .text.SysTick_Handler
                0x000000000800a38c       0x20 Middlewares/Third_Party/FreeRTOS/Source/CMSIS_RTOS_V2/cmsis_os2.o
                0x000000000800a38c                SysTick_Handler
 .text.SVC_Setup
                0x000000000800a3ac       0x12 Middlewares/Third_Party/FreeRTOS/Source/CMSIS_RTOS_V2/cmsis_os2.o
 *fill*         0x000000000800a3be        0x2 
 .text.osKernelInitialize
                0x000000000800a3c0       0x48 Middlewares/Third_Party/FreeRTOS/Source/CMSIS_RTOS_V2/cmsis_os2.o
                0x000000000800a3c0                osKernelInitialize
 .text.osKernelStart
                0x000000000800a408       0x4c Middlewares/Third_Party/FreeRTOS/Source/CMSIS_RTOS_V2/cmsis_os2.o
                0x000000000800a408                osKernelStart
 .text.osThreadNew
                0x000000000800a454      0x124 Middlewares/Third_Party/FreeRTOS/Source/CMSIS_RTOS_V2/cmsis_os2.o
                0x000000000800a454                osThreadNew
 .text.osThreadSuspend
                0x000000000800a578       0x42 Middlewares/Third_Party/FreeRTOS/Source/CMSIS_RTOS_V2/cmsis_os2.o
                0x000000000800a578                osThreadSuspend
 .text.osThreadResume
                0x000000000800a5ba       0x42 Middlewares/Third_Party/FreeRTOS/Source/CMSIS_RTOS_V2/cmsis_os2.o
                0x000000000800a5ba                osThreadResume
 .text.osDelay  0x000000000800a5fc       0x36 Middlewares/Third_Party/FreeRTOS/Source/CMSIS_RTOS_V2/cmsis_os2.o
                0x000000000800a5fc                osDelay
 *fill*         0x000000000800a632        0x2 
 .text.vApplicationGetIdleTaskMemory
                0x000000000800a634       0x34 Middlewares/Third_Party/FreeRTOS/Source/CMSIS_RTOS_V2/cmsis_os2.o
                0x000000000800a634                vApplicationGetIdleTaskMemory
 .text.vApplicationGetTimerTaskMemory
                0x000000000800a668       0x34 Middlewares/Third_Party/FreeRTOS/Source/CMSIS_RTOS_V2/cmsis_os2.o
                0x000000000800a668                vApplicationGetTimerTaskMemory
 .text.vListInitialise
                0x000000000800a69c       0x40 Middlewares/Third_Party/FreeRTOS/Source/list.o
                0x000000000800a69c                vListInitialise
 .text.vListInitialiseItem
                0x000000000800a6dc       0x1a Middlewares/Third_Party/FreeRTOS/Source/list.o
                0x000000000800a6dc                vListInitialiseItem
 .text.vListInsertEnd
                0x000000000800a6f6       0x48 Middlewares/Third_Party/FreeRTOS/Source/list.o
                0x000000000800a6f6                vListInsertEnd
 .text.vListInsert
                0x000000000800a73e       0x72 Middlewares/Third_Party/FreeRTOS/Source/list.o
                0x000000000800a73e                vListInsert
 .text.uxListRemove
                0x000000000800a7b0       0x54 Middlewares/Third_Party/FreeRTOS/Source/list.o
                0x000000000800a7b0                uxListRemove
 .text.xQueueGenericReset
                0x000000000800a804       0xd0 Middlewares/Third_Party/FreeRTOS/Source/queue.o
                0x000000000800a804                xQueueGenericReset
 .text.xQueueGenericCreateStatic
                0x000000000800a8d4       0xf0 Middlewares/Third_Party/FreeRTOS/Source/queue.o
                0x000000000800a8d4                xQueueGenericCreateStatic
 .text.prvInitialiseNewQueue
                0x000000000800a9c4       0x46 Middlewares/Third_Party/FreeRTOS/Source/queue.o
 *fill*         0x000000000800aa0a        0x2 
 .text.xQueueGenericSend
                0x000000000800aa0c      0x1fc Middlewares/Third_Party/FreeRTOS/Source/queue.o
                0x000000000800aa0c                xQueueGenericSend
 .text.xQueueGenericSendFromISR
                0x000000000800ac08      0x136 Middlewares/Third_Party/FreeRTOS/Source/queue.o
                0x000000000800ac08                xQueueGenericSendFromISR
 *fill*         0x000000000800ad3e        0x2 
 .text.xQueueReceive
                0x000000000800ad40      0x1c0 Middlewares/Third_Party/FreeRTOS/Source/queue.o
                0x000000000800ad40                xQueueReceive
 .text.prvCopyDataToQueue
                0x000000000800af00       0xd4 Middlewares/Third_Party/FreeRTOS/Source/queue.o
 .text.prvCopyDataFromQueue
                0x000000000800afd4       0x4c Middlewares/Third_Party/FreeRTOS/Source/queue.o
 .text.prvUnlockQueue
                0x000000000800b020       0xa4 Middlewares/Third_Party/FreeRTOS/Source/queue.o
 .text.prvIsQueueEmpty
                0x000000000800b0c4       0x2c Middlewares/Third_Party/FreeRTOS/Source/queue.o
 .text.prvIsQueueFull
                0x000000000800b0f0       0x30 Middlewares/Third_Party/FreeRTOS/Source/queue.o
 .text.vQueueAddToRegistry
                0x000000000800b120       0x54 Middlewares/Third_Party/FreeRTOS/Source/queue.o
                0x000000000800b120                vQueueAddToRegistry
 .text.vQueueWaitForMessageRestricted
                0x000000000800b174       0x68 Middlewares/Third_Party/FreeRTOS/Source/queue.o
                0x000000000800b174                vQueueWaitForMessageRestricted
 .text.xTaskCreateStatic
                0x000000000800b1dc       0xba Middlewares/Third_Party/FreeRTOS/Source/tasks.o
                0x000000000800b1dc                xTaskCreateStatic
 .text.xTaskCreate
                0x000000000800b296       0x8a Middlewares/Third_Party/FreeRTOS/Source/tasks.o
                0x000000000800b296                xTaskCreate
 .text.prvInitialiseNewTask
                0x000000000800b320      0x11e Middlewares/Third_Party/FreeRTOS/Source/tasks.o
 *fill*         0x000000000800b43e        0x2 
 .text.prvAddNewTaskToReadyList
                0x000000000800b440       0xe0 Middlewares/Third_Party/FreeRTOS/Source/tasks.o
 .text.vTaskDelay
                0x000000000800b520       0x68 Middlewares/Third_Party/FreeRTOS/Source/tasks.o
                0x000000000800b520                vTaskDelay
 .text.vTaskSuspend
                0x000000000800b588       0xec Middlewares/Third_Party/FreeRTOS/Source/tasks.o
                0x000000000800b588                vTaskSuspend
 .text.prvTaskIsTaskSuspended
                0x000000000800b674       0x64 Middlewares/Third_Party/FreeRTOS/Source/tasks.o
 .text.vTaskResume
                0x000000000800b6d8       0xbc Middlewares/Third_Party/FreeRTOS/Source/tasks.o
                0x000000000800b6d8                vTaskResume
 .text.vTaskStartScheduler
                0x000000000800b794       0xcc Middlewares/Third_Party/FreeRTOS/Source/tasks.o
                0x000000000800b794                vTaskStartScheduler
 .text.vTaskSuspendAll
                0x000000000800b860       0x1c Middlewares/Third_Party/FreeRTOS/Source/tasks.o
                0x000000000800b860                vTaskSuspendAll
 .text.xTaskResumeAll
                0x000000000800b87c      0x13c Middlewares/Third_Party/FreeRTOS/Source/tasks.o
                0x000000000800b87c                xTaskResumeAll
 .text.xTaskGetTickCount
                0x000000000800b9b8       0x20 Middlewares/Third_Party/FreeRTOS/Source/tasks.o
                0x000000000800b9b8                xTaskGetTickCount
 .text.xTaskIncrementTick
                0x000000000800b9d8      0x174 Middlewares/Third_Party/FreeRTOS/Source/tasks.o
                0x000000000800b9d8                xTaskIncrementTick
 .text.vTaskSwitchContext
                0x000000000800bb4c       0xbc Middlewares/Third_Party/FreeRTOS/Source/tasks.o
                0x000000000800bb4c                vTaskSwitchContext
 .text.vTaskPlaceOnEventList
                0x000000000800bc08       0x48 Middlewares/Third_Party/FreeRTOS/Source/tasks.o
                0x000000000800bc08                vTaskPlaceOnEventList
 .text.vTaskPlaceOnEventListRestricted
                0x000000000800bc50       0x58 Middlewares/Third_Party/FreeRTOS/Source/tasks.o
                0x000000000800bc50                vTaskPlaceOnEventListRestricted
 .text.xTaskRemoveFromEventList
                0x000000000800bca8       0xc8 Middlewares/Third_Party/FreeRTOS/Source/tasks.o
                0x000000000800bca8                xTaskRemoveFromEventList
 .text.vTaskInternalSetTimeOutState
                0x000000000800bd70       0x2c Middlewares/Third_Party/FreeRTOS/Source/tasks.o
                0x000000000800bd70                vTaskInternalSetTimeOutState
 .text.xTaskCheckForTimeOut
                0x000000000800bd9c       0xc4 Middlewares/Third_Party/FreeRTOS/Source/tasks.o
                0x000000000800bd9c                xTaskCheckForTimeOut
 .text.vTaskMissedYield
                0x000000000800be60       0x18 Middlewares/Third_Party/FreeRTOS/Source/tasks.o
                0x000000000800be60                vTaskMissedYield
 .text.prvIdleTask
                0x000000000800be78       0x30 Middlewares/Third_Party/FreeRTOS/Source/tasks.o
 .text.prvInitialiseTaskLists
                0x000000000800bea8       0x80 Middlewares/Third_Party/FreeRTOS/Source/tasks.o
 .text.prvCheckTasksWaitingTermination
                0x000000000800bf28       0x5c Middlewares/Third_Party/FreeRTOS/Source/tasks.o
 .text.prvDeleteTCB
                0x000000000800bf84       0x5e Middlewares/Third_Party/FreeRTOS/Source/tasks.o
 *fill*         0x000000000800bfe2        0x2 
 .text.prvResetNextTaskUnblockTime
                0x000000000800bfe4       0x40 Middlewares/Third_Party/FreeRTOS/Source/tasks.o
 .text.xTaskGetSchedulerState
                0x000000000800c024       0x3c Middlewares/Third_Party/FreeRTOS/Source/tasks.o
                0x000000000800c024                xTaskGetSchedulerState
 .text.xTaskPriorityDisinherit
                0x000000000800c060       0xdc Middlewares/Third_Party/FreeRTOS/Source/tasks.o
                0x000000000800c060                xTaskPriorityDisinherit
 .text.prvAddCurrentTaskToDelayedList
                0x000000000800c13c       0xa8 Middlewares/Third_Party/FreeRTOS/Source/tasks.o
 .text.xTimerCreateTimerTask
                0x000000000800c1e4       0x90 Middlewares/Third_Party/FreeRTOS/Source/timers.o
                0x000000000800c1e4                xTimerCreateTimerTask
 .text.xTimerGenericCommand
                0x000000000800c274       0x9c Middlewares/Third_Party/FreeRTOS/Source/timers.o
                0x000000000800c274                xTimerGenericCommand
 .text.prvProcessExpiredTimer
                0x000000000800c310       0x98 Middlewares/Third_Party/FreeRTOS/Source/timers.o
 .text.prvTimerTask
                0x000000000800c3a8       0x24 Middlewares/Third_Party/FreeRTOS/Source/timers.o
 .text.prvProcessTimerOrBlockTask
                0x000000000800c3cc       0x9c Middlewares/Third_Party/FreeRTOS/Source/timers.o
 .text.prvGetNextExpireTime
                0x000000000800c468       0x48 Middlewares/Third_Party/FreeRTOS/Source/timers.o
 .text.prvSampleTimeNow
                0x000000000800c4b0       0x40 Middlewares/Third_Party/FreeRTOS/Source/timers.o
 .text.prvInsertTimerInActiveList
                0x000000000800c4f0       0x84 Middlewares/Third_Party/FreeRTOS/Source/timers.o
 .text.prvProcessReceivedCommands
                0x000000000800c574      0x1c4 Middlewares/Third_Party/FreeRTOS/Source/timers.o
 .text.prvSwitchTimerLists
                0x000000000800c738       0xc8 Middlewares/Third_Party/FreeRTOS/Source/timers.o
 .text.prvCheckForValidListAndQueue
                0x000000000800c800       0x80 Middlewares/Third_Party/FreeRTOS/Source/timers.o
 .text.pxPortInitialiseStack
                0x000000000800c880       0x68 Middlewares/Third_Party/FreeRTOS/Source/portable/GCC/ARM_CM4F/port.o
                0x000000000800c880                pxPortInitialiseStack
 .text.prvTaskExitError
                0x000000000800c8e8       0x58 Middlewares/Third_Party/FreeRTOS/Source/portable/GCC/ARM_CM4F/port.o
 .text.SVC_Handler
                0x000000000800c940       0x28 Middlewares/Third_Party/FreeRTOS/Source/portable/GCC/ARM_CM4F/port.o
                0x000000000800c940                SVC_Handler
 .text.prvPortStartFirstTask
                0x000000000800c968       0x28 Middlewares/Third_Party/FreeRTOS/Source/portable/GCC/ARM_CM4F/port.o
 .text.xPortStartScheduler
                0x000000000800c990      0x144 Middlewares/Third_Party/FreeRTOS/Source/portable/GCC/ARM_CM4F/port.o
                0x000000000800c990                xPortStartScheduler
 .text.vPortEnterCritical
                0x000000000800cad4       0x60 Middlewares/Third_Party/FreeRTOS/Source/portable/GCC/ARM_CM4F/port.o
                0x000000000800cad4                vPortEnterCritical
 .text.vPortExitCritical
                0x000000000800cb34       0x54 Middlewares/Third_Party/FreeRTOS/Source/portable/GCC/ARM_CM4F/port.o
                0x000000000800cb34                vPortExitCritical
 *fill*         0x000000000800cb88        0x8 
 .text.PendSV_Handler
                0x000000000800cb90       0x68 Middlewares/Third_Party/FreeRTOS/Source/portable/GCC/ARM_CM4F/port.o
                0x000000000800cb90                PendSV_Handler
 .text.xPortSysTickHandler
                0x000000000800cbf8       0x44 Middlewares/Third_Party/FreeRTOS/Source/portable/GCC/ARM_CM4F/port.o
                0x000000000800cbf8                xPortSysTickHandler
 .text.vPortSetupTimerInterrupt
                0x000000000800cc3c       0x48 Middlewares/Third_Party/FreeRTOS/Source/portable/GCC/ARM_CM4F/port.o
                0x000000000800cc3c                vPortSetupTimerInterrupt
 .text.vPortEnableVFP
                0x000000000800cc84       0x14 Middlewares/Third_Party/FreeRTOS/Source/portable/GCC/ARM_CM4F/port.o
 .text.vPortValidateInterruptPriority
                0x000000000800cc98       0x80 Middlewares/Third_Party/FreeRTOS/Source/portable/GCC/ARM_CM4F/port.o
                0x000000000800cc98                vPortValidateInterruptPriority
 .text.pvPortMalloc
                0x000000000800cd18      0x198 Middlewares/Third_Party/FreeRTOS/Source/portable/MemMang/heap_4.o
                0x000000000800cd18                pvPortMalloc
 .text.vPortFree
                0x000000000800ceb0       0xc4 Middlewares/Third_Party/FreeRTOS/Source/portable/MemMang/heap_4.o
                0x000000000800ceb0                vPortFree
 .text.prvHeapInit
                0x000000000800cf74       0xc4 Middlewares/Third_Party/FreeRTOS/Source/portable/MemMang/heap_4.o
 .text.prvInsertBlockIntoFreeList
                0x000000000800d038       0xb4 Middlewares/Third_Party/FreeRTOS/Source/portable/MemMang/heap_4.o
 .text.calloc   0x000000000800d0ec       0x10 /opt/st/stm32cubeide_1.6.0/plugins/com.st.stm32cube.ide.mcu.externaltools.gnu-tools-for-stm32.9-2020-q2-update.linux64_1.5.0.202011040924/tools/bin/../lib/gcc/arm-none-eabi/9.3.1/../../../../arm-none-eabi/lib/thumb/v7e-m+fp/hard/libc_nano.a(lib_a-calloc.o)
                0x000000000800d0ec                calloc
 .text.__errno  0x000000000800d0fc        0xc /opt/st/stm32cubeide_1.6.0/plugins/com.st.stm32cube.ide.mcu.externaltools.gnu-tools-for-stm32.9-2020-q2-update.linux64_1.5.0.202011040924/tools/bin/../lib/gcc/arm-none-eabi/9.3.1/../../../../arm-none-eabi/lib/thumb/v7e-m+fp/hard/libc_nano.a(lib_a-errno.o)
                0x000000000800d0fc                __errno
 .text.__libc_init_array
                0x000000000800d108       0x48 /opt/st/stm32cubeide_1.6.0/plugins/com.st.stm32cube.ide.mcu.externaltools.gnu-tools-for-stm32.9-2020-q2-update.linux64_1.5.0.202011040924/tools/bin/../lib/gcc/arm-none-eabi/9.3.1/../../../../arm-none-eabi/lib/thumb/v7e-m+fp/hard/libc_nano.a(lib_a-init.o)
                0x000000000800d108                __libc_init_array
 .text.malloc   0x000000000800d150       0x10 /opt/st/stm32cubeide_1.6.0/plugins/com.st.stm32cube.ide.mcu.externaltools.gnu-tools-for-stm32.9-2020-q2-update.linux64_1.5.0.202011040924/tools/bin/../lib/gcc/arm-none-eabi/9.3.1/../../../../arm-none-eabi/lib/thumb/v7e-m+fp/hard/libc_nano.a(lib_a-malloc.o)
                0x000000000800d150                malloc
 .text.memcpy   0x000000000800d160       0x1c /opt/st/stm32cubeide_1.6.0/plugins/com.st.stm32cube.ide.mcu.externaltools.gnu-tools-for-stm32.9-2020-q2-update.linux64_1.5.0.202011040924/tools/bin/../lib/gcc/arm-none-eabi/9.3.1/../../../../arm-none-eabi/lib/thumb/v7e-m+fp/hard/libc_nano.a(lib_a-memcpy-stub.o)
                0x000000000800d160                memcpy
 .text.memset   0x000000000800d17c       0x10 /opt/st/stm32cubeide_1.6.0/plugins/com.st.stm32cube.ide.mcu.externaltools.gnu-tools-for-stm32.9-2020-q2-update.linux64_1.5.0.202011040924/tools/bin/../lib/gcc/arm-none-eabi/9.3.1/../../../../arm-none-eabi/lib/thumb/v7e-m+fp/hard/libc_nano.a(lib_a-memset.o)
                0x000000000800d17c                memset
 .text._calloc_r
                0x000000000800d18c       0x1e /opt/st/stm32cubeide_1.6.0/plugins/com.st.stm32cube.ide.mcu.externaltools.gnu-tools-for-stm32.9-2020-q2-update.linux64_1.5.0.202011040924/tools/bin/../lib/gcc/arm-none-eabi/9.3.1/../../../../arm-none-eabi/lib/thumb/v7e-m+fp/hard/libc_nano.a(lib_a-nano-callocr.o)
                0x000000000800d18c                _calloc_r
 *fill*         0x000000000800d1aa        0x2 
 .text._free_r  0x000000000800d1ac       0xa0 /opt/st/stm32cubeide_1.6.0/plugins/com.st.stm32cube.ide.mcu.externaltools.gnu-tools-for-stm32.9-2020-q2-update.linux64_1.5.0.202011040924/tools/bin/../lib/gcc/arm-none-eabi/9.3.1/../../../../arm-none-eabi/lib/thumb/v7e-m+fp/hard/libc_nano.a(lib_a-nano-freer.o)
                0x000000000800d1ac                _free_r
 .text._malloc_r
                0x000000000800d24c       0xb4 /opt/st/stm32cubeide_1.6.0/plugins/com.st.stm32cube.ide.mcu.externaltools.gnu-tools-for-stm32.9-2020-q2-update.linux64_1.5.0.202011040924/tools/bin/../lib/gcc/arm-none-eabi/9.3.1/../../../../arm-none-eabi/lib/thumb/v7e-m+fp/hard/libc_nano.a(lib_a-nano-mallocr.o)
                0x000000000800d24c                _malloc_r
 .text.__cvt    0x000000000800d300       0xc4 /opt/st/stm32cubeide_1.6.0/plugins/com.st.stm32cube.ide.mcu.externaltools.gnu-tools-for-stm32.9-2020-q2-update.linux64_1.5.0.202011040924/tools/bin/../lib/gcc/arm-none-eabi/9.3.1/../../../../arm-none-eabi/lib/thumb/v7e-m+fp/hard/libc_nano.a(lib_a-nano-vfprintf_float.o)
                0x000000000800d300                __cvt
 .text.__exponent
                0x000000000800d3c4       0x7c /opt/st/stm32cubeide_1.6.0/plugins/com.st.stm32cube.ide.mcu.externaltools.gnu-tools-for-stm32.9-2020-q2-update.linux64_1.5.0.202011040924/tools/bin/../lib/gcc/arm-none-eabi/9.3.1/../../../../arm-none-eabi/lib/thumb/v7e-m+fp/hard/libc_nano.a(lib_a-nano-vfprintf_float.o)
                0x000000000800d3c4                __exponent
 .text._printf_float
                0x000000000800d440      0x46c /opt/st/stm32cubeide_1.6.0/plugins/com.st.stm32cube.ide.mcu.externaltools.gnu-tools-for-stm32.9-2020-q2-update.linux64_1.5.0.202011040924/tools/bin/../lib/gcc/arm-none-eabi/9.3.1/../../../../arm-none-eabi/lib/thumb/v7e-m+fp/hard/libc_nano.a(lib_a-nano-vfprintf_float.o)
                0x000000000800d440                _printf_float
 .text._printf_common
                0x000000000800d8ac       0xda /opt/st/stm32cubeide_1.6.0/plugins/com.st.stm32cube.ide.mcu.externaltools.gnu-tools-for-stm32.9-2020-q2-update.linux64_1.5.0.202011040924/tools/bin/../lib/gcc/arm-none-eabi/9.3.1/../../../../arm-none-eabi/lib/thumb/v7e-m+fp/hard/libc_nano.a(lib_a-nano-vfprintf_i.o)
                0x000000000800d8ac                _printf_common
 *fill*         0x000000000800d986        0x2 
 .text._printf_i
                0x000000000800d988      0x24c /opt/st/stm32cubeide_1.6.0/plugins/com.st.stm32cube.ide.mcu.externaltools.gnu-tools-for-stm32.9-2020-q2-update.linux64_1.5.0.202011040924/tools/bin/../lib/gcc/arm-none-eabi/9.3.1/../../../../arm-none-eabi/lib/thumb/v7e-m+fp/hard/libc_nano.a(lib_a-nano-vfprintf_i.o)
                0x000000000800d988                _printf_i
 .text._scanf_float
                0x000000000800dbd4      0x420 /opt/st/stm32cubeide_1.6.0/plugins/com.st.stm32cube.ide.mcu.externaltools.gnu-tools-for-stm32.9-2020-q2-update.linux64_1.5.0.202011040924/tools/bin/../lib/gcc/arm-none-eabi/9.3.1/../../../../arm-none-eabi/lib/thumb/v7e-m+fp/hard/libc_nano.a(lib_a-nano-vfscanf_float.o)
                0x000000000800dbd4                _scanf_float
 .text._sbrk_r  0x000000000800dff4       0x20 /opt/st/stm32cubeide_1.6.0/plugins/com.st.stm32cube.ide.mcu.externaltools.gnu-tools-for-stm32.9-2020-q2-update.linux64_1.5.0.202011040924/tools/bin/../lib/gcc/arm-none-eabi/9.3.1/../../../../arm-none-eabi/lib/thumb/v7e-m+fp/hard/libc_nano.a(lib_a-sbrkr.o)
                0x000000000800dff4                _sbrk_r
 .text.setvbuf  0x000000000800e014      0x18c /opt/st/stm32cubeide_1.6.0/plugins/com.st.stm32cube.ide.mcu.externaltools.gnu-tools-for-stm32.9-2020-q2-update.linux64_1.5.0.202011040924/tools/bin/../lib/gcc/arm-none-eabi/9.3.1/../../../../arm-none-eabi/lib/thumb/v7e-m+fp/hard/libc_nano.a(lib_a-setvbuf.o)
                0x000000000800e014                setvbuf
 .text.nanf     0x000000000800e1a0        0xc /opt/st/stm32cubeide_1.6.0/plugins/com.st.stm32cube.ide.mcu.externaltools.gnu-tools-for-stm32.9-2020-q2-update.linux64_1.5.0.202011040924/tools/bin/../lib/gcc/arm-none-eabi/9.3.1/../../../../arm-none-eabi/lib/thumb/v7e-m+fp/hard/libc_nano.a(lib_a-sf_nan.o)
                0x000000000800e1a0                nanf
 .text.sprintf  0x000000000800e1ac       0x40 /opt/st/stm32cubeide_1.6.0/plugins/com.st.stm32cube.ide.mcu.externaltools.gnu-tools-for-stm32.9-2020-q2-update.linux64_1.5.0.202011040924/tools/bin/../lib/gcc/arm-none-eabi/9.3.1/../../../../arm-none-eabi/lib/thumb/v7e-m+fp/hard/libc_nano.a(lib_a-sprintf.o)
                0x000000000800e1ac                sprintf
                0x000000000800e1ac                siprintf
 .text.strcat   0x000000000800e1ec       0x1e /opt/st/stm32cubeide_1.6.0/plugins/com.st.stm32cube.ide.mcu.externaltools.gnu-tools-for-stm32.9-2020-q2-update.linux64_1.5.0.202011040924/tools/bin/../lib/gcc/arm-none-eabi/9.3.1/../../../../arm-none-eabi/lib/thumb/v7e-m+fp/hard/libc_nano.a(lib_a-strcat.o)
                0x000000000800e1ec                strcat
 .text.sulp     0x000000000800e20a       0x38 /opt/st/stm32cubeide_1.6.0/plugins/com.st.stm32cube.ide.mcu.externaltools.gnu-tools-for-stm32.9-2020-q2-update.linux64_1.5.0.202011040924/tools/bin/../lib/gcc/arm-none-eabi/9.3.1/../../../../arm-none-eabi/lib/thumb/v7e-m+fp/hard/libc_nano.a(lib_a-strtod.o)
 *fill*         0x000000000800e242        0x6 
 .text._strtod_l
                0x000000000800e248      0xc14 /opt/st/stm32cubeide_1.6.0/plugins/com.st.stm32cube.ide.mcu.externaltools.gnu-tools-for-stm32.9-2020-q2-update.linux64_1.5.0.202011040924/tools/bin/../lib/gcc/arm-none-eabi/9.3.1/../../../../arm-none-eabi/lib/thumb/v7e-m+fp/hard/libc_nano.a(lib_a-strtod.o)
                0x000000000800e248                _strtod_l
 .text._strtod_r
                0x000000000800ee5c        0xc /opt/st/stm32cubeide_1.6.0/plugins/com.st.stm32cube.ide.mcu.externaltools.gnu-tools-for-stm32.9-2020-q2-update.linux64_1.5.0.202011040924/tools/bin/../lib/gcc/arm-none-eabi/9.3.1/../../../../arm-none-eabi/lib/thumb/v7e-m+fp/hard/libc_nano.a(lib_a-strtod.o)
                0x000000000800ee5c                _strtod_r
 .text._strtol_l.isra.0
                0x000000000800ee68      0x108 /opt/st/stm32cubeide_1.6.0/plugins/com.st.stm32cube.ide.mcu.externaltools.gnu-tools-for-stm32.9-2020-q2-update.linux64_1.5.0.202011040924/tools/bin/../lib/gcc/arm-none-eabi/9.3.1/../../../../arm-none-eabi/lib/thumb/v7e-m+fp/hard/libc_nano.a(lib_a-strtol.o)
 .text._strtol_r
                0x000000000800ef70        0x4 /opt/st/stm32cubeide_1.6.0/plugins/com.st.stm32cube.ide.mcu.externaltools.gnu-tools-for-stm32.9-2020-q2-update.linux64_1.5.0.202011040924/tools/bin/../lib/gcc/arm-none-eabi/9.3.1/../../../../arm-none-eabi/lib/thumb/v7e-m+fp/hard/libc_nano.a(lib_a-strtol.o)
                0x000000000800ef70                _strtol_r
 .text.__swbuf_r
                0x000000000800ef74       0xa4 /opt/st/stm32cubeide_1.6.0/plugins/com.st.stm32cube.ide.mcu.externaltools.gnu-tools-for-stm32.9-2020-q2-update.linux64_1.5.0.202011040924/tools/bin/../lib/gcc/arm-none-eabi/9.3.1/../../../../arm-none-eabi/lib/thumb/v7e-m+fp/hard/libc_nano.a(lib_a-wbuf.o)
                0x000000000800ef74                __swbuf_r
 .text.__swsetup_r
                0x000000000800f018       0xdc /opt/st/stm32cubeide_1.6.0/plugins/com.st.stm32cube.ide.mcu.externaltools.gnu-tools-for-stm32.9-2020-q2-update.linux64_1.5.0.202011040924/tools/bin/../lib/gcc/arm-none-eabi/9.3.1/../../../../arm-none-eabi/lib/thumb/v7e-m+fp/hard/libc_nano.a(lib_a-wsetup.o)
                0x000000000800f018                __swsetup_r
 .text.quorem   0x000000000800f0f4      0x116 /opt/st/stm32cubeide_1.6.0/plugins/com.st.stm32cube.ide.mcu.externaltools.gnu-tools-for-stm32.9-2020-q2-update.linux64_1.5.0.202011040924/tools/bin/../lib/gcc/arm-none-eabi/9.3.1/../../../../arm-none-eabi/lib/thumb/v7e-m+fp/hard/libc_nano.a(lib_a-dtoa.o)
 *fill*         0x000000000800f20a        0x6 
 .text._dtoa_r  0x000000000800f210      0xbd8 /opt/st/stm32cubeide_1.6.0/plugins/com.st.stm32cube.ide.mcu.externaltools.gnu-tools-for-stm32.9-2020-q2-update.linux64_1.5.0.202011040924/tools/bin/../lib/gcc/arm-none-eabi/9.3.1/../../../../arm-none-eabi/lib/thumb/v7e-m+fp/hard/libc_nano.a(lib_a-dtoa.o)
                0x000000000800f210                _dtoa_r
 .text.__sflush_r
                0x000000000800fde8      0x10c /opt/st/stm32cubeide_1.6.0/plugins/com.st.stm32cube.ide.mcu.externaltools.gnu-tools-for-stm32.9-2020-q2-update.linux64_1.5.0.202011040924/tools/bin/../lib/gcc/arm-none-eabi/9.3.1/../../../../arm-none-eabi/lib/thumb/v7e-m+fp/hard/libc_nano.a(lib_a-fflush.o)
                0x000000000800fde8                __sflush_r
 .text._fflush_r
                0x000000000800fef4       0x78 /opt/st/stm32cubeide_1.6.0/plugins/com.st.stm32cube.ide.mcu.externaltools.gnu-tools-for-stm32.9-2020-q2-update.linux64_1.5.0.202011040924/tools/bin/../lib/gcc/arm-none-eabi/9.3.1/../../../../arm-none-eabi/lib/thumb/v7e-m+fp/hard/libc_nano.a(lib_a-fflush.o)
                0x000000000800fef4                _fflush_r
 .text.std      0x000000000800ff6c       0x48 /opt/st/stm32cubeide_1.6.0/plugins/com.st.stm32cube.ide.mcu.externaltools.gnu-tools-for-stm32.9-2020-q2-update.linux64_1.5.0.202011040924/tools/bin/../lib/gcc/arm-none-eabi/9.3.1/../../../../arm-none-eabi/lib/thumb/v7e-m+fp/hard/libc_nano.a(lib_a-findfp.o)
 .text._cleanup_r
                0x000000000800ffb4        0xc /opt/st/stm32cubeide_1.6.0/plugins/com.st.stm32cube.ide.mcu.externaltools.gnu-tools-for-stm32.9-2020-q2-update.linux64_1.5.0.202011040924/tools/bin/../lib/gcc/arm-none-eabi/9.3.1/../../../../arm-none-eabi/lib/thumb/v7e-m+fp/hard/libc_nano.a(lib_a-findfp.o)
                0x000000000800ffb4                _cleanup_r
 .text.__sfmoreglue
                0x000000000800ffc0       0x2c /opt/st/stm32cubeide_1.6.0/plugins/com.st.stm32cube.ide.mcu.externaltools.gnu-tools-for-stm32.9-2020-q2-update.linux64_1.5.0.202011040924/tools/bin/../lib/gcc/arm-none-eabi/9.3.1/../../../../arm-none-eabi/lib/thumb/v7e-m+fp/hard/libc_nano.a(lib_a-findfp.o)
                0x000000000800ffc0                __sfmoreglue
 .text.__sfp_lock_acquire
                0x000000000800ffec        0xc /opt/st/stm32cubeide_1.6.0/plugins/com.st.stm32cube.ide.mcu.externaltools.gnu-tools-for-stm32.9-2020-q2-update.linux64_1.5.0.202011040924/tools/bin/../lib/gcc/arm-none-eabi/9.3.1/../../../../arm-none-eabi/lib/thumb/v7e-m+fp/hard/libc_nano.a(lib_a-findfp.o)
                0x000000000800ffec                __sfp_lock_acquire
 .text.__sfp_lock_release
                0x000000000800fff8        0xc /opt/st/stm32cubeide_1.6.0/plugins/com.st.stm32cube.ide.mcu.externaltools.gnu-tools-for-stm32.9-2020-q2-update.linux64_1.5.0.202011040924/tools/bin/../lib/gcc/arm-none-eabi/9.3.1/../../../../arm-none-eabi/lib/thumb/v7e-m+fp/hard/libc_nano.a(lib_a-findfp.o)
                0x000000000800fff8                __sfp_lock_release
 .text.__sinit_lock_acquire
                0x0000000008010004        0xc /opt/st/stm32cubeide_1.6.0/plugins/com.st.stm32cube.ide.mcu.externaltools.gnu-tools-for-stm32.9-2020-q2-update.linux64_1.5.0.202011040924/tools/bin/../lib/gcc/arm-none-eabi/9.3.1/../../../../arm-none-eabi/lib/thumb/v7e-m+fp/hard/libc_nano.a(lib_a-findfp.o)
                0x0000000008010004                __sinit_lock_acquire
 .text.__sinit_lock_release
                0x0000000008010010        0xc /opt/st/stm32cubeide_1.6.0/plugins/com.st.stm32cube.ide.mcu.externaltools.gnu-tools-for-stm32.9-2020-q2-update.linux64_1.5.0.202011040924/tools/bin/../lib/gcc/arm-none-eabi/9.3.1/../../../../arm-none-eabi/lib/thumb/v7e-m+fp/hard/libc_nano.a(lib_a-findfp.o)
                0x0000000008010010                __sinit_lock_release
 .text.__sinit  0x000000000801001c       0x70 /opt/st/stm32cubeide_1.6.0/plugins/com.st.stm32cube.ide.mcu.externaltools.gnu-tools-for-stm32.9-2020-q2-update.linux64_1.5.0.202011040924/tools/bin/../lib/gcc/arm-none-eabi/9.3.1/../../../../arm-none-eabi/lib/thumb/v7e-m+fp/hard/libc_nano.a(lib_a-findfp.o)
                0x000000000801001c                __sinit
 .text.__sfp    0x000000000801008c       0x8c /opt/st/stm32cubeide_1.6.0/plugins/com.st.stm32cube.ide.mcu.externaltools.gnu-tools-for-stm32.9-2020-q2-update.linux64_1.5.0.202011040924/tools/bin/../lib/gcc/arm-none-eabi/9.3.1/../../../../arm-none-eabi/lib/thumb/v7e-m+fp/hard/libc_nano.a(lib_a-findfp.o)
                0x000000000801008c                __sfp
 .text._fwalk_reent
                0x0000000008010118       0x3e /opt/st/stm32cubeide_1.6.0/plugins/com.st.stm32cube.ide.mcu.externaltools.gnu-tools-for-stm32.9-2020-q2-update.linux64_1.5.0.202011040924/tools/bin/../lib/gcc/arm-none-eabi/9.3.1/../../../../arm-none-eabi/lib/thumb/v7e-m+fp/hard/libc_nano.a(lib_a-fwalk.o)
                0x0000000008010118                _fwalk_reent
 .text.rshift   0x0000000008010156       0xa4 /opt/st/stm32cubeide_1.6.0/plugins/com.st.stm32cube.ide.mcu.externaltools.gnu-tools-for-stm32.9-2020-q2-update.linux64_1.5.0.202011040924/tools/bin/../lib/gcc/arm-none-eabi/9.3.1/../../../../arm-none-eabi/lib/thumb/v7e-m+fp/hard/libc_nano.a(lib_a-gdtoa-gethex.o)
 .text.__hexdig_fun
                0x00000000080101fa       0x2a /opt/st/stm32cubeide_1.6.0/plugins/com.st.stm32cube.ide.mcu.externaltools.gnu-tools-for-stm32.9-2020-q2-update.linux64_1.5.0.202011040924/tools/bin/../lib/gcc/arm-none-eabi/9.3.1/../../../../arm-none-eabi/lib/thumb/v7e-m+fp/hard/libc_nano.a(lib_a-gdtoa-gethex.o)
                0x00000000080101fa                __hexdig_fun
 .text.__gethex
                0x0000000008010224      0x48c /opt/st/stm32cubeide_1.6.0/plugins/com.st.stm32cube.ide.mcu.externaltools.gnu-tools-for-stm32.9-2020-q2-update.linux64_1.5.0.202011040924/tools/bin/../lib/gcc/arm-none-eabi/9.3.1/../../../../arm-none-eabi/lib/thumb/v7e-m+fp/hard/libc_nano.a(lib_a-gdtoa-gethex.o)
                0x0000000008010224                __gethex
 .text.L_shift  0x00000000080106b0       0x24 /opt/st/stm32cubeide_1.6.0/plugins/com.st.stm32cube.ide.mcu.externaltools.gnu-tools-for-stm32.9-2020-q2-update.linux64_1.5.0.202011040924/tools/bin/../lib/gcc/arm-none-eabi/9.3.1/../../../../arm-none-eabi/lib/thumb/v7e-m+fp/hard/libc_nano.a(lib_a-gdtoa-hexnan.o)
 .text.__match  0x00000000080106d4       0x28 /opt/st/stm32cubeide_1.6.0/plugins/com.st.stm32cube.ide.mcu.externaltools.gnu-tools-for-stm32.9-2020-q2-update.linux64_1.5.0.202011040924/tools/bin/../lib/gcc/arm-none-eabi/9.3.1/../../../../arm-none-eabi/lib/thumb/v7e-m+fp/hard/libc_nano.a(lib_a-gdtoa-hexnan.o)
                0x00000000080106d4                __match
 .text.__hexnan
                0x00000000080106fc      0x138 /opt/st/stm32cubeide_1.6.0/plugins/com.st.stm32cube.ide.mcu.externaltools.gnu-tools-for-stm32.9-2020-q2-update.linux64_1.5.0.202011040924/tools/bin/../lib/gcc/arm-none-eabi/9.3.1/../../../../arm-none-eabi/lib/thumb/v7e-m+fp/hard/libc_nano.a(lib_a-gdtoa-hexnan.o)
                0x00000000080106fc                __hexnan
 .text._localeconv_r
                0x0000000008010834        0x8 /opt/st/stm32cubeide_1.6.0/plugins/com.st.stm32cube.ide.mcu.externaltools.gnu-tools-for-stm32.9-2020-q2-update.linux64_1.5.0.202011040924/tools/bin/../lib/gcc/arm-none-eabi/9.3.1/../../../../arm-none-eabi/lib/thumb/v7e-m+fp/hard/libc_nano.a(lib_a-localeconv.o)
                0x0000000008010834                _localeconv_r
 .text.__retarget_lock_init_recursive
                0x000000000801083c        0x2 /opt/st/stm32cubeide_1.6.0/plugins/com.st.stm32cube.ide.mcu.externaltools.gnu-tools-for-stm32.9-2020-q2-update.linux64_1.5.0.202011040924/tools/bin/../lib/gcc/arm-none-eabi/9.3.1/../../../../arm-none-eabi/lib/thumb/v7e-m+fp/hard/libc_nano.a(lib_a-lock.o)
                0x000000000801083c                __retarget_lock_init_recursive
 .text.__retarget_lock_acquire_recursive
                0x000000000801083e        0x2 /opt/st/stm32cubeide_1.6.0/plugins/com.st.stm32cube.ide.mcu.externaltools.gnu-tools-for-stm32.9-2020-q2-update.linux64_1.5.0.202011040924/tools/bin/../lib/gcc/arm-none-eabi/9.3.1/../../../../arm-none-eabi/lib/thumb/v7e-m+fp/hard/libc_nano.a(lib_a-lock.o)
                0x000000000801083e                __retarget_lock_acquire_recursive
 .text.__retarget_lock_release_recursive
                0x0000000008010840        0x2 /opt/st/stm32cubeide_1.6.0/plugins/com.st.stm32cube.ide.mcu.externaltools.gnu-tools-for-stm32.9-2020-q2-update.linux64_1.5.0.202011040924/tools/bin/../lib/gcc/arm-none-eabi/9.3.1/../../../../arm-none-eabi/lib/thumb/v7e-m+fp/hard/libc_nano.a(lib_a-lock.o)
                0x0000000008010840                __retarget_lock_release_recursive
 .text.__swhatbuf_r
                0x0000000008010842       0x48 /opt/st/stm32cubeide_1.6.0/plugins/com.st.stm32cube.ide.mcu.externaltools.gnu-tools-for-stm32.9-2020-q2-update.linux64_1.5.0.202011040924/tools/bin/../lib/gcc/arm-none-eabi/9.3.1/../../../../arm-none-eabi/lib/thumb/v7e-m+fp/hard/libc_nano.a(lib_a-makebuf.o)
                0x0000000008010842                __swhatbuf_r
 *fill*         0x000000000801088a        0x2 
 .text.__smakebuf_r
                0x000000000801088c       0x80 /opt/st/stm32cubeide_1.6.0/plugins/com.st.stm32cube.ide.mcu.externaltools.gnu-tools-for-stm32.9-2020-q2-update.linux64_1.5.0.202011040924/tools/bin/../lib/gcc/arm-none-eabi/9.3.1/../../../../arm-none-eabi/lib/thumb/v7e-m+fp/hard/libc_nano.a(lib_a-makebuf.o)
                0x000000000801088c                __smakebuf_r
 .text.__ascii_mbtowc
                0x000000000801090c       0x24 /opt/st/stm32cubeide_1.6.0/plugins/com.st.stm32cube.ide.mcu.externaltools.gnu-tools-for-stm32.9-2020-q2-update.linux64_1.5.0.202011040924/tools/bin/../lib/gcc/arm-none-eabi/9.3.1/../../../../arm-none-eabi/lib/thumb/v7e-m+fp/hard/libc_nano.a(lib_a-mbtowc_r.o)
                0x000000000801090c                __ascii_mbtowc
 .text.__malloc_lock
                0x0000000008010930        0xc /opt/st/stm32cubeide_1.6.0/plugins/com.st.stm32cube.ide.mcu.externaltools.gnu-tools-for-stm32.9-2020-q2-update.linux64_1.5.0.202011040924/tools/bin/../lib/gcc/arm-none-eabi/9.3.1/../../../../arm-none-eabi/lib/thumb/v7e-m+fp/hard/libc_nano.a(lib_a-mlock.o)
                0x0000000008010930                __malloc_lock
 .text.__malloc_unlock
                0x000000000801093c        0xc /opt/st/stm32cubeide_1.6.0/plugins/com.st.stm32cube.ide.mcu.externaltools.gnu-tools-for-stm32.9-2020-q2-update.linux64_1.5.0.202011040924/tools/bin/../lib/gcc/arm-none-eabi/9.3.1/../../../../arm-none-eabi/lib/thumb/v7e-m+fp/hard/libc_nano.a(lib_a-mlock.o)
                0x000000000801093c                __malloc_unlock
 .text._Balloc  0x0000000008010948       0x80 /opt/st/stm32cubeide_1.6.0/plugins/com.st.stm32cube.ide.mcu.externaltools.gnu-tools-for-stm32.9-2020-q2-update.linux64_1.5.0.202011040924/tools/bin/../lib/gcc/arm-none-eabi/9.3.1/../../../../arm-none-eabi/lib/thumb/v7e-m+fp/hard/libc_nano.a(lib_a-mprec.o)
                0x0000000008010948                _Balloc
 .text._Bfree   0x00000000080109c8       0x44 /opt/st/stm32cubeide_1.6.0/plugins/com.st.stm32cube.ide.mcu.externaltools.gnu-tools-for-stm32.9-2020-q2-update.linux64_1.5.0.202011040924/tools/bin/../lib/gcc/arm-none-eabi/9.3.1/../../../../arm-none-eabi/lib/thumb/v7e-m+fp/hard/libc_nano.a(lib_a-mprec.o)
                0x00000000080109c8                _Bfree
 .text.__multadd
                0x0000000008010a0c       0x94 /opt/st/stm32cubeide_1.6.0/plugins/com.st.stm32cube.ide.mcu.externaltools.gnu-tools-for-stm32.9-2020-q2-update.linux64_1.5.0.202011040924/tools/bin/../lib/gcc/arm-none-eabi/9.3.1/../../../../arm-none-eabi/lib/thumb/v7e-m+fp/hard/libc_nano.a(lib_a-mprec.o)
                0x0000000008010a0c                __multadd
 .text.__s2b    0x0000000008010aa0       0x94 /opt/st/stm32cubeide_1.6.0/plugins/com.st.stm32cube.ide.mcu.externaltools.gnu-tools-for-stm32.9-2020-q2-update.linux64_1.5.0.202011040924/tools/bin/../lib/gcc/arm-none-eabi/9.3.1/../../../../arm-none-eabi/lib/thumb/v7e-m+fp/hard/libc_nano.a(lib_a-mprec.o)
                0x0000000008010aa0                __s2b
 .text.__hi0bits
                0x0000000008010b34       0x40 /opt/st/stm32cubeide_1.6.0/plugins/com.st.stm32cube.ide.mcu.externaltools.gnu-tools-for-stm32.9-2020-q2-update.linux64_1.5.0.202011040924/tools/bin/../lib/gcc/arm-none-eabi/9.3.1/../../../../arm-none-eabi/lib/thumb/v7e-m+fp/hard/libc_nano.a(lib_a-mprec.o)
                0x0000000008010b34                __hi0bits
 .text.__lo0bits
                0x0000000008010b74       0x60 /opt/st/stm32cubeide_1.6.0/plugins/com.st.stm32cube.ide.mcu.externaltools.gnu-tools-for-stm32.9-2020-q2-update.linux64_1.5.0.202011040924/tools/bin/../lib/gcc/arm-none-eabi/9.3.1/../../../../arm-none-eabi/lib/thumb/v7e-m+fp/hard/libc_nano.a(lib_a-mprec.o)
                0x0000000008010b74                __lo0bits
 .text.__i2b    0x0000000008010bd4       0x2c /opt/st/stm32cubeide_1.6.0/plugins/com.st.stm32cube.ide.mcu.externaltools.gnu-tools-for-stm32.9-2020-q2-update.linux64_1.5.0.202011040924/tools/bin/../lib/gcc/arm-none-eabi/9.3.1/../../../../arm-none-eabi/lib/thumb/v7e-m+fp/hard/libc_nano.a(lib_a-mprec.o)
                0x0000000008010bd4                __i2b
 .text.__multiply
                0x0000000008010c00      0x14c /opt/st/stm32cubeide_1.6.0/plugins/com.st.stm32cube.ide.mcu.externaltools.gnu-tools-for-stm32.9-2020-q2-update.linux64_1.5.0.202011040924/tools/bin/../lib/gcc/arm-none-eabi/9.3.1/../../../../arm-none-eabi/lib/thumb/v7e-m+fp/hard/libc_nano.a(lib_a-mprec.o)
                0x0000000008010c00                __multiply
 .text.__pow5mult
                0x0000000008010d4c       0xb4 /opt/st/stm32cubeide_1.6.0/plugins/com.st.stm32cube.ide.mcu.externaltools.gnu-tools-for-stm32.9-2020-q2-update.linux64_1.5.0.202011040924/tools/bin/../lib/gcc/arm-none-eabi/9.3.1/../../../../arm-none-eabi/lib/thumb/v7e-m+fp/hard/libc_nano.a(lib_a-mprec.o)
                0x0000000008010d4c                __pow5mult
 .text.__lshift
                0x0000000008010e00       0xd8 /opt/st/stm32cubeide_1.6.0/plugins/com.st.stm32cube.ide.mcu.externaltools.gnu-tools-for-stm32.9-2020-q2-update.linux64_1.5.0.202011040924/tools/bin/../lib/gcc/arm-none-eabi/9.3.1/../../../../arm-none-eabi/lib/thumb/v7e-m+fp/hard/libc_nano.a(lib_a-mprec.o)
                0x0000000008010e00                __lshift
 .text.__mcmp   0x0000000008010ed8       0x38 /opt/st/stm32cubeide_1.6.0/plugins/com.st.stm32cube.ide.mcu.externaltools.gnu-tools-for-stm32.9-2020-q2-update.linux64_1.5.0.202011040924/tools/bin/../lib/gcc/arm-none-eabi/9.3.1/../../../../arm-none-eabi/lib/thumb/v7e-m+fp/hard/libc_nano.a(lib_a-mprec.o)
                0x0000000008010ed8                __mcmp
 .text.__mdiff  0x0000000008010f10      0x110 /opt/st/stm32cubeide_1.6.0/plugins/com.st.stm32cube.ide.mcu.externaltools.gnu-tools-for-stm32.9-2020-q2-update.linux64_1.5.0.202011040924/tools/bin/../lib/gcc/arm-none-eabi/9.3.1/../../../../arm-none-eabi/lib/thumb/v7e-m+fp/hard/libc_nano.a(lib_a-mprec.o)
                0x0000000008010f10                __mdiff
 .text.__ulp    0x0000000008011020       0x58 /opt/st/stm32cubeide_1.6.0/plugins/com.st.stm32cube.ide.mcu.externaltools.gnu-tools-for-stm32.9-2020-q2-update.linux64_1.5.0.202011040924/tools/bin/../lib/gcc/arm-none-eabi/9.3.1/../../../../arm-none-eabi/lib/thumb/v7e-m+fp/hard/libc_nano.a(lib_a-mprec.o)
                0x0000000008011020                __ulp
 .text.__b2d    0x0000000008011078       0xa0 /opt/st/stm32cubeide_1.6.0/plugins/com.st.stm32cube.ide.mcu.externaltools.gnu-tools-for-stm32.9-2020-q2-update.linux64_1.5.0.202011040924/tools/bin/../lib/gcc/arm-none-eabi/9.3.1/../../../../arm-none-eabi/lib/thumb/v7e-m+fp/hard/libc_nano.a(lib_a-mprec.o)
                0x0000000008011078                __b2d
 .text.__d2b    0x0000000008011118       0xb8 /opt/st/stm32cubeide_1.6.0/plugins/com.st.stm32cube.ide.mcu.externaltools.gnu-tools-for-stm32.9-2020-q2-update.linux64_1.5.0.202011040924/tools/bin/../lib/gcc/arm-none-eabi/9.3.1/../../../../arm-none-eabi/lib/thumb/v7e-m+fp/hard/libc_nano.a(lib_a-mprec.o)
                0x0000000008011118                __d2b
 .text.__ratio  0x00000000080111d0       0x66 /opt/st/stm32cubeide_1.6.0/plugins/com.st.stm32cube.ide.mcu.externaltools.gnu-tools-for-stm32.9-2020-q2-update.linux64_1.5.0.202011040924/tools/bin/../lib/gcc/arm-none-eabi/9.3.1/../../../../arm-none-eabi/lib/thumb/v7e-m+fp/hard/libc_nano.a(lib_a-mprec.o)
                0x00000000080111d0                __ratio