differential_drive.c:25:6:DIFFDRIVE_Init	56	static
differential_drive.c:134:6:DIFFDRIVE_DeInit	24	static
differential_drive.c:158:6:DIFFDRIVE_MOTOR_Stop	16	static
differential_drive.c:166:6:DIFFDRIVE_MOTOR_SetPWMs	40	static
differential_drive.c:223:25:DIFFDRIVE_ENCODER_CaptureMeasure	32	static
differential_drive.c:252:6:DIFFDRIVE_ENCODER_Reset	16	static
differential_drive.c:265:6:DIFFDRIVE_HISTORY_Start	4	static
differential_drive.c:274:6:DIFFDRIVE_HISTORY_Stop	4	static
differential_drive.c:283:6:DIFFDRIVE_HISTORY_Update	120	static
differential_drive.c:362:6:DIFFDRIVE_HISTORY_Get_Init	16	static
differential_drive.c:375:6:DIFFDRIVE_HISTORY_Get_Sample	32	static
differential_drive.c:390:6:DIFFDRIVE_CONTROL_Start	8	static
differential_drive.c:404:6:DIFFDRIVE_CONTROL_Stop	8	static
differential_drive.c:415:6:DIFFDRIVE_CONTROL_Reset	24	static
differential_drive.c:439:6:DIFFDRIVE_TIMING_Start	8	static
differential_drive.c:447:6:DIFFDRIVE_TIMING_Stop	8	static
differential_drive.c:455:6:DIFFDRIVE_TIMING_Wait	4	static,ignoring_inline_asm
differential_drive.c:467:6:DIFFDRIVE_STATE_Update	56	static
differential_drive.c:490:6:DIFFDRIVE_DeltaTrajectory2WheelAngle	32	static
differential_drive.c:504:6:DIFFDRIVE_DeltaWheel2DeltaTrajectory	32	static
differential_drive.c:520:6:DIFFDRIVE_CONTROL_WheelStep	56	static
differential_drive.c:568:6:DIFFDRIVE_TrackingStart	8	static
differential_drive.c:579:6:DIFFDRIVE_TrackingStop	8	static
differential_drive.c:587:6:DIFFDRIVE_TrackingStep	32	static
differential_drive.c:609:6:DIFFDRIVE_TrackingArray	32	static
differential_drive.c:618:6:DIFFDRIVE_InputArray	32	static
differential_drive.c:655:6:DIFFDRIVE_TIMING_Callback	16	static
