main.c:162:5:main	24	static
main.c:293:6:SystemClock_Config	88	static
main.c:339:13:MX_TIM1_Init	96	static
main.c:426:13:MX_TIM2_Init	56	static
main.c:475:13:MX_TIM3_Init	32	static
main.c:520:13:MX_TIM5_Init	56	static
main.c:569:13:MX_TIM7_Init	16	static
main.c:607:13:MX_TIM8_Init	96	static
main.c:682:13:MX_TIM12_Init	40	static
main.c:733:13:MX_USART3_UART_Init	8	static
main.c:764:13:MX_DMA_Init	16	static
main.c:782:13:MX_GPIO_Init	48	static
main.c:836:13:MAIN_DIFFDRIVE_Init	48	static
main.c:905:13:MAIN_ULTRASONIC_Init	8	static
main.c:921:13:MAIN_MAF_Init	64	static
main.c:944:13:MAIN_SERVO_Init	8	static
main.c:967:6:StartControlDiffDrive	424	static
main.c:1247:6:StartDistanceSensor	216	static
main.c:1452:6:StartInfraredSensor	24	static
main.c:1479:6:SerialCommunication	312	static
main.c:1533:6:HAL_TIM_PeriodElapsedCallback	16	static
main.c:1550:6:Error_Handler	4	static,ignoring_inline_asm
