stm32f4xx_it.c:76:6:NMI_Handler	4	static
stm32f4xx_it.c:91:6:HardFault_Handler	16	static
stm32f4xx_it.c:109:6:MemManage_Handler	4	static
stm32f4xx_it.c:124:6:BusFault_Handler	4	static
stm32f4xx_it.c:139:6:UsageFault_Handler	4	static
stm32f4xx_it.c:154:6:DebugMon_Handler	4	static
stm32f4xx_it.c:174:6:DMA1_Stream3_IRQHandler	8	static
stm32f4xx_it.c:188:6:TIM3_IRQHandler	8	static
stm32f4xx_it.c:202:6:USART3_IRQHandler	8	static
stm32f4xx_it.c:216:6:TIM8_BRK_TIM12_IRQHandler	8	static
stm32f4xx_it.c:231:6:TIM6_DAC_IRQHandler	8	static
