differential_drive.c:33:6:DIFFDRIVE_Init	56	static
differential_drive.c:158:6:DIFFDRIVE_DeInit	24	static
differential_drive.c:185:6:DIFFDRIVE_MOTOR_Stop	16	static
differential_drive.c:193:6:DIFFDRIVE_MOTOR_SetPWMs	40	static
differential_drive.c:250:25:DIFFDRIVE_ENCODER_CaptureMeasure	40	static
differential_drive.c:301:6:DIFFDRIVE_ENCODER_Reset	16	static
differential_drive.c:314:6:DIFFDRIVE_HISTORY_Start	4	static
differential_drive.c:323:6:DIFFDRIVE_HISTORY_Resume	4	static
differential_drive.c:331:6:DIFFDRIVE_HISTORY_Stop	4	static
differential_drive.c:339:6:DIFFDRIVE_HISTORY_Suspend	4	static
differential_drive.c:348:6:DIFFDRIVE_HISTORY_Update	104	static
differential_drive.c:437:6:DIFFDRIVE_HISTORY_Get_Init	16	static
differential_drive.c:453:6:DIFFDRIVE_HISTORY_Get_Sample	32	static
differential_drive.c:474:6:DIFFDRIVE_CONTROL_Start	8	static
differential_drive.c:490:6:DIFFDRIVE_CONTROL_Resume	8	static
differential_drive.c:503:6:DIFFDRIVE_CONTROL_Stop	8	static
differential_drive.c:516:6:DIFFDRIVE_CONTROL_Suspend	8	static
differential_drive.c:530:6:DIFFDRIVE_CONTROL_Reset	40	static
differential_drive.c:561:6:DIFFDRIVE_TIMING_Start	8	static
differential_drive.c:574:6:DIFFDRIVE_TIMING_Stop	8	static
differential_drive.c:594:6:DIFFDRIVE_TIMING_Wait	8	static,ignoring_inline_asm
differential_drive.c:638:6:DIFFDRIVE_STATE_Update	64	static
differential_drive.c:681:6:DIFFDRIVE_TrajectorySpeed2WheelAngle	40	static
differential_drive.c:698:6:DIFFDRIVE_WheelSpeed2TrajectorySpeed	32	static
differential_drive.c:713:6:DIFFDRIVE_CONTROL_WheelStep	56	static
differential_drive.c:761:6:DIFFDRIVE_TrackingStart	8	static
differential_drive.c:771:6:DIFFDRIVE_TrackingResume	8	static
differential_drive.c:778:6:DIFFDRIVE_TrackingStop	8	static
differential_drive.c:785:6:DIFFDRIVE_TrackingSuspend	8	static
differential_drive.c:792:6:DIFFDRIVE_TrackingStep	32	static
differential_drive.c:812:6:DIFFDRIVE_TrackingArray	32	static
differential_drive.c:821:6:DIFFDRIVE_InputArray	32	static
differential_drive.c:862:6:DIFFDRIVE_TIMING_PeriodElapsedCallback	16	static
